The target system is: Android - 1 - armv7-a
The host system is: Windows - 10.0.19045 - AMD64
Determining if the C compiler works passed with the following output:
Change Dir: E:/Documents/Desktop/NCNN/ncnn-android-yolov5-fruit/app/.cxx/cmake/debug/armeabi-v7a/CMakeFiles/CMakeTmp

Run Build Command:"C:\Users\Lenovo\AppData\Local\Android\Sdk\cmake\3.10.2.4988404\bin\ninja.exe" "cmTC_31717"
[1/2] Building C object CMakeFiles/cmTC_31717.dir/testCCompiler.c.o
[2/2] Linking C executable cmTC_31717

E:\Documents\Desktop\NCNN\ncnn-android-yolov5-fruit\app\.cxx\cmake\debug\armeabi-v7a\CMakeFiles\CMakeTmp>set http_proxy=http://127.0.0.1:7890 

E:\Documents\Desktop\NCNN\ncnn-android-yolov5-fruit\app\.cxx\cmake\debug\armeabi-v7a\CMakeFiles\CMakeTmp>set https_proxy=http://127.0.0.1:7890 

E:\Documents\Desktop\NCNN\ncnn-android-yolov5-fruit\app\.cxx\cmake\debug\armeabi-v7a\CMakeFiles\CMakeTmp>cls



Detecting C compiler ABI info compiled with the following output:
Change Dir: E:/Documents/Desktop/NCNN/ncnn-android-yolov5-fruit/app/.cxx/cmake/debug/armeabi-v7a/CMakeFiles/CMakeTmp

Run Build Command:"C:\Users\Lenovo\AppData\Local\Android\Sdk\cmake\3.10.2.4988404\bin\ninja.exe" "cmTC_2ef3c"
[1/2] Building C object CMakeFiles/cmTC_2ef3c.dir/CMakeCCompilerABI.c.o
[2/2] Linking C executable cmTC_2ef3c

E:\Documents\Desktop\NCNN\ncnn-android-yolov5-fruit\app\.cxx\cmake\debug\armeabi-v7a\CMakeFiles\CMakeTmp>set http_proxy=http://127.0.0.1:7890 

E:\Documents\Desktop\NCNN\ncnn-android-yolov5-fruit\app\.cxx\cmake\debug\armeabi-v7a\CMakeFiles\CMakeTmp>set https_proxy=http://127.0.0.1:7890 

E:\Documents\Desktop\NCNN\ncnn-android-yolov5-fruit\app\.cxx\cmake\debug\armeabi-v7a\CMakeFiles\CMakeTmp>cls
Android (8490178, based on r450784d) clang version 14.0.6 (https://android.googlesource.com/toolchain/llvm-project 4c603efb0cca074e9238af8b4106c30add4418f6)
Target: armv7-none-linux-android24
Thread model: posix
InstalledDir: C:/Users/Lenovo/AppData/Local/Android/Sdk/ndk/25.1.8937393/toolchains/llvm/prebuilt/windows-x86_64/bin
Found CUDA installation: C:/Program Files/NVIDIA GPU Computing Toolkit/CUDA/v11.1, version 11.1
 "C:/Users/Lenovo/AppData/Local/Android/Sdk/ndk/25.1.8937393/toolchains/llvm/prebuilt/windows-x86_64/bin/ld" --sysroot=C:/Users/Lenovo/AppData/Local/Android/Sdk/ndk/25.1.8937393/toolchains/llvm/prebuilt/windows-x86_64/sysroot -pie -EL --warn-shared-textrel -z now -z relro -z max-page-size=4096 -X --hash-style=gnu --enable-new-dtags --eh-frame-hdr -m armelf_linux_eabi -dynamic-linker /system/bin/linker -o cmTC_2ef3c C:/Users/Lenovo/AppData/Local/Android/Sdk/ndk/25.1.8937393/toolchains/llvm/prebuilt/windows-x86_64/sysroot/usr/lib/arm-linux-androideabi/24/crtbegin_dynamic.o -LC:/Users/Lenovo/AppData/Local/Android/Sdk/ndk/25.1.8937393/toolchains/llvm/prebuilt/windows-x86_64/lib64/clang/14.0.6/lib/linux/arm -LC:/Users/Lenovo/AppData/Local/Android/Sdk/ndk/25.1.8937393/toolchains/llvm/prebuilt/windows-x86_64/sysroot/usr/lib/arm-linux-androideabi/24 -LC:/Users/Lenovo/AppData/Local/Android/Sdk/ndk/25.1.8937393/toolchains/llvm/prebuilt/windows-x86_64/sysroot/usr/lib/arm-linux-androideabi -LC:/Users/Lenovo/AppData/Local/Android/Sdk/ndk/25.1.8937393/toolchains/llvm/prebuilt/windows-x86_64/sysroot/usr/lib/../lib -LC:/Users/Lenovo/AppData/Local/Android/Sdk/ndk/25.1.8937393/toolchains/llvm/prebuilt/windows-x86_64/sysroot/usr/lib --build-id=sha1 --no-rosegment --fatal-warnings --gc-sections --no-undefined --gc-sections CMakeFiles/cmTC_2ef3c.dir/CMakeCCompilerABI.c.o C:/Users/Lenovo/AppData/Local/Android/Sdk/ndk/25.1.8937393/toolchains/llvm/prebuilt/windows-x86_64/lib64/clang/14.0.6/lib/linux/libclang_rt.builtins-arm-android.a -l:libunwind.a -ldl -lc C:/Users/Lenovo/AppData/Local/Android/Sdk/ndk/25.1.8937393/toolchains/llvm/prebuilt/windows-x86_64/lib64/clang/14.0.6/lib/linux/libclang_rt.builtins-arm-android.a -l:libunwind.a -ldl C:/Users/Lenovo/AppData/Local/Android/Sdk/ndk/25.1.8937393/toolchains/llvm/prebuilt/windows-x86_64/sysroot/usr/lib/arm-linux-androideabi/24/crtend_android.o


Parsed C implicit link information from above output:
  link line regex: [^( *|.*[/\])(CMAKE_LINKER-NOTFOUND|CMAKE_LINK_STARTFILE-NOTFOUND|([^/\]+-)?ld|collect2)[^/\]*( |$)]
  ignore line: [Change Dir: E:/Documents/Desktop/NCNN/ncnn-android-yolov5-fruit/app/.cxx/cmake/debug/armeabi-v7a/CMakeFiles/CMakeTmp]
  ignore line: []
  ignore line: [Run Build Command:"C:\Users\Lenovo\AppData\Local\Android\Sdk\cmake\3.10.2.4988404\bin\ninja.exe" "cmTC_2ef3c"]
  ignore line: [[1/2] Building C object CMakeFiles/cmTC_2ef3c.dir/CMakeCCompilerABI.c.o]
  ignore line: [[2/2] Linking C executable cmTC_2ef3c]
  ignore line: []
  ignore line: [E:\Documents\Desktop\NCNN\ncnn-android-yolov5-fruit\app\.cxx\cmake\debug\armeabi-v7a\CMakeFiles\CMakeTmp>set http_proxy=http://127.0.0.1:7890 ]
  ignore line: []
  ignore line: [E:\Documents\Desktop\NCNN\ncnn-android-yolov5-fruit\app\.cxx\cmake\debug\armeabi-v7a\CMakeFiles\CMakeTmp>set https_proxy=http://127.0.0.1:7890 ]
  ignore line: []
  ignore line: [E:\Documents\Desktop\NCNN\ncnn-android-yolov5-fruit\app\.cxx\cmake\debug\armeabi-v7a\CMakeFiles\CMakeTmp>cls]
  ignore line: [Android (8490178, based on r450784d) clang version 14.0.6 (https://android.googlesource.com/toolchain/llvm-project 4c603efb0cca074e9238af8b4106c30add4418f6)]
  ignore line: [Target: armv7-none-linux-android24]
  ignore line: [Thread model: posix]
  ignore line: [InstalledDir: C:/Users/Lenovo/AppData/Local/Android/Sdk/ndk/25.1.8937393/toolchains/llvm/prebuilt/windows-x86_64/bin]
  ignore line: [Found CUDA installation: C:/Program Files/NVIDIA GPU Computing Toolkit/CUDA/v11.1, version 11.1]
  link line: [ "C:/Users/Lenovo/AppData/Local/Android/Sdk/ndk/25.1.8937393/toolchains/llvm/prebuilt/windows-x86_64/bin/ld" --sysroot=C:/Users/Lenovo/AppData/Local/Android/Sdk/ndk/25.1.8937393/toolchains/llvm/prebuilt/windows-x86_64/sysroot -pie -EL --warn-shared-textrel -z now -z relro -z max-page-size=4096 -X --hash-style=gnu --enable-new-dtags --eh-frame-hdr -m armelf_linux_eabi -dynamic-linker /system/bin/linker -o cmTC_2ef3c C:/Users/Lenovo/AppData/Local/Android/Sdk/ndk/25.1.8937393/toolchains/llvm/prebuilt/windows-x86_64/sysroot/usr/lib/arm-linux-androideabi/24/crtbegin_dynamic.o -LC:/Users/Lenovo/AppData/Local/Android/Sdk/ndk/25.1.8937393/toolchains/llvm/prebuilt/windows-x86_64/lib64/clang/14.0.6/lib/linux/arm -LC:/Users/Lenovo/AppData/Local/Android/Sdk/ndk/25.1.8937393/toolchains/llvm/prebuilt/windows-x86_64/sysroot/usr/lib/arm-linux-androideabi/24 -LC:/Users/Lenovo/AppData/Local/Android/Sdk/ndk/25.1.8937393/toolchains/llvm/prebuilt/windows-x86_64/sysroot/usr/lib/arm-linux-androideabi -LC:/Users/Lenovo/AppData/Local/Android/Sdk/ndk/25.1.8937393/toolchains/llvm/prebuilt/windows-x86_64/sysroot/usr/lib/../lib -LC:/Users/Lenovo/AppData/Local/Android/Sdk/ndk/25.1.8937393/toolchains/llvm/prebuilt/windows-x86_64/sysroot/usr/lib --build-id=sha1 --no-rosegment --fatal-warnings --gc-sections --no-undefined --gc-sections CMakeFiles/cmTC_2ef3c.dir/CMakeCCompilerABI.c.o C:/Users/Lenovo/AppData/Local/Android/Sdk/ndk/25.1.8937393/toolchains/llvm/prebuilt/windows-x86_64/lib64/clang/14.0.6/lib/linux/libclang_rt.builtins-arm-android.a -l:libunwind.a -ldl -lc C:/Users/Lenovo/AppData/Local/Android/Sdk/ndk/25.1.8937393/toolchains/llvm/prebuilt/windows-x86_64/lib64/clang/14.0.6/lib/linux/libclang_rt.builtins-arm-android.a -l:libunwind.a -ldl C:/Users/Lenovo/AppData/Local/Android/Sdk/ndk/25.1.8937393/toolchains/llvm/prebuilt/windows-x86_64/sysroot/usr/lib/arm-linux-androideabi/24/crtend_android.o]
    arg [C:/Users/Lenovo/AppData/Local/Android/Sdk/ndk/25.1.8937393/toolchains/llvm/prebuilt/windows-x86_64/bin/ld] ==> ignore
    arg [--sysroot=C:/Users/Lenovo/AppData/Local/Android/Sdk/ndk/25.1.8937393/toolchains/llvm/prebuilt/windows-x86_64/sysroot] ==> ignore
    arg [-pie] ==> ignore
    arg [-EL] ==> ignore
    arg [--warn-shared-textrel] ==> ignore
    arg [-znow] ==> ignore
    arg [-zrelro] ==> ignore
    arg [-zmax-page-size=4096] ==> ignore
    arg [-X] ==> ignore
    arg [--hash-style=gnu] ==> ignore
    arg [--enable-new-dtags] ==> ignore
    arg [--eh-frame-hdr] ==> ignore
    arg [-m] ==> ignore
    arg [armelf_linux_eabi] ==> ignore
    arg [-dynamic-linker] ==> ignore
    arg [/system/bin/linker] ==> ignore
    arg [-o] ==> ignore
    arg [cmTC_2ef3c] ==> ignore
    arg [C:/Users/Lenovo/AppData/Local/Android/Sdk/ndk/25.1.8937393/toolchains/llvm/prebuilt/windows-x86_64/sysroot/usr/lib/arm-linux-androideabi/24/crtbegin_dynamic.o] ==> ignore
    arg [-LC:/Users/Lenovo/AppData/Local/Android/Sdk/ndk/25.1.8937393/toolchains/llvm/prebuilt/windows-x86_64/lib64/clang/14.0.6/lib/linux/arm] ==> dir [C:/Users/Lenovo/AppData/Local/Android/Sdk/ndk/25.1.8937393/toolchains/llvm/prebuilt/windows-x86_64/lib64/clang/14.0.6/lib/linux/arm]
    arg [-LC:/Users/Lenovo/AppData/Local/Android/Sdk/ndk/25.1.8937393/toolchains/llvm/prebuilt/windows-x86_64/sysroot/usr/lib/arm-linux-androideabi/24] ==> dir [C:/Users/Lenovo/AppData/Local/Android/Sdk/ndk/25.1.8937393/toolchains/llvm/prebuilt/windows-x86_64/sysroot/usr/lib/arm-linux-androideabi/24]
    arg [-LC:/Users/Lenovo/AppData/Local/Android/Sdk/ndk/25.1.8937393/toolchains/llvm/prebuilt/windows-x86_64/sysroot/usr/lib/arm-linux-androideabi] ==> dir [C:/Users/Lenovo/AppData/Local/Android/Sdk/ndk/25.1.8937393/toolchains/llvm/prebuilt/windows-x86_64/sysroot/usr/lib/arm-linux-androideabi]
    arg [-LC:/Users/Lenovo/AppData/Local/Android/Sdk/ndk/25.1.8937393/toolchains/llvm/prebuilt/windows-x86_64/sysroot/usr/lib/../lib] ==> dir [C:/Users/Lenovo/AppData/Local/Android/Sdk/ndk/25.1.8937393/toolchains/llvm/prebuilt/windows-x86_64/sysroot/usr/lib/../lib]
    arg [-LC:/Users/Lenovo/AppData/Local/Android/Sdk/ndk/25.1.8937393/toolchains/llvm/prebuilt/windows-x86_64/sysroot/usr/lib] ==> dir [C:/Users/Lenovo/AppData/Local/Android/Sdk/ndk/25.1.8937393/toolchains/llvm/prebuilt/windows-x86_64/sysroot/usr/lib]
    arg [--build-id=sha1] ==> ignore
    arg [--no-rosegment] ==> ignore
    arg [--fatal-warnings] ==> ignore
    arg [--gc-sections] ==> ignore
    arg [--no-undefined] ==> ignore
    arg [--gc-sections] ==> ignore
    arg [CMakeFiles/cmTC_2ef3c.dir/CMakeCCompilerABI.c.o] ==> ignore
    arg [C:/Users/Lenovo/AppData/Local/Android/Sdk/ndk/25.1.8937393/toolchains/llvm/prebuilt/windows-x86_64/lib64/clang/14.0.6/lib/linux/libclang_rt.builtins-arm-android.a] ==> lib [C:/Users/Lenovo/AppData/Local/Android/Sdk/ndk/25.1.8937393/toolchains/llvm/prebuilt/windows-x86_64/lib64/clang/14.0.6/lib/linux/libclang_rt.builtins-arm-android.a]
    arg [-l:libunwind.a] ==> lib [-l:libunwind.a]
    arg [-ldl] ==> lib [dl]
    arg [-lc] ==> lib [c]
    arg [C:/Users/Lenovo/AppData/Local/Android/Sdk/ndk/25.1.8937393/toolchains/llvm/prebuilt/windows-x86_64/lib64/clang/14.0.6/lib/linux/libclang_rt.builtins-arm-android.a] ==> lib [C:/Users/Lenovo/AppData/Local/Android/Sdk/ndk/25.1.8937393/toolchains/llvm/prebuilt/windows-x86_64/lib64/clang/14.0.6/lib/linux/libclang_rt.builtins-arm-android.a]
    arg [-l:libunwind.a] ==> lib [-l:libunwind.a]
    arg [-ldl] ==> lib [dl]
    arg [C:/Users/Lenovo/AppData/Local/Android/Sdk/ndk/25.1.8937393/toolchains/llvm/prebuilt/windows-x86_64/sysroot/usr/lib/arm-linux-androideabi/24/crtend_android.o] ==> ignore
  remove lib [C:/Users/Lenovo/AppData/Local/Android/Sdk/ndk/25.1.8937393/toolchains/llvm/prebuilt/windows-x86_64/lib64/clang/14.0.6/lib/linux/libclang_rt.builtins-arm-android.a]
  remove lib [C:/Users/Lenovo/AppData/Local/Android/Sdk/ndk/25.1.8937393/toolchains/llvm/prebuilt/windows-x86_64/lib64/clang/14.0.6/lib/linux/libclang_rt.builtins-arm-android.a]
  collapse library dir [C:/Users/Lenovo/AppData/Local/Android/Sdk/ndk/25.1.8937393/toolchains/llvm/prebuilt/windows-x86_64/lib64/clang/14.0.6/lib/linux/arm] ==> [C:/Users/Lenovo/AppData/Local/Android/Sdk/ndk/25.1.8937393/toolchains/llvm/prebuilt/windows-x86_64/lib64/clang/14.0.6/lib/linux/arm]
  collapse library dir [C:/Users/Lenovo/AppData/Local/Android/Sdk/ndk/25.1.8937393/toolchains/llvm/prebuilt/windows-x86_64/sysroot/usr/lib/arm-linux-androideabi/24] ==> [C:/Users/Lenovo/AppData/Local/Android/Sdk/ndk/25.1.8937393/toolchains/llvm/prebuilt/windows-x86_64/sysroot/usr/lib/arm-linux-androideabi/24]
  collapse library dir [C:/Users/Lenovo/AppData/Local/Android/Sdk/ndk/25.1.8937393/toolchains/llvm/prebuilt/windows-x86_64/sysroot/usr/lib/arm-linux-androideabi] ==> [C:/Users/Lenovo/AppData/Local/Android/Sdk/ndk/25.1.8937393/toolchains/llvm/prebuilt/windows-x86_64/sysroot/usr/lib/arm-linux-androideabi]
  collapse library dir [C:/Users/Lenovo/AppData/Local/Android/Sdk/ndk/25.1.8937393/toolchains/llvm/prebuilt/windows-x86_64/sysroot/usr/lib/../lib] ==> [C:/Users/Lenovo/AppData/Local/Android/Sdk/ndk/25.1.8937393/toolchains/llvm/prebuilt/windows-x86_64/sysroot/usr/lib]
  collapse library dir [C:/Users/Lenovo/AppData/Local/Android/Sdk/ndk/25.1.8937393/toolchains/llvm/prebuilt/windows-x86_64/sysroot/usr/lib] ==> [C:/Users/Lenovo/AppData/Local/Android/Sdk/ndk/25.1.8937393/toolchains/llvm/prebuilt/windows-x86_64/sysroot/usr/lib]
  implicit libs: [-l:libunwind.a;dl;c;-l:libunwind.a;dl]
  implicit dirs: [C:/Users/Lenovo/AppData/Local/Android/Sdk/ndk/25.1.8937393/toolchains/llvm/prebuilt/windows-x86_64/lib64/clang/14.0.6/lib/linux/arm;C:/Users/Lenovo/AppData/Local/Android/Sdk/ndk/25.1.8937393/toolchains/llvm/prebuilt/windows-x86_64/sysroot/usr/lib/arm-linux-androideabi/24;C:/Users/Lenovo/AppData/Local/Android/Sdk/ndk/25.1.8937393/toolchains/llvm/prebuilt/windows-x86_64/sysroot/usr/lib/arm-linux-androideabi;C:/Users/Lenovo/AppData/Local/Android/Sdk/ndk/25.1.8937393/toolchains/llvm/prebuilt/windows-x86_64/sysroot/usr/lib]
  implicit fwks: []




Detecting C [-std=c11] compiler features compiled with the following output:
Change Dir: E:/Documents/Desktop/NCNN/ncnn-android-yolov5-fruit/app/.cxx/cmake/debug/armeabi-v7a/CMakeFiles/CMakeTmp

Run Build Command:"C:\Users\Lenovo\AppData\Local\Android\Sdk\cmake\3.10.2.4988404\bin\ninja.exe" "cmTC_27c33"
[1/2] Building C object CMakeFiles/cmTC_27c33.dir/feature_tests.c.o
[2/2] Linking C executable cmTC_27c33

E:\Documents\Desktop\NCNN\ncnn-android-yolov5-fruit\app\.cxx\cmake\debug\armeabi-v7a\CMakeFiles\CMakeTmp>set http_proxy=http://127.0.0.1:7890 

E:\Documents\Desktop\NCNN\ncnn-android-yolov5-fruit\app\.cxx\cmake\debug\armeabi-v7a\CMakeFiles\CMakeTmp>set https_proxy=http://127.0.0.1:7890 

E:\Documents\Desktop\NCNN\ncnn-android-yolov5-fruit\app\.cxx\cmake\debug\armeabi-v7a\CMakeFiles\CMakeTmp>cls



    Feature record: C_FEATURE:1c_function_prototypes
    Feature record: C_FEATURE:1c_restrict
    Feature record: C_FEATURE:1c_static_assert
    Feature record: C_FEATURE:1c_variadic_macros


Detecting C [-std=c99] compiler features compiled with the following output:
Change Dir: E:/Documents/Desktop/NCNN/ncnn-android-yolov5-fruit/app/.cxx/cmake/debug/armeabi-v7a/CMakeFiles/CMakeTmp

Run Build Command:"C:\Users\Lenovo\AppData\Local\Android\Sdk\cmake\3.10.2.4988404\bin\ninja.exe" "cmTC_ff3f5"
[1/2] Building C object CMakeFiles/cmTC_ff3f5.dir/feature_tests.c.o
[2/2] Linking C executable cmTC_ff3f5

E:\Documents\Desktop\NCNN\ncnn-android-yolov5-fruit\app\.cxx\cmake\debug\armeabi-v7a\CMakeFiles\CMakeTmp>set http_proxy=http://127.0.0.1:7890 

E:\Documents\Desktop\NCNN\ncnn-android-yolov5-fruit\app\.cxx\cmake\debug\armeabi-v7a\CMakeFiles\CMakeTmp>set https_proxy=http://127.0.0.1:7890 

E:\Documents\Desktop\NCNN\ncnn-android-yolov5-fruit\app\.cxx\cmake\debug\armeabi-v7a\CMakeFiles\CMakeTmp>cls



    Feature record: C_FEATURE:1c_function_prototypes
    Feature record: C_FEATURE:1c_restrict
    Feature record: C_FEATURE:0c_static_assert
    Feature record: C_FEATURE:1c_variadic_macros


Detecting C [-std=c90] compiler features compiled with the following output:
Change Dir: E:/Documents/Desktop/NCNN/ncnn-android-yolov5-fruit/app/.cxx/cmake/debug/armeabi-v7a/CMakeFiles/CMakeTmp

Run Build Command:"C:\Users\Lenovo\AppData\Local\Android\Sdk\cmake\3.10.2.4988404\bin\ninja.exe" "cmTC_4d37b"
[1/2] Building C object CMakeFiles/cmTC_4d37b.dir/feature_tests.c.o
[2/2] Linking C executable cmTC_4d37b

E:\Documents\Desktop\NCNN\ncnn-android-yolov5-fruit\app\.cxx\cmake\debug\armeabi-v7a\CMakeFiles\CMakeTmp>set http_proxy=http://127.0.0.1:7890 

E:\Documents\Desktop\NCNN\ncnn-android-yolov5-fruit\app\.cxx\cmake\debug\armeabi-v7a\CMakeFiles\CMakeTmp>set https_proxy=http://127.0.0.1:7890 

E:\Documents\Desktop\NCNN\ncnn-android-yolov5-fruit\app\.cxx\cmake\debug\armeabi-v7a\CMakeFiles\CMakeTmp>cls



    Feature record: C_FEATURE:1c_function_prototypes
    Feature record: C_FEATURE:0c_restrict
    Feature record: C_FEATURE:0c_static_assert
    Feature record: C_FEATURE:0c_variadic_macros
Determining if the CXX compiler works passed with the following output:
Change Dir: E:/Documents/Desktop/NCNN/ncnn-android-yolov5-fruit/app/.cxx/cmake/debug/armeabi-v7a/CMakeFiles/CMakeTmp

Run Build Command:"C:\Users\Lenovo\AppData\Local\Android\Sdk\cmake\3.10.2.4988404\bin\ninja.exe" "cmTC_e16e1"
[1/2] Building CXX object CMakeFiles/cmTC_e16e1.dir/testCXXCompiler.cxx.o
[2/2] Linking CXX executable cmTC_e16e1

E:\Documents\Desktop\NCNN\ncnn-android-yolov5-fruit\app\.cxx\cmake\debug\armeabi-v7a\CMakeFiles\CMakeTmp>set http_proxy=http://127.0.0.1:7890 

E:\Documents\Desktop\NCNN\ncnn-android-yolov5-fruit\app\.cxx\cmake\debug\armeabi-v7a\CMakeFiles\CMakeTmp>set https_proxy=http://127.0.0.1:7890 

E:\Documents\Desktop\NCNN\ncnn-android-yolov5-fruit\app\.cxx\cmake\debug\armeabi-v7a\CMakeFiles\CMakeTmp>cls



Detecting CXX compiler ABI info compiled with the following output:
Change Dir: E:/Documents/Desktop/NCNN/ncnn-android-yolov5-fruit/app/.cxx/cmake/debug/armeabi-v7a/CMakeFiles/CMakeTmp

Run Build Command:"C:\Users\Lenovo\AppData\Local\Android\Sdk\cmake\3.10.2.4988404\bin\ninja.exe" "cmTC_04d18"
[1/2] Building CXX object CMakeFiles/cmTC_04d18.dir/CMakeCXXCompilerABI.cpp.o
[2/2] Linking CXX executable cmTC_04d18

E:\Documents\Desktop\NCNN\ncnn-android-yolov5-fruit\app\.cxx\cmake\debug\armeabi-v7a\CMakeFiles\CMakeTmp>set http_proxy=http://127.0.0.1:7890 

E:\Documents\Desktop\NCNN\ncnn-android-yolov5-fruit\app\.cxx\cmake\debug\armeabi-v7a\CMakeFiles\CMakeTmp>set https_proxy=http://127.0.0.1:7890 

E:\Documents\Desktop\NCNN\ncnn-android-yolov5-fruit\app\.cxx\cmake\debug\armeabi-v7a\CMakeFiles\CMakeTmp>cls
Android (8490178, based on r450784d) clang version 14.0.6 (https://android.googlesource.com/toolchain/llvm-project 4c603efb0cca074e9238af8b4106c30add4418f6)
Target: armv7-none-linux-android24
Thread model: posix
InstalledDir: C:/Users/Lenovo/AppData/Local/Android/Sdk/ndk/25.1.8937393/toolchains/llvm/prebuilt/windows-x86_64/bin
Found CUDA installation: C:/Program Files/NVIDIA GPU Computing Toolkit/CUDA/v11.1, version 11.1
 "C:/Users/Lenovo/AppData/Local/Android/Sdk/ndk/25.1.8937393/toolchains/llvm/prebuilt/windows-x86_64/bin/ld" --sysroot=C:/Users/Lenovo/AppData/Local/Android/Sdk/ndk/25.1.8937393/toolchains/llvm/prebuilt/windows-x86_64/sysroot -pie -EL --warn-shared-textrel -z now -z relro -z max-page-size=4096 -X --hash-style=gnu --enable-new-dtags --eh-frame-hdr -m armelf_linux_eabi -dynamic-linker /system/bin/linker -o cmTC_04d18 C:/Users/Lenovo/AppData/Local/Android/Sdk/ndk/25.1.8937393/toolchains/llvm/prebuilt/windows-x86_64/sysroot/usr/lib/arm-linux-androideabi/24/crtbegin_dynamic.o -LC:/Users/Lenovo/AppData/Local/Android/Sdk/ndk/25.1.8937393/toolchains/llvm/prebuilt/windows-x86_64/lib64/clang/14.0.6/lib/linux/arm -LC:/Users/Lenovo/AppData/Local/Android/Sdk/ndk/25.1.8937393/toolchains/llvm/prebuilt/windows-x86_64/sysroot/usr/lib/arm-linux-androideabi/24 -LC:/Users/Lenovo/AppData/Local/Android/Sdk/ndk/25.1.8937393/toolchains/llvm/prebuilt/windows-x86_64/sysroot/usr/lib/arm-linux-androideabi -LC:/Users/Lenovo/AppData/Local/Android/Sdk/ndk/25.1.8937393/toolchains/llvm/prebuilt/windows-x86_64/sysroot/usr/lib/../lib -LC:/Users/Lenovo/AppData/Local/Android/Sdk/ndk/25.1.8937393/toolchains/llvm/prebuilt/windows-x86_64/sysroot/usr/lib --build-id=sha1 --no-rosegment --fatal-warnings --gc-sections --no-undefined --gc-sections CMakeFiles/cmTC_04d18.dir/CMakeCXXCompilerABI.cpp.o -Bstatic -lc++ -Bdynamic -lm C:/Users/Lenovo/AppData/Local/Android/Sdk/ndk/25.1.8937393/toolchains/llvm/prebuilt/windows-x86_64/lib64/clang/14.0.6/lib/linux/libclang_rt.builtins-arm-android.a -l:libunwind.a -ldl -lc C:/Users/Lenovo/AppData/Local/Android/Sdk/ndk/25.1.8937393/toolchains/llvm/prebuilt/windows-x86_64/lib64/clang/14.0.6/lib/linux/libclang_rt.builtins-arm-android.a -l:libunwind.a -ldl C:/Users/Lenovo/AppData/Local/Android/Sdk/ndk/25.1.8937393/toolchains/llvm/prebuilt/windows-x86_64/sysroot/usr/lib/arm-linux-androideabi/24/crtend_android.o


Parsed CXX implicit link information from above output:
  link line regex: [^( *|.*[/\])(CMAKE_LINKER-NOTFOUND|CMAKE_LINK_STARTFILE-NOTFOUND|([^/\]+-)?ld|collect2)[^/\]*( |$)]
  ignore line: [Change Dir: E:/Documents/Desktop/NCNN/ncnn-android-yolov5-fruit/app/.cxx/cmake/debug/armeabi-v7a/CMakeFiles/CMakeTmp]
  ignore line: []
  ignore line: [Run Build Command:"C:\Users\Lenovo\AppData\Local\Android\Sdk\cmake\3.10.2.4988404\bin\ninja.exe" "cmTC_04d18"]
  ignore line: [[1/2] Building CXX object CMakeFiles/cmTC_04d18.dir/CMakeCXXCompilerABI.cpp.o]
  ignore line: [[2/2] Linking CXX executable cmTC_04d18]
  ignore line: []
  ignore line: [E:\Documents\Desktop\NCNN\ncnn-android-yolov5-fruit\app\.cxx\cmake\debug\armeabi-v7a\CMakeFiles\CMakeTmp>set http_proxy=http://127.0.0.1:7890 ]
  ignore line: []
  ignore line: [E:\Documents\Desktop\NCNN\ncnn-android-yolov5-fruit\app\.cxx\cmake\debug\armeabi-v7a\CMakeFiles\CMakeTmp>set https_proxy=http://127.0.0.1:7890 ]
  ignore line: []
  ignore line: [E:\Documents\Desktop\NCNN\ncnn-android-yolov5-fruit\app\.cxx\cmake\debug\armeabi-v7a\CMakeFiles\CMakeTmp>cls]
  ignore line: [Android (8490178, based on r450784d) clang version 14.0.6 (https://android.googlesource.com/toolchain/llvm-project 4c603efb0cca074e9238af8b4106c30add4418f6)]
  ignore line: [Target: armv7-none-linux-android24]
  ignore line: [Thread model: posix]
  ignore line: [InstalledDir: C:/Users/Lenovo/AppData/Local/Android/Sdk/ndk/25.1.8937393/toolchains/llvm/prebuilt/windows-x86_64/bin]
  ignore line: [Found CUDA installation: C:/Program Files/NVIDIA GPU Computing Toolkit/CUDA/v11.1, version 11.1]
  link line: [ "C:/Users/Lenovo/AppData/Local/Android/Sdk/ndk/25.1.8937393/toolchains/llvm/prebuilt/windows-x86_64/bin/ld" --sysroot=C:/Users/Lenovo/AppData/Local/Android/Sdk/ndk/25.1.8937393/toolchains/llvm/prebuilt/windows-x86_64/sysroot -pie -EL --warn-shared-textrel -z now -z relro -z max-page-size=4096 -X --hash-style=gnu --enable-new-dtags --eh-frame-hdr -m armelf_linux_eabi -dynamic-linker /system/bin/linker -o cmTC_04d18 C:/Users/Lenovo/AppData/Local/Android/Sdk/ndk/25.1.8937393/toolchains/llvm/prebuilt/windows-x86_64/sysroot/usr/lib/arm-linux-androideabi/24/crtbegin_dynamic.o -LC:/Users/Lenovo/AppData/Local/Android/Sdk/ndk/25.1.8937393/toolchains/llvm/prebuilt/windows-x86_64/lib64/clang/14.0.6/lib/linux/arm -LC:/Users/Lenovo/AppData/Local/Android/Sdk/ndk/25.1.8937393/toolchains/llvm/prebuilt/windows-x86_64/sysroot/usr/lib/arm-linux-androideabi/24 -LC:/Users/Lenovo/AppData/Local/Android/Sdk/ndk/25.1.8937393/toolchains/llvm/prebuilt/windows-x86_64/sysroot/usr/lib/arm-linux-androideabi -LC:/Users/Lenovo/AppData/Local/Android/Sdk/ndk/25.1.8937393/toolchains/llvm/prebuilt/windows-x86_64/sysroot/usr/lib/../lib -LC:/Users/Lenovo/AppData/Local/Android/Sdk/ndk/25.1.8937393/toolchains/llvm/prebuilt/windows-x86_64/sysroot/usr/lib --build-id=sha1 --no-rosegment --fatal-warnings --gc-sections --no-undefined --gc-sections CMakeFiles/cmTC_04d18.dir/CMakeCXXCompilerABI.cpp.o -Bstatic -lc++ -Bdynamic -lm C:/Users/Lenovo/AppData/Local/Android/Sdk/ndk/25.1.8937393/toolchains/llvm/prebuilt/windows-x86_64/lib64/clang/14.0.6/lib/linux/libclang_rt.builtins-arm-android.a -l:libunwind.a -ldl -lc C:/Users/Lenovo/AppData/Local/Android/Sdk/ndk/25.1.8937393/toolchains/llvm/prebuilt/windows-x86_64/lib64/clang/14.0.6/lib/linux/libclang_rt.builtins-arm-android.a -l:libunwind.a -ldl C:/Users/Lenovo/AppData/Local/Android/Sdk/ndk/25.1.8937393/toolchains/llvm/prebuilt/windows-x86_64/sysroot/usr/lib/arm-linux-androideabi/24/crtend_android.o]
    arg [C:/Users/Lenovo/AppData/Local/Android/Sdk/ndk/25.1.8937393/toolchains/llvm/prebuilt/windows-x86_64/bin/ld] ==> ignore
    arg [--sysroot=C:/Users/Lenovo/AppData/Local/Android/Sdk/ndk/25.1.8937393/toolchains/llvm/prebuilt/windows-x86_64/sysroot] ==> ignore
    arg [-pie] ==> ignore
    arg [-EL] ==> ignore
    arg [--warn-shared-textrel] ==> ignore
    arg [-znow] ==> ignore
    arg [-zrelro] ==> ignore
    arg [-zmax-page-size=4096] ==> ignore
    arg [-X] ==> ignore
    arg [--hash-style=gnu] ==> ignore
    arg [--enable-new-dtags] ==> ignore
    arg [--eh-frame-hdr] ==> ignore
    arg [-m] ==> ignore
    arg [armelf_linux_eabi] ==> ignore
    arg [-dynamic-linker] ==> ignore
    arg [/system/bin/linker] ==> ignore
    arg [-o] ==> ignore
    arg [cmTC_04d18] ==> ignore
    arg [C:/Users/Lenovo/AppData/Local/Android/Sdk/ndk/25.1.8937393/toolchains/llvm/prebuilt/windows-x86_64/sysroot/usr/lib/arm-linux-androideabi/24/crtbegin_dynamic.o] ==> ignore
    arg [-LC:/Users/Lenovo/AppData/Local/Android/Sdk/ndk/25.1.8937393/toolchains/llvm/prebuilt/windows-x86_64/lib64/clang/14.0.6/lib/linux/arm] ==> dir [C:/Users/Lenovo/AppData/Local/Android/Sdk/ndk/25.1.8937393/toolchains/llvm/prebuilt/windows-x86_64/lib64/clang/14.0.6/lib/linux/arm]
    arg [-LC:/Users/Lenovo/AppData/Local/Android/Sdk/ndk/25.1.8937393/toolchains/llvm/prebuilt/windows-x86_64/sysroot/usr/lib/arm-linux-androideabi/24] ==> dir [C:/Users/Lenovo/AppData/Local/Android/Sdk/ndk/25.1.8937393/toolchains/llvm/prebuilt/windows-x86_64/sysroot/usr/lib/arm-linux-androideabi/24]
    arg [-LC:/Users/Lenovo/AppData/Local/Android/Sdk/ndk/25.1.8937393/toolchains/llvm/prebuilt/windows-x86_64/sysroot/usr/lib/arm-linux-androideabi] ==> dir [C:/Users/Lenovo/AppData/Local/Android/Sdk/ndk/25.1.8937393/toolchains/llvm/prebuilt/windows-x86_64/sysroot/usr/lib/arm-linux-androideabi]
    arg [-LC:/Users/Lenovo/AppData/Local/Android/Sdk/ndk/25.1.8937393/toolchains/llvm/prebuilt/windows-x86_64/sysroot/usr/lib/../lib] ==> dir [C:/Users/Lenovo/AppData/Local/Android/Sdk/ndk/25.1.8937393/toolchains/llvm/prebuilt/windows-x86_64/sysroot/usr/lib/../lib]
    arg [-LC:/Users/Lenovo/AppData/Local/Android/Sdk/ndk/25.1.8937393/toolchains/llvm/prebuilt/windows-x86_64/sysroot/usr/lib] ==> dir [C:/Users/Lenovo/AppData/Local/Android/Sdk/ndk/25.1.8937393/toolchains/llvm/prebuilt/windows-x86_64/sysroot/usr/lib]
    arg [--build-id=sha1] ==> ignore
    arg [--no-rosegment] ==> ignore
    arg [--fatal-warnings] ==> ignore
    arg [--gc-sections] ==> ignore
    arg [--no-undefined] ==> ignore
    arg [--gc-sections] ==> ignore
    arg [CMakeFiles/cmTC_04d18.dir/CMakeCXXCompilerABI.cpp.o] ==> ignore
    arg [-Bstatic] ==> ignore
    arg [-lc++] ==> lib [c++]
    arg [-Bdynamic] ==> ignore
    arg [-lm] ==> lib [m]
    arg [C:/Users/Lenovo/AppData/Local/Android/Sdk/ndk/25.1.8937393/toolchains/llvm/prebuilt/windows-x86_64/lib64/clang/14.0.6/lib/linux/libclang_rt.builtins-arm-android.a] ==> lib [C:/Users/Lenovo/AppData/Local/Android/Sdk/ndk/25.1.8937393/toolchains/llvm/prebuilt/windows-x86_64/lib64/clang/14.0.6/lib/linux/libclang_rt.builtins-arm-android.a]
    arg [-l:libunwind.a] ==> lib [-l:libunwind.a]
    arg [-ldl] ==> lib [dl]
    arg [-lc] ==> lib [c]
    arg [C:/Users/Lenovo/AppData/Local/Android/Sdk/ndk/25.1.8937393/toolchains/llvm/prebuilt/windows-x86_64/lib64/clang/14.0.6/lib/linux/libclang_rt.builtins-arm-android.a] ==> lib [C:/Users/Lenovo/AppData/Local/Android/Sdk/ndk/25.1.8937393/toolchains/llvm/prebuilt/windows-x86_64/lib64/clang/14.0.6/lib/linux/libclang_rt.builtins-arm-android.a]
    arg [-l:libunwind.a] ==> lib [-l:libunwind.a]
    arg [-ldl] ==> lib [dl]
    arg [C:/Users/Lenovo/AppData/Local/Android/Sdk/ndk/25.1.8937393/toolchains/llvm/prebuilt/windows-x86_64/sysroot/usr/lib/arm-linux-androideabi/24/crtend_android.o] ==> ignore
  remove lib [C:/Users/Lenovo/AppData/Local/Android/Sdk/ndk/25.1.8937393/toolchains/llvm/prebuilt/windows-x86_64/lib64/clang/14.0.6/lib/linux/libclang_rt.builtins-arm-android.a]
  remove lib [C:/Users/Lenovo/AppData/Local/Android/Sdk/ndk/25.1.8937393/toolchains/llvm/prebuilt/windows-x86_64/lib64/clang/14.0.6/lib/linux/libclang_rt.builtins-arm-android.a]
  collapse library dir [C:/Users/Lenovo/AppData/Local/Android/Sdk/ndk/25.1.8937393/toolchains/llvm/prebuilt/windows-x86_64/lib64/clang/14.0.6/lib/linux/arm] ==> [C:/Users/Lenovo/AppData/Local/Android/Sdk/ndk/25.1.8937393/toolchains/llvm/prebuilt/windows-x86_64/lib64/clang/14.0.6/lib/linux/arm]
  collapse library dir [C:/Users/Lenovo/AppData/Local/Android/Sdk/ndk/25.1.8937393/toolchains/llvm/prebuilt/windows-x86_64/sysroot/usr/lib/arm-linux-androideabi/24] ==> [C:/Users/Lenovo/AppData/Local/Android/Sdk/ndk/25.1.8937393/toolchains/llvm/prebuilt/windows-x86_64/sysroot/usr/lib/arm-linux-androideabi/24]
  collapse library dir [C:/Users/Lenovo/AppData/Local/Android/Sdk/ndk/25.1.8937393/toolchains/llvm/prebuilt/windows-x86_64/sysroot/usr/lib/arm-linux-androideabi] ==> [C:/Users/Lenovo/AppData/Local/Android/Sdk/ndk/25.1.8937393/toolchains/llvm/prebuilt/windows-x86_64/sysroot/usr/lib/arm-linux-androideabi]
  collapse library dir [C:/Users/Lenovo/AppData/Local/Android/Sdk/ndk/25.1.8937393/toolchains/llvm/prebuilt/windows-x86_64/sysroot/usr/lib/../lib] ==> [C:/Users/Lenovo/AppData/Local/Android/Sdk/ndk/25.1.8937393/toolchains/llvm/prebuilt/windows-x86_64/sysroot/usr/lib]
  collapse library dir [C:/Users/Lenovo/AppData/Local/Android/Sdk/ndk/25.1.8937393/toolchains/llvm/prebuilt/windows-x86_64/sysroot/usr/lib] ==> [C:/Users/Lenovo/AppData/Local/Android/Sdk/ndk/25.1.8937393/toolchains/llvm/prebuilt/windows-x86_64/sysroot/usr/lib]
  implicit libs: [c++;m;-l:libunwind.a;dl;c;-l:libunwind.a;dl]
  implicit dirs: [C:/Users/Lenovo/AppData/Local/Android/Sdk/ndk/25.1.8937393/toolchains/llvm/prebuilt/windows-x86_64/lib64/clang/14.0.6/lib/linux/arm;C:/Users/Lenovo/AppData/Local/Android/Sdk/ndk/25.1.8937393/toolchains/llvm/prebuilt/windows-x86_64/sysroot/usr/lib/arm-linux-androideabi/24;C:/Users/Lenovo/AppData/Local/Android/Sdk/ndk/25.1.8937393/toolchains/llvm/prebuilt/windows-x86_64/sysroot/usr/lib/arm-linux-androideabi;C:/Users/Lenovo/AppData/Local/Android/Sdk/ndk/25.1.8937393/toolchains/llvm/prebuilt/windows-x86_64/sysroot/usr/lib]
  implicit fwks: []




Detecting CXX [-std=c++1z] compiler features compiled with the following output:
Change Dir: E:/Documents/Desktop/NCNN/ncnn-android-yolov5-fruit/app/.cxx/cmake/debug/armeabi-v7a/CMakeFiles/CMakeTmp

Run Build Command:"C:\Users\Lenovo\AppData\Local\Android\Sdk\cmake\3.10.2.4988404\bin\ninja.exe" "cmTC_c91a7"
[1/2] Building CXX object CMakeFiles/cmTC_c91a7.dir/feature_tests.cxx.o
[2/2] Linking CXX executable cmTC_c91a7

E:\Documents\Desktop\NCNN\ncnn-android-yolov5-fruit\app\.cxx\cmake\debug\armeabi-v7a\CMakeFiles\CMakeTmp>set http_proxy=http://127.0.0.1:7890 

E:\Documents\Desktop\NCNN\ncnn-android-yolov5-fruit\app\.cxx\cmake\debug\armeabi-v7a\CMakeFiles\CMakeTmp>set https_proxy=http://127.0.0.1:7890 

E:\Documents\Desktop\NCNN\ncnn-android-yolov5-fruit\app\.cxx\cmake\debug\armeabi-v7a\CMakeFiles\CMakeTmp>cls



    Feature record: CXX_FEATURE:1cxx_aggregate_default_initializers
    Feature record: CXX_FEATURE:1cxx_alias_templates
    Feature record: CXX_FEATURE:1cxx_alignas
    Feature record: CXX_FEATURE:1cxx_alignof
    Feature record: CXX_FEATURE:1cxx_attributes
    Feature record: CXX_FEATURE:1cxx_attribute_deprecated
    Feature record: CXX_FEATURE:1cxx_auto_type
    Feature record: CXX_FEATURE:1cxx_binary_literals
    Feature record: CXX_FEATURE:1cxx_constexpr
    Feature record: CXX_FEATURE:1cxx_contextual_conversions
    Feature record: CXX_FEATURE:1cxx_decltype
    Feature record: CXX_FEATURE:1cxx_decltype_auto
    Feature record: CXX_FEATURE:1cxx_decltype_incomplete_return_types
    Feature record: CXX_FEATURE:1cxx_default_function_template_args
    Feature record: CXX_FEATURE:1cxx_defaulted_functions
    Feature record: CXX_FEATURE:1cxx_defaulted_move_initializers
    Feature record: CXX_FEATURE:1cxx_delegating_constructors
    Feature record: CXX_FEATURE:1cxx_deleted_functions
    Feature record: CXX_FEATURE:1cxx_digit_separators
    Feature record: CXX_FEATURE:1cxx_enum_forward_declarations
    Feature record: CXX_FEATURE:1cxx_explicit_conversions
    Feature record: CXX_FEATURE:1cxx_extended_friend_declarations
    Feature record: CXX_FEATURE:1cxx_extern_templates
    Feature record: CXX_FEATURE:1cxx_final
    Feature record: CXX_FEATURE:1cxx_func_identifier
    Feature record: CXX_FEATURE:1cxx_generalized_initializers
    Feature record: CXX_FEATURE:1cxx_generic_lambdas
    Feature record: CXX_FEATURE:1cxx_inheriting_constructors
    Feature record: CXX_FEATURE:1cxx_inline_namespaces
    Feature record: CXX_FEATURE:1cxx_lambdas
    Feature record: CXX_FEATURE:1cxx_lambda_init_captures
    Feature record: CXX_FEATURE:1cxx_local_type_template_args
    Feature record: CXX_FEATURE:1cxx_long_long_type
    Feature record: CXX_FEATURE:1cxx_noexcept
    Feature record: CXX_FEATURE:1cxx_nonstatic_member_init
    Feature record: CXX_FEATURE:1cxx_nullptr
    Feature record: CXX_FEATURE:1cxx_override
    Feature record: CXX_FEATURE:1cxx_range_for
    Feature record: CXX_FEATURE:1cxx_raw_string_literals
    Feature record: CXX_FEATURE:1cxx_reference_qualified_functions
    Feature record: CXX_FEATURE:1cxx_relaxed_constexpr
    Feature record: CXX_FEATURE:1cxx_return_type_deduction
    Feature record: CXX_FEATURE:1cxx_right_angle_brackets
    Feature record: CXX_FEATURE:1cxx_rvalue_references
    Feature record: CXX_FEATURE:1cxx_sizeof_member
    Feature record: CXX_FEATURE:1cxx_static_assert
    Feature record: CXX_FEATURE:1cxx_strong_enums
    Feature record: CXX_FEATURE:1cxx_template_template_parameters
    Feature record: CXX_FEATURE:1cxx_thread_local
    Feature record: CXX_FEATURE:1cxx_trailing_return_types
    Feature record: CXX_FEATURE:1cxx_unicode_literals
    Feature record: CXX_FEATURE:1cxx_uniform_initialization
    Feature record: CXX_FEATURE:1cxx_unrestricted_unions
    Feature record: CXX_FEATURE:1cxx_user_literals
    Feature record: CXX_FEATURE:1cxx_variable_templates
    Feature record: CXX_FEATURE:1cxx_variadic_macros
    Feature record: CXX_FEATURE:1cxx_variadic_templates


Detecting CXX [-std=c++14] compiler features compiled with the following output:
Change Dir: E:/Documents/Desktop/NCNN/ncnn-android-yolov5-fruit/app/.cxx/cmake/debug/armeabi-v7a/CMakeFiles/CMakeTmp

Run Build Command:"C:\Users\Lenovo\AppData\Local\Android\Sdk\cmake\3.10.2.4988404\bin\ninja.exe" "cmTC_f4091"
[1/2] Building CXX object CMakeFiles/cmTC_f4091.dir/feature_tests.cxx.o
[2/2] Linking CXX executable cmTC_f4091

E:\Documents\Desktop\NCNN\ncnn-android-yolov5-fruit\app\.cxx\cmake\debug\armeabi-v7a\CMakeFiles\CMakeTmp>set http_proxy=http://127.0.0.1:7890 

E:\Documents\Desktop\NCNN\ncnn-android-yolov5-fruit\app\.cxx\cmake\debug\armeabi-v7a\CMakeFiles\CMakeTmp>set https_proxy=http://127.0.0.1:7890 

E:\Documents\Desktop\NCNN\ncnn-android-yolov5-fruit\app\.cxx\cmake\debug\armeabi-v7a\CMakeFiles\CMakeTmp>cls



    Feature record: CXX_FEATURE:1cxx_aggregate_default_initializers
    Feature record: CXX_FEATURE:1cxx_alias_templates
    Feature record: CXX_FEATURE:1cxx_alignas
    Feature record: CXX_FEATURE:1cxx_alignof
    Feature record: CXX_FEATURE:1cxx_attributes
    Feature record: CXX_FEATURE:1cxx_attribute_deprecated
    Feature record: CXX_FEATURE:1cxx_auto_type
    Feature record: CXX_FEATURE:1cxx_binary_literals
    Feature record: CXX_FEATURE:1cxx_constexpr
    Feature record: CXX_FEATURE:1cxx_contextual_conversions
    Feature record: CXX_FEATURE:1cxx_decltype
    Feature record: CXX_FEATURE:1cxx_decltype_auto
    Feature record: CXX_FEATURE:1cxx_decltype_incomplete_return_types
    Feature record: CXX_FEATURE:1cxx_default_function_template_args
    Feature record: CXX_FEATURE:1cxx_defaulted_functions
    Feature record: CXX_FEATURE:1cxx_defaulted_move_initializers
    Feature record: CXX_FEATURE:1cxx_delegating_constructors
    Feature record: CXX_FEATURE:1cxx_deleted_functions
    Feature record: CXX_FEATURE:1cxx_digit_separators
    Feature record: CXX_FEATURE:1cxx_enum_forward_declarations
    Feature record: CXX_FEATURE:1cxx_explicit_conversions
    Feature record: CXX_FEATURE:1cxx_extended_friend_declarations
    Feature record: CXX_FEATURE:1cxx_extern_templates
    Feature record: CXX_FEATURE:1cxx_final
    Feature record: CXX_FEATURE:1cxx_func_identifier
    Feature record: CXX_FEATURE:1cxx_generalized_initializers
    Feature record: CXX_FEATURE:1cxx_generic_lambdas
    Feature record: CXX_FEATURE:1cxx_inheriting_constructors
    Feature record: CXX_FEATURE:1cxx_inline_namespaces
    Feature record: CXX_FEATURE:1cxx_lambdas
    Feature record: CXX_FEATURE:1cxx_lambda_init_captures
    Feature record: CXX_FEATURE:1cxx_local_type_template_args
    Feature record: CXX_FEATURE:1cxx_long_long_type
    Feature record: CXX_FEATURE:1cxx_noexcept
    Feature record: CXX_FEATURE:1cxx_nonstatic_member_init
    Feature record: CXX_FEATURE:1cxx_nullptr
    Feature record: CXX_FEATURE:1cxx_override
    Feature record: CXX_FEATURE:1cxx_range_for
    Feature record: CXX_FEATURE:1cxx_raw_string_literals
    Feature record: CXX_FEATURE:1cxx_reference_qualified_functions
    Feature record: CXX_FEATURE:1cxx_relaxed_constexpr
    Feature record: CXX_FEATURE:1cxx_return_type_deduction
    Feature record: CXX_FEATURE:1cxx_right_angle_brackets
    Feature record: CXX_FEATURE:1cxx_rvalue_references
    Feature record: CXX_FEATURE:1cxx_sizeof_member
    Feature record: CXX_FEATURE:1cxx_static_assert
    Feature record: CXX_FEATURE:1cxx_strong_enums
    Feature record: CXX_FEATURE:1cxx_template_template_parameters
    Feature record: CXX_FEATURE:1cxx_thread_local
    Feature record: CXX_FEATURE:1cxx_trailing_return_types
    Feature record: CXX_FEATURE:1cxx_unicode_literals
    Feature record: CXX_FEATURE:1cxx_uniform_initialization
    Feature record: CXX_FEATURE:1cxx_unrestricted_unions
    Feature record: CXX_FEATURE:1cxx_user_literals
    Feature record: CXX_FEATURE:1cxx_variable_templates
    Feature record: CXX_FEATURE:1cxx_variadic_macros
    Feature record: CXX_FEATURE:1cxx_variadic_templates


Detecting CXX [-std=c++11] compiler features compiled with the following output:
Change Dir: E:/Documents/Desktop/NCNN/ncnn-android-yolov5-fruit/app/.cxx/cmake/debug/armeabi-v7a/CMakeFiles/CMakeTmp

Run Build Command:"C:\Users\Lenovo\AppData\Local\Android\Sdk\cmake\3.10.2.4988404\bin\ninja.exe" "cmTC_3e66e"
[1/2] Building CXX object CMakeFiles/cmTC_3e66e.dir/feature_tests.cxx.o
[2/2] Linking CXX executable cmTC_3e66e

E:\Documents\Desktop\NCNN\ncnn-android-yolov5-fruit\app\.cxx\cmake\debug\armeabi-v7a\CMakeFiles\CMakeTmp>set http_proxy=http://127.0.0.1:7890 

E:\Documents\Desktop\NCNN\ncnn-android-yolov5-fruit\app\.cxx\cmake\debug\armeabi-v7a\CMakeFiles\CMakeTmp>set https_proxy=http://127.0.0.1:7890 

E:\Documents\Desktop\NCNN\ncnn-android-yolov5-fruit\app\.cxx\cmake\debug\armeabi-v7a\CMakeFiles\CMakeTmp>cls



    Feature record: CXX_FEATURE:0cxx_aggregate_default_initializers
    Feature record: CXX_FEATURE:1cxx_alias_templates
    Feature record: CXX_FEATURE:1cxx_alignas
    Feature record: CXX_FEATURE:1cxx_alignof
    Feature record: CXX_FEATURE:1cxx_attributes
    Feature record: CXX_FEATURE:0cxx_attribute_deprecated
    Feature record: CXX_FEATURE:1cxx_auto_type
    Feature record: CXX_FEATURE:0cxx_binary_literals
    Feature record: CXX_FEATURE:1cxx_constexpr
    Feature record: CXX_FEATURE:0cxx_contextual_conversions
    Feature record: CXX_FEATURE:1cxx_decltype
    Feature record: CXX_FEATURE:0cxx_decltype_auto
    Feature record: CXX_FEATURE:1cxx_decltype_incomplete_return_types
    Feature record: CXX_FEATURE:1cxx_default_function_template_args
    Feature record: CXX_FEATURE:1cxx_defaulted_functions
    Feature record: CXX_FEATURE:1cxx_defaulted_move_initializers
    Feature record: CXX_FEATURE:1cxx_delegating_constructors
    Feature record: CXX_FEATURE:1cxx_deleted_functions
    Feature record: CXX_FEATURE:0cxx_digit_separators
    Feature record: CXX_FEATURE:1cxx_enum_forward_declarations
    Feature record: CXX_FEATURE:1cxx_explicit_conversions
    Feature record: CXX_FEATURE:1cxx_extended_friend_declarations
    Feature record: CXX_FEATURE:1cxx_extern_templates
    Feature record: CXX_FEATURE:1cxx_final
    Feature record: CXX_FEATURE:1cxx_func_identifier
    Feature record: CXX_FEATURE:1cxx_generalized_initializers
    Feature record: CXX_FEATURE:0cxx_generic_lambdas
    Feature record: CXX_FEATURE:1cxx_inheriting_constructors
    Feature record: CXX_FEATURE:1cxx_inline_namespaces
    Feature record: CXX_FEATURE:1cxx_lambdas
    Feature record: CXX_FEATURE:0cxx_lambda_init_captures
    Feature record: CXX_FEATURE:1cxx_local_type_template_args
    Feature record: CXX_FEATURE:1cxx_long_long_type
    Feature record: CXX_FEATURE:1cxx_noexcept
    Feature record: CXX_FEATURE:1cxx_nonstatic_member_init
    Feature record: CXX_FEATURE:1cxx_nullptr
    Feature record: CXX_FEATURE:1cxx_override
    Feature record: CXX_FEATURE:1cxx_range_for
    Feature record: CXX_FEATURE:1cxx_raw_string_literals
    Feature record: CXX_FEATURE:1cxx_reference_qualified_functions
    Feature record: CXX_FEATURE:0cxx_relaxed_constexpr
    Feature record: CXX_FEATURE:0cxx_return_type_deduction
    Feature record: CXX_FEATURE:1cxx_right_angle_brackets
    Feature record: CXX_FEATURE:1cxx_rvalue_references
    Feature record: CXX_FEATURE:1cxx_sizeof_member
    Feature record: CXX_FEATURE:1cxx_static_assert
    Feature record: CXX_FEATURE:1cxx_strong_enums
    Feature record: CXX_FEATURE:1cxx_template_template_parameters
    Feature record: CXX_FEATURE:1cxx_thread_local
    Feature record: CXX_FEATURE:1cxx_trailing_return_types
    Feature record: CXX_FEATURE:1cxx_unicode_literals
    Feature record: CXX_FEATURE:1cxx_uniform_initialization
    Feature record: CXX_FEATURE:1cxx_unrestricted_unions
    Feature record: CXX_FEATURE:1cxx_user_literals
    Feature record: CXX_FEATURE:0cxx_variable_templates
    Feature record: CXX_FEATURE:1cxx_variadic_macros
    Feature record: CXX_FEATURE:1cxx_variadic_templates


Detecting CXX [-std=c++98] compiler features compiled with the following output:
Change Dir: E:/Documents/Desktop/NCNN/ncnn-android-yolov5-fruit/app/.cxx/cmake/debug/armeabi-v7a/CMakeFiles/CMakeTmp

Run Build Command:"C:\Users\Lenovo\AppData\Local\Android\Sdk\cmake\3.10.2.4988404\bin\ninja.exe" "cmTC_19268"
[1/2] Building CXX object CMakeFiles/cmTC_19268.dir/feature_tests.cxx.o
[2/2] Linking CXX executable cmTC_19268

E:\Documents\Desktop\NCNN\ncnn-android-yolov5-fruit\app\.cxx\cmake\debug\armeabi-v7a\CMakeFiles\CMakeTmp>set http_proxy=http://127.0.0.1:7890 

E:\Documents\Desktop\NCNN\ncnn-android-yolov5-fruit\app\.cxx\cmake\debug\armeabi-v7a\CMakeFiles\CMakeTmp>set https_proxy=http://127.0.0.1:7890 

E:\Documents\Desktop\NCNN\ncnn-android-yolov5-fruit\app\.cxx\cmake\debug\armeabi-v7a\CMakeFiles\CMakeTmp>cls



    Feature record: CXX_FEATURE:0cxx_aggregate_default_initializers
    Feature record: CXX_FEATURE:0cxx_alias_templates
    Feature record: CXX_FEATURE:0cxx_alignas
    Feature record: CXX_FEATURE:0cxx_alignof
    Feature record: CXX_FEATURE:0cxx_attributes
    Feature record: CXX_FEATURE:0cxx_attribute_deprecated
    Feature record: CXX_FEATURE:0cxx_auto_type
    Feature record: CXX_FEATURE:0cxx_binary_literals
    Feature record: CXX_FEATURE:0cxx_constexpr
    Feature record: CXX_FEATURE:0cxx_contextual_conversions
    Feature record: CXX_FEATURE:0cxx_decltype
    Feature record: CXX_FEATURE:0cxx_decltype_auto
    Feature record: CXX_FEATURE:0cxx_decltype_incomplete_return_types
    Feature record: CXX_FEATURE:0cxx_default_function_template_args
    Feature record: CXX_FEATURE:0cxx_defaulted_functions
    Feature record: CXX_FEATURE:0cxx_defaulted_move_initializers
    Feature record: CXX_FEATURE:0cxx_delegating_constructors
    Feature record: CXX_FEATURE:0cxx_deleted_functions
    Feature record: CXX_FEATURE:0cxx_digit_separators
    Feature record: CXX_FEATURE:0cxx_enum_forward_declarations
    Feature record: CXX_FEATURE:0cxx_explicit_conversions
    Feature record: CXX_FEATURE:0cxx_extended_friend_declarations
    Feature record: CXX_FEATURE:0cxx_extern_templates
    Feature record: CXX_FEATURE:0cxx_final
    Feature record: CXX_FEATURE:0cxx_func_identifier
    Feature record: CXX_FEATURE:0cxx_generalized_initializers
    Feature record: CXX_FEATURE:0cxx_generic_lambdas
    Feature record: CXX_FEATURE:0cxx_inheriting_constructors
    Feature record: CXX_FEATURE:0cxx_inline_namespaces
    Feature record: CXX_FEATURE:0cxx_lambdas
    Feature record: CXX_FEATURE:0cxx_lambda_init_captures
    Feature record: CXX_FEATURE:0cxx_local_type_template_args
    Feature record: CXX_FEATURE:0cxx_long_long_type
    Feature record: CXX_FEATURE:0cxx_noexcept
    Feature record: CXX_FEATURE:0cxx_nonstatic_member_init
    Feature record: CXX_FEATURE:0cxx_nullptr
    Feature record: CXX_FEATURE:0cxx_override
    Feature record: CXX_FEATURE:0cxx_range_for
    Feature record: CXX_FEATURE:0cxx_raw_string_literals
    Feature record: CXX_FEATURE:0cxx_reference_qualified_functions
    Feature record: CXX_FEATURE:0cxx_relaxed_constexpr
    Feature record: CXX_FEATURE:0cxx_return_type_deduction
    Feature record: CXX_FEATURE:0cxx_right_angle_brackets
    Feature record: CXX_FEATURE:0cxx_rvalue_references
    Feature record: CXX_FEATURE:0cxx_sizeof_member
    Feature record: CXX_FEATURE:0cxx_static_assert
    Feature record: CXX_FEATURE:0cxx_strong_enums
    Feature record: CXX_FEATURE:1cxx_template_template_parameters
    Feature record: CXX_FEATURE:0cxx_thread_local
    Feature record: CXX_FEATURE:0cxx_trailing_return_types
    Feature record: CXX_FEATURE:0cxx_unicode_literals
    Feature record: CXX_FEATURE:0cxx_uniform_initialization
    Feature record: CXX_FEATURE:0cxx_unrestricted_unions
    Feature record: CXX_FEATURE:0cxx_user_literals
    Feature record: CXX_FEATURE:0cxx_variable_templates
    Feature record: CXX_FEATURE:0cxx_variadic_macros
    Feature record: CXX_FEATURE:0cxx_variadic_templates
Detecting C OpenMP compiler ABI info compiled with the following output:
Change Dir: E:/Documents/Desktop/NCNN/ncnn-android-yolov5-fruit/app/.cxx/cmake/debug/armeabi-v7a/CMakeFiles/CMakeTmp

Run Build Command:"C:\Users\Lenovo\AppData\Local\Android\Sdk\cmake\3.10.2.4988404\bin\ninja.exe" "cmTC_52e9b"
[1/2] Building C object CMakeFiles/cmTC_52e9b.dir/OpenMPTryFlag.c.o
Android (8490178, based on r450784d) clang version 14.0.6 (https://android.googlesource.com/toolchain/llvm-project 4c603efb0cca074e9238af8b4106c30add4418f6)
Target: armv7-none-linux-android24
Thread model: posix
InstalledDir: C:/Users/Lenovo/AppData/Local/Android/Sdk/ndk/25.1.8937393/toolchains/llvm/prebuilt/windows-x86_64/bin
Found CUDA installation: C:/Program Files/NVIDIA GPU Computing Toolkit/CUDA/v11.1, version 11.1
 (in-process)
 "C:/Users/Lenovo/AppData/Local/Android/Sdk/ndk/25.1.8937393/toolchains/llvm/prebuilt/windows-x86_64/bin/clang.exe" -cc1 -triple thumbv7-none-linux-android24 -emit-obj -mrelax-all --mrelax-relocations -disable-free -clear-ast-before-backend -disable-llvm-verifier -discard-value-names -main-file-name OpenMPTryFlag.c -mrelocation-model pic -pic-level 2 -pic-is-pie -mframe-pointer=all -ffp-contract=on -fno-rounding-math -mconstructor-aliases -funwind-tables=1 -target-cpu generic -target-feature +soft-float-abi -target-feature +vfp2 -target-feature +vfp2sp -target-feature +vfp3 -target-feature +vfp3d16 -target-feature +vfp3d16sp -target-feature +vfp3sp -target-feature -fp16 -target-feature -vfp4 -target-feature -vfp4d16 -target-feature -vfp4d16sp -target-feature -vfp4sp -target-feature -fp-armv8 -target-feature -fp-armv8d16 -target-feature -fp-armv8d16sp -target-feature -fp-armv8sp -target-feature -fullfp16 -target-feature +fp64 -target-feature +d32 -target-feature +neon -target-feature -sha2 -target-feature -aes -target-feature -fp16fml -target-abi aapcs-linux -mfloat-abi soft -fallow-half-arguments-and-returns -mllvm -treat-scalable-fixed-error-as-warning -debug-info-kind=constructor -dwarf-version=4 -debugger-tuning=gdb -v -ffunction-sections -fdata-sections -fcoverage-compilation-dir=E:/Documents/Desktop/NCNN/ncnn-android-yolov5-fruit/app/.cxx/cmake/debug/armeabi-v7a/CMakeFiles/CMakeTmp -resource-dir C:/Users/Lenovo/AppData/Local/Android/Sdk/ndk/25.1.8937393/toolchains/llvm/prebuilt/windows-x86_64/lib64/clang/14.0.6 -D ANDROID -D _FORTIFY_SOURCE=2 -isysroot C:/Users/Lenovo/AppData/Local/Android/Sdk/ndk/25.1.8937393/toolchains/llvm/prebuilt/windows-x86_64/sysroot -internal-isystem C:/Users/Lenovo/AppData/Local/Android/Sdk/ndk/25.1.8937393/toolchains/llvm/prebuilt/windows-x86_64/lib64/clang/14.0.6/include -internal-isystem C:/Users/Lenovo/AppData/Local/Android/Sdk/ndk/25.1.8937393/toolchains/llvm/prebuilt/windows-x86_64/sysroot/usr/local/include -internal-externc-isystem C:/Users/Lenovo/AppData/Local/Android/Sdk/ndk/25.1.8937393/toolchains/llvm/prebuilt/windows-x86_64/sysroot/usr/include/arm-linux-androideabi -internal-externc-isystem C:/Users/Lenovo/AppData/Local/Android/Sdk/ndk/25.1.8937393/toolchains/llvm/prebuilt/windows-x86_64/sysroot/include -internal-externc-isystem C:/Users/Lenovo/AppData/Local/Android/Sdk/ndk/25.1.8937393/toolchains/llvm/prebuilt/windows-x86_64/sysroot/usr/include -Wformat -Werror=format-security -fdebug-compilation-dir=E:/Documents/Desktop/NCNN/ncnn-android-yolov5-fruit/app/.cxx/cmake/debug/armeabi-v7a/CMakeFiles/CMakeTmp -ferror-limit 19 -fopenmp -fopenmp-target-new-runtime -stack-protector 2 -fno-signed-char -fgnuc-version=4.2.1 -D__GCC_HAVE_DWARF2_CFI_ASM=1 -o CMakeFiles/cmTC_52e9b.dir/OpenMPTryFlag.c.o -x c E:/Documents/Desktop/NCNN/ncnn-android-yolov5-fruit/app/.cxx/cmake/debug/armeabi-v7a/CMakeFiles/FindOpenMP/OpenMPTryFlag.c
clang -cc1 version 14.0.6 based upon LLVM 14.0.6git default target x86_64-w64-windows-gnu
ignoring nonexistent directory "C:/Users/Lenovo/AppData/Local/Android/Sdk/ndk/25.1.8937393/toolchains/llvm/prebuilt/windows-x86_64/sysroot/include"
#include "..." search starts here:
#include <...> search starts here:
 C:/Users/Lenovo/AppData/Local/Android/Sdk/ndk/25.1.8937393/toolchains/llvm/prebuilt/windows-x86_64/lib64/clang/14.0.6/include
 C:/Users/Lenovo/AppData/Local/Android/Sdk/ndk/25.1.8937393/toolchains/llvm/prebuilt/windows-x86_64/sysroot/usr/local/include
 C:/Users/Lenovo/AppData/Local/Android/Sdk/ndk/25.1.8937393/toolchains/llvm/prebuilt/windows-x86_64/sysroot/usr/include/arm-linux-androideabi
 C:/Users/Lenovo/AppData/Local/Android/Sdk/ndk/25.1.8937393/toolchains/llvm/prebuilt/windows-x86_64/sysroot/usr/include
End of search list.
[2/2] Linking C executable cmTC_52e9b

E:\Documents\Desktop\NCNN\ncnn-android-yolov5-fruit\app\.cxx\cmake\debug\armeabi-v7a\CMakeFiles\CMakeTmp>set http_proxy=http://127.0.0.1:7890 

E:\Documents\Desktop\NCNN\ncnn-android-yolov5-fruit\app\.cxx\cmake\debug\armeabi-v7a\CMakeFiles\CMakeTmp>set https_proxy=http://127.0.0.1:7890 

E:\Documents\Desktop\NCNN\ncnn-android-yolov5-fruit\app\.cxx\cmake\debug\armeabi-v7a\CMakeFiles\CMakeTmp>cls
Android (8490178, based on r450784d) clang version 14.0.6 (https://android.googlesource.com/toolchain/llvm-project 4c603efb0cca074e9238af8b4106c30add4418f6)
Target: armv7-none-linux-android24
Thread model: posix
InstalledDir: C:/Users/Lenovo/AppData/Local/Android/Sdk/ndk/25.1.8937393/toolchains/llvm/prebuilt/windows-x86_64/bin
Found CUDA installation: C:/Program Files/NVIDIA GPU Computing Toolkit/CUDA/v11.1, version 11.1
 "C:/Users/Lenovo/AppData/Local/Android/Sdk/ndk/25.1.8937393/toolchains/llvm/prebuilt/windows-x86_64/bin/ld" --sysroot=C:/Users/Lenovo/AppData/Local/Android/Sdk/ndk/25.1.8937393/toolchains/llvm/prebuilt/windows-x86_64/sysroot -pie -EL --warn-shared-textrel -z now -z relro -z max-page-size=4096 -X --hash-style=gnu --enable-new-dtags --eh-frame-hdr -m armelf_linux_eabi -dynamic-linker /system/bin/linker -o cmTC_52e9b C:/Users/Lenovo/AppData/Local/Android/Sdk/ndk/25.1.8937393/toolchains/llvm/prebuilt/windows-x86_64/sysroot/usr/lib/arm-linux-androideabi/24/crtbegin_dynamic.o -LC:/Users/Lenovo/AppData/Local/Android/Sdk/ndk/25.1.8937393/toolchains/llvm/prebuilt/windows-x86_64/lib64/clang/14.0.6/lib/linux/arm -LC:/Users/Lenovo/AppData/Local/Android/Sdk/ndk/25.1.8937393/toolchains/llvm/prebuilt/windows-x86_64/sysroot/usr/lib/arm-linux-androideabi/24 -LC:/Users/Lenovo/AppData/Local/Android/Sdk/ndk/25.1.8937393/toolchains/llvm/prebuilt/windows-x86_64/sysroot/usr/lib/arm-linux-androideabi -LC:/Users/Lenovo/AppData/Local/Android/Sdk/ndk/25.1.8937393/toolchains/llvm/prebuilt/windows-x86_64/sysroot/usr/lib/../lib -LC:/Users/Lenovo/AppData/Local/Android/Sdk/ndk/25.1.8937393/toolchains/llvm/prebuilt/windows-x86_64/sysroot/usr/lib --build-id=sha1 --no-rosegment --fatal-warnings --gc-sections --no-undefined --gc-sections CMakeFiles/cmTC_52e9b.dir/OpenMPTryFlag.c.o -latomic -lm -lomp C:/Users/Lenovo/AppData/Local/Android/Sdk/ndk/25.1.8937393/toolchains/llvm/prebuilt/windows-x86_64/lib64/clang/14.0.6/lib/linux/libclang_rt.builtins-arm-android.a -l:libunwind.a -ldl -lc C:/Users/Lenovo/AppData/Local/Android/Sdk/ndk/25.1.8937393/toolchains/llvm/prebuilt/windows-x86_64/lib64/clang/14.0.6/lib/linux/libclang_rt.builtins-arm-android.a -l:libunwind.a -ldl C:/Users/Lenovo/AppData/Local/Android/Sdk/ndk/25.1.8937393/toolchains/llvm/prebuilt/windows-x86_64/sysroot/usr/lib/arm-linux-androideabi/24/crtend_android.o


Parsed C OpenMP implicit link information from above output:
  link line regex: [^( *|.*[/\])(CMAKE_LINKER-NOTFOUND|CMAKE_LINK_STARTFILE-NOTFOUND|([^/\]+-)?ld|collect2)[^/\]*( |$)]
  ignore line: [Change Dir: E:/Documents/Desktop/NCNN/ncnn-android-yolov5-fruit/app/.cxx/cmake/debug/armeabi-v7a/CMakeFiles/CMakeTmp]
  ignore line: []
  ignore line: [Run Build Command:"C:\Users\Lenovo\AppData\Local\Android\Sdk\cmake\3.10.2.4988404\bin\ninja.exe" "cmTC_52e9b"]
  ignore line: [[1/2] Building C object CMakeFiles/cmTC_52e9b.dir/OpenMPTryFlag.c.o]
  ignore line: [Android (8490178, based on r450784d) clang version 14.0.6 (https://android.googlesource.com/toolchain/llvm-project 4c603efb0cca074e9238af8b4106c30add4418f6)]
  ignore line: [Target: armv7-none-linux-android24]
  ignore line: [Thread model: posix]
  ignore line: [InstalledDir: C:/Users/Lenovo/AppData/Local/Android/Sdk/ndk/25.1.8937393/toolchains/llvm/prebuilt/windows-x86_64/bin]
  ignore line: [Found CUDA installation: C:/Program Files/NVIDIA GPU Computing Toolkit/CUDA/v11.1, version 11.1]
  ignore line: [ (in-process)]
  ignore line: [ "C:/Users/Lenovo/AppData/Local/Android/Sdk/ndk/25.1.8937393/toolchains/llvm/prebuilt/windows-x86_64/bin/clang.exe" -cc1 -triple thumbv7-none-linux-android24 -emit-obj -mrelax-all --mrelax-relocations -disable-free -clear-ast-before-backend -disable-llvm-verifier -discard-value-names -main-file-name OpenMPTryFlag.c -mrelocation-model pic -pic-level 2 -pic-is-pie -mframe-pointer=all -ffp-contract=on -fno-rounding-math -mconstructor-aliases -funwind-tables=1 -target-cpu generic -target-feature +soft-float-abi -target-feature +vfp2 -target-feature +vfp2sp -target-feature +vfp3 -target-feature +vfp3d16 -target-feature +vfp3d16sp -target-feature +vfp3sp -target-feature -fp16 -target-feature -vfp4 -target-feature -vfp4d16 -target-feature -vfp4d16sp -target-feature -vfp4sp -target-feature -fp-armv8 -target-feature -fp-armv8d16 -target-feature -fp-armv8d16sp -target-feature -fp-armv8sp -target-feature -fullfp16 -target-feature +fp64 -target-feature +d32 -target-feature +neon -target-feature -sha2 -target-feature -aes -target-feature -fp16fml -target-abi aapcs-linux -mfloat-abi soft -fallow-half-arguments-and-returns -mllvm -treat-scalable-fixed-error-as-warning -debug-info-kind=constructor -dwarf-version=4 -debugger-tuning=gdb -v -ffunction-sections -fdata-sections -fcoverage-compilation-dir=E:/Documents/Desktop/NCNN/ncnn-android-yolov5-fruit/app/.cxx/cmake/debug/armeabi-v7a/CMakeFiles/CMakeTmp -resource-dir C:/Users/Lenovo/AppData/Local/Android/Sdk/ndk/25.1.8937393/toolchains/llvm/prebuilt/windows-x86_64/lib64/clang/14.0.6 -D ANDROID -D _FORTIFY_SOURCE=2 -isysroot C:/Users/Lenovo/AppData/Local/Android/Sdk/ndk/25.1.8937393/toolchains/llvm/prebuilt/windows-x86_64/sysroot -internal-isystem C:/Users/Lenovo/AppData/Local/Android/Sdk/ndk/25.1.8937393/toolchains/llvm/prebuilt/windows-x86_64/lib64/clang/14.0.6/include -internal-isystem C:/Users/Lenovo/AppData/Local/Android/Sdk/ndk/25.1.8937393/toolchains/llvm/prebuilt/windows-x86_64/sysroot/usr/local/include -internal-externc-isystem C:/Users/Lenovo/AppData/Local/Android/Sdk/ndk/25.1.8937393/toolchains/llvm/prebuilt/windows-x86_64/sysroot/usr/include/arm-linux-androideabi -internal-externc-isystem C:/Users/Lenovo/AppData/Local/Android/Sdk/ndk/25.1.8937393/toolchains/llvm/prebuilt/windows-x86_64/sysroot/include -internal-externc-isystem C:/Users/Lenovo/AppData/Local/Android/Sdk/ndk/25.1.8937393/toolchains/llvm/prebuilt/windows-x86_64/sysroot/usr/include -Wformat -Werror=format-security -fdebug-compilation-dir=E:/Documents/Desktop/NCNN/ncnn-android-yolov5-fruit/app/.cxx/cmake/debug/armeabi-v7a/CMakeFiles/CMakeTmp -ferror-limit 19 -fopenmp -fopenmp-target-new-runtime -stack-protector 2 -fno-signed-char -fgnuc-version=4.2.1 -D__GCC_HAVE_DWARF2_CFI_ASM=1 -o CMakeFiles/cmTC_52e9b.dir/OpenMPTryFlag.c.o -x c E:/Documents/Desktop/NCNN/ncnn-android-yolov5-fruit/app/.cxx/cmake/debug/armeabi-v7a/CMakeFiles/FindOpenMP/OpenMPTryFlag.c]
  ignore line: [clang -cc1 version 14.0.6 based upon LLVM 14.0.6git default target x86_64-w64-windows-gnu]
  ignore line: [ignoring nonexistent directory "C:/Users/Lenovo/AppData/Local/Android/Sdk/ndk/25.1.8937393/toolchains/llvm/prebuilt/windows-x86_64/sysroot/include"]
  ignore line: [#include "..." search starts here:]
  ignore line: [#include <...> search starts here:]
  ignore line: [ C:/Users/Lenovo/AppData/Local/Android/Sdk/ndk/25.1.8937393/toolchains/llvm/prebuilt/windows-x86_64/lib64/clang/14.0.6/include]
  ignore line: [ C:/Users/Lenovo/AppData/Local/Android/Sdk/ndk/25.1.8937393/toolchains/llvm/prebuilt/windows-x86_64/sysroot/usr/local/include]
  ignore line: [ C:/Users/Lenovo/AppData/Local/Android/Sdk/ndk/25.1.8937393/toolchains/llvm/prebuilt/windows-x86_64/sysroot/usr/include/arm-linux-androideabi]
  ignore line: [ C:/Users/Lenovo/AppData/Local/Android/Sdk/ndk/25.1.8937393/toolchains/llvm/prebuilt/windows-x86_64/sysroot/usr/include]
  ignore line: [End of search list.]
  ignore line: [[2/2] Linking C executable cmTC_52e9b]
  ignore line: []
  ignore line: [E:\Documents\Desktop\NCNN\ncnn-android-yolov5-fruit\app\.cxx\cmake\debug\armeabi-v7a\CMakeFiles\CMakeTmp>set http_proxy=http://127.0.0.1:7890 ]
  ignore line: []
  ignore line: [E:\Documents\Desktop\NCNN\ncnn-android-yolov5-fruit\app\.cxx\cmake\debug\armeabi-v7a\CMakeFiles\CMakeTmp>set https_proxy=http://127.0.0.1:7890 ]
  ignore line: []
  ignore line: [E:\Documents\Desktop\NCNN\ncnn-android-yolov5-fruit\app\.cxx\cmake\debug\armeabi-v7a\CMakeFiles\CMakeTmp>cls]
  ignore line: [Android (8490178, based on r450784d) clang version 14.0.6 (https://android.googlesource.com/toolchain/llvm-project 4c603efb0cca074e9238af8b4106c30add4418f6)]
  ignore line: [Target: armv7-none-linux-android24]
  ignore line: [Thread model: posix]
  ignore line: [InstalledDir: C:/Users/Lenovo/AppData/Local/Android/Sdk/ndk/25.1.8937393/toolchains/llvm/prebuilt/windows-x86_64/bin]
  ignore line: [Found CUDA installation: C:/Program Files/NVIDIA GPU Computing Toolkit/CUDA/v11.1, version 11.1]
  link line: [ "C:/Users/Lenovo/AppData/Local/Android/Sdk/ndk/25.1.8937393/toolchains/llvm/prebuilt/windows-x86_64/bin/ld" --sysroot=C:/Users/Lenovo/AppData/Local/Android/Sdk/ndk/25.1.8937393/toolchains/llvm/prebuilt/windows-x86_64/sysroot -pie -EL --warn-shared-textrel -z now -z relro -z max-page-size=4096 -X --hash-style=gnu --enable-new-dtags --eh-frame-hdr -m armelf_linux_eabi -dynamic-linker /system/bin/linker -o cmTC_52e9b C:/Users/Lenovo/AppData/Local/Android/Sdk/ndk/25.1.8937393/toolchains/llvm/prebuilt/windows-x86_64/sysroot/usr/lib/arm-linux-androideabi/24/crtbegin_dynamic.o -LC:/Users/Lenovo/AppData/Local/Android/Sdk/ndk/25.1.8937393/toolchains/llvm/prebuilt/windows-x86_64/lib64/clang/14.0.6/lib/linux/arm -LC:/Users/Lenovo/AppData/Local/Android/Sdk/ndk/25.1.8937393/toolchains/llvm/prebuilt/windows-x86_64/sysroot/usr/lib/arm-linux-androideabi/24 -LC:/Users/Lenovo/AppData/Local/Android/Sdk/ndk/25.1.8937393/toolchains/llvm/prebuilt/windows-x86_64/sysroot/usr/lib/arm-linux-androideabi -LC:/Users/Lenovo/AppData/Local/Android/Sdk/ndk/25.1.8937393/toolchains/llvm/prebuilt/windows-x86_64/sysroot/usr/lib/../lib -LC:/Users/Lenovo/AppData/Local/Android/Sdk/ndk/25.1.8937393/toolchains/llvm/prebuilt/windows-x86_64/sysroot/usr/lib --build-id=sha1 --no-rosegment --fatal-warnings --gc-sections --no-undefined --gc-sections CMakeFiles/cmTC_52e9b.dir/OpenMPTryFlag.c.o -latomic -lm -lomp C:/Users/Lenovo/AppData/Local/Android/Sdk/ndk/25.1.8937393/toolchains/llvm/prebuilt/windows-x86_64/lib64/clang/14.0.6/lib/linux/libclang_rt.builtins-arm-android.a -l:libunwind.a -ldl -lc C:/Users/Lenovo/AppData/Local/Android/Sdk/ndk/25.1.8937393/toolchains/llvm/prebuilt/windows-x86_64/lib64/clang/14.0.6/lib/linux/libclang_rt.builtins-arm-android.a -l:libunwind.a -ldl C:/Users/Lenovo/AppData/Local/Android/Sdk/ndk/25.1.8937393/toolchains/llvm/prebuilt/windows-x86_64/sysroot/usr/lib/arm-linux-androideabi/24/crtend_android.o]
    arg [C:/Users/Lenovo/AppData/Local/Android/Sdk/ndk/25.1.8937393/toolchains/llvm/prebuilt/windows-x86_64/bin/ld] ==> ignore
    arg [--sysroot=C:/Users/Lenovo/AppData/Local/Android/Sdk/ndk/25.1.8937393/toolchains/llvm/prebuilt/windows-x86_64/sysroot] ==> ignore
    arg [-pie] ==> ignore
    arg [-EL] ==> ignore
    arg [--warn-shared-textrel] ==> ignore
    arg [-znow] ==> ignore
    arg [-zrelro] ==> ignore
    arg [-zmax-page-size=4096] ==> ignore
    arg [-X] ==> ignore
    arg [--hash-style=gnu] ==> ignore
    arg [--enable-new-dtags] ==> ignore
    arg [--eh-frame-hdr] ==> ignore
    arg [-m] ==> ignore
    arg [armelf_linux_eabi] ==> ignore
    arg [-dynamic-linker] ==> ignore
    arg [/system/bin/linker] ==> ignore
    arg [-o] ==> ignore
    arg [cmTC_52e9b] ==> ignore
    arg [C:/Users/Lenovo/AppData/Local/Android/Sdk/ndk/25.1.8937393/toolchains/llvm/prebuilt/windows-x86_64/sysroot/usr/lib/arm-linux-androideabi/24/crtbegin_dynamic.o] ==> ignore
    arg [-LC:/Users/Lenovo/AppData/Local/Android/Sdk/ndk/25.1.8937393/toolchains/llvm/prebuilt/windows-x86_64/lib64/clang/14.0.6/lib/linux/arm] ==> dir [C:/Users/Lenovo/AppData/Local/Android/Sdk/ndk/25.1.8937393/toolchains/llvm/prebuilt/windows-x86_64/lib64/clang/14.0.6/lib/linux/arm]
    arg [-LC:/Users/Lenovo/AppData/Local/Android/Sdk/ndk/25.1.8937393/toolchains/llvm/prebuilt/windows-x86_64/sysroot/usr/lib/arm-linux-androideabi/24] ==> dir [C:/Users/Lenovo/AppData/Local/Android/Sdk/ndk/25.1.8937393/toolchains/llvm/prebuilt/windows-x86_64/sysroot/usr/lib/arm-linux-androideabi/24]
    arg [-LC:/Users/Lenovo/AppData/Local/Android/Sdk/ndk/25.1.8937393/toolchains/llvm/prebuilt/windows-x86_64/sysroot/usr/lib/arm-linux-androideabi] ==> dir [C:/Users/Lenovo/AppData/Local/Android/Sdk/ndk/25.1.8937393/toolchains/llvm/prebuilt/windows-x86_64/sysroot/usr/lib/arm-linux-androideabi]
    arg [-LC:/Users/Lenovo/AppData/Local/Android/Sdk/ndk/25.1.8937393/toolchains/llvm/prebuilt/windows-x86_64/sysroot/usr/lib/../lib] ==> dir [C:/Users/Lenovo/AppData/Local/Android/Sdk/ndk/25.1.8937393/toolchains/llvm/prebuilt/windows-x86_64/sysroot/usr/lib/../lib]
    arg [-LC:/Users/Lenovo/AppData/Local/Android/Sdk/ndk/25.1.8937393/toolchains/llvm/prebuilt/windows-x86_64/sysroot/usr/lib] ==> dir [C:/Users/Lenovo/AppData/Local/Android/Sdk/ndk/25.1.8937393/toolchains/llvm/prebuilt/windows-x86_64/sysroot/usr/lib]
    arg [--build-id=sha1] ==> ignore
    arg [--no-rosegment] ==> ignore
    arg [--fatal-warnings] ==> ignore
    arg [--gc-sections] ==> ignore
    arg [--no-undefined] ==> ignore
    arg [--gc-sections] ==> ignore
    arg [CMakeFiles/cmTC_52e9b.dir/OpenMPTryFlag.c.o] ==> ignore
    arg [-latomic] ==> lib [atomic]
    arg [-lm] ==> lib [m]
    arg [-lomp] ==> lib [omp]
    arg [C:/Users/Lenovo/AppData/Local/Android/Sdk/ndk/25.1.8937393/toolchains/llvm/prebuilt/windows-x86_64/lib64/clang/14.0.6/lib/linux/libclang_rt.builtins-arm-android.a] ==> lib [C:/Users/Lenovo/AppData/Local/Android/Sdk/ndk/25.1.8937393/toolchains/llvm/prebuilt/windows-x86_64/lib64/clang/14.0.6/lib/linux/libclang_rt.builtins-arm-android.a]
    arg [-l:libunwind.a] ==> lib [-l:libunwind.a]
    arg [-ldl] ==> lib [dl]
    arg [-lc] ==> lib [c]
    arg [C:/Users/Lenovo/AppData/Local/Android/Sdk/ndk/25.1.8937393/toolchains/llvm/prebuilt/windows-x86_64/lib64/clang/14.0.6/lib/linux/libclang_rt.builtins-arm-android.a] ==> lib [C:/Users/Lenovo/AppData/Local/Android/Sdk/ndk/25.1.8937393/toolchains/llvm/prebuilt/windows-x86_64/lib64/clang/14.0.6/lib/linux/libclang_rt.builtins-arm-android.a]
    arg [-l:libunwind.a] ==> lib [-l:libunwind.a]
    arg [-ldl] ==> lib [dl]
    arg [C:/Users/Lenovo/AppData/Local/Android/Sdk/ndk/25.1.8937393/toolchains/llvm/prebuilt/windows-x86_64/sysroot/usr/lib/arm-linux-androideabi/24/crtend_android.o] ==> ignore
  remove lib [C:/Users/Lenovo/AppData/Local/Android/Sdk/ndk/25.1.8937393/toolchains/llvm/prebuilt/windows-x86_64/lib64/clang/14.0.6/lib/linux/libclang_rt.builtins-arm-android.a]
  remove lib [C:/Users/Lenovo/AppData/Local/Android/Sdk/ndk/25.1.8937393/toolchains/llvm/prebuilt/windows-x86_64/lib64/clang/14.0.6/lib/linux/libclang_rt.builtins-arm-android.a]
  collapse library dir [C:/Users/Lenovo/AppData/Local/Android/Sdk/ndk/25.1.8937393/toolchains/llvm/prebuilt/windows-x86_64/lib64/clang/14.0.6/lib/linux/arm] ==> [C:/Users/Lenovo/AppData/Local/Android/Sdk/ndk/25.1.8937393/toolchains/llvm/prebuilt/windows-x86_64/lib64/clang/14.0.6/lib/linux/arm]
  collapse library dir [C:/Users/Lenovo/AppData/Local/Android/Sdk/ndk/25.1.8937393/toolchains/llvm/prebuilt/windows-x86_64/sysroot/usr/lib/arm-linux-androideabi/24] ==> [C:/Users/Lenovo/AppData/Local/Android/Sdk/ndk/25.1.8937393/toolchains/llvm/prebuilt/windows-x86_64/sysroot/usr/lib/arm-linux-androideabi/24]
  collapse library dir [C:/Users/Lenovo/AppData/Local/Android/Sdk/ndk/25.1.8937393/toolchains/llvm/prebuilt/windows-x86_64/sysroot/usr/lib/arm-linux-androideabi] ==> [C:/Users/Lenovo/AppData/Local/Android/Sdk/ndk/25.1.8937393/toolchains/llvm/prebuilt/windows-x86_64/sysroot/usr/lib/arm-linux-androideabi]
  collapse library dir [C:/Users/Lenovo/AppData/Local/Android/Sdk/ndk/25.1.8937393/toolchains/llvm/prebuilt/windows-x86_64/sysroot/usr/lib/../lib] ==> [C:/Users/Lenovo/AppData/Local/Android/Sdk/ndk/25.1.8937393/toolchains/llvm/prebuilt/windows-x86_64/sysroot/usr/lib]
  collapse library dir [C:/Users/Lenovo/AppData/Local/Android/Sdk/ndk/25.1.8937393/toolchains/llvm/prebuilt/windows-x86_64/sysroot/usr/lib] ==> [C:/Users/Lenovo/AppData/Local/Android/Sdk/ndk/25.1.8937393/toolchains/llvm/prebuilt/windows-x86_64/sysroot/usr/lib]
  implicit libs: [atomic;m;omp;-l:libunwind.a;dl;c;-l:libunwind.a;dl]
  implicit dirs: [C:/Users/Lenovo/AppData/Local/Android/Sdk/ndk/25.1.8937393/toolchains/llvm/prebuilt/windows-x86_64/lib64/clang/14.0.6/lib/linux/arm;C:/Users/Lenovo/AppData/Local/Android/Sdk/ndk/25.1.8937393/toolchains/llvm/prebuilt/windows-x86_64/sysroot/usr/lib/arm-linux-androideabi/24;C:/Users/Lenovo/AppData/Local/Android/Sdk/ndk/25.1.8937393/toolchains/llvm/prebuilt/windows-x86_64/sysroot/usr/lib/arm-linux-androideabi;C:/Users/Lenovo/AppData/Local/Android/Sdk/ndk/25.1.8937393/toolchains/llvm/prebuilt/windows-x86_64/sysroot/usr/lib]
  implicit fwks: []


Detecting CXX OpenMP compiler ABI info compiled with the following output:
Change Dir: E:/Documents/Desktop/NCNN/ncnn-android-yolov5-fruit/app/.cxx/cmake/debug/armeabi-v7a/CMakeFiles/CMakeTmp

Run Build Command:"C:\Users\Lenovo\AppData\Local\Android\Sdk\cmake\3.10.2.4988404\bin\ninja.exe" "cmTC_33676"
[1/2] Building CXX object CMakeFiles/cmTC_33676.dir/OpenMPTryFlag.cpp.o
Android (8490178, based on r450784d) clang version 14.0.6 (https://android.googlesource.com/toolchain/llvm-project 4c603efb0cca074e9238af8b4106c30add4418f6)
Target: armv7-none-linux-android24
Thread model: posix
InstalledDir: C:/Users/Lenovo/AppData/Local/Android/Sdk/ndk/25.1.8937393/toolchains/llvm/prebuilt/windows-x86_64/bin
Found CUDA installation: C:/Program Files/NVIDIA GPU Computing Toolkit/CUDA/v11.1, version 11.1
 (in-process)
 "C:/Users/Lenovo/AppData/Local/Android/Sdk/ndk/25.1.8937393/toolchains/llvm/prebuilt/windows-x86_64/bin/clang++.exe" -cc1 -triple thumbv7-none-linux-android24 -emit-obj -mrelax-all --mrelax-relocations -disable-free -clear-ast-before-backend -disable-llvm-verifier -discard-value-names -main-file-name OpenMPTryFlag.cpp -mrelocation-model pic -pic-level 2 -pic-is-pie -mframe-pointer=all -ffp-contract=on -fno-rounding-math -mconstructor-aliases -funwind-tables=1 -target-cpu generic -target-feature +soft-float-abi -target-feature +vfp2 -target-feature +vfp2sp -target-feature +vfp3 -target-feature +vfp3d16 -target-feature +vfp3d16sp -target-feature +vfp3sp -target-feature -fp16 -target-feature -vfp4 -target-feature -vfp4d16 -target-feature -vfp4d16sp -target-feature -vfp4sp -target-feature -fp-armv8 -target-feature -fp-armv8d16 -target-feature -fp-armv8d16sp -target-feature -fp-armv8sp -target-feature -fullfp16 -target-feature +fp64 -target-feature +d32 -target-feature +neon -target-feature -sha2 -target-feature -aes -target-feature -fp16fml -target-abi aapcs-linux -mfloat-abi soft -fallow-half-arguments-and-returns -mllvm -treat-scalable-fixed-error-as-warning -debug-info-kind=constructor -dwarf-version=4 -debugger-tuning=gdb -v -ffunction-sections -fdata-sections -fcoverage-compilation-dir=E:/Documents/Desktop/NCNN/ncnn-android-yolov5-fruit/app/.cxx/cmake/debug/armeabi-v7a/CMakeFiles/CMakeTmp -resource-dir C:/Users/Lenovo/AppData/Local/Android/Sdk/ndk/25.1.8937393/toolchains/llvm/prebuilt/windows-x86_64/lib64/clang/14.0.6 -D ANDROID -D _FORTIFY_SOURCE=2 -isysroot C:/Users/Lenovo/AppData/Local/Android/Sdk/ndk/25.1.8937393/toolchains/llvm/prebuilt/windows-x86_64/sysroot -internal-isystem C:/Users/Lenovo/AppData/Local/Android/Sdk/ndk/25.1.8937393/toolchains/llvm/prebuilt/windows-x86_64/sysroot/usr/include/c++/v1 -internal-isystem C:/Users/Lenovo/AppData/Local/Android/Sdk/ndk/25.1.8937393/toolchains/llvm/prebuilt/windows-x86_64/lib64/clang/14.0.6/include -internal-isystem C:/Users/Lenovo/AppData/Local/Android/Sdk/ndk/25.1.8937393/toolchains/llvm/prebuilt/windows-x86_64/sysroot/usr/local/include -internal-externc-isystem C:/Users/Lenovo/AppData/Local/Android/Sdk/ndk/25.1.8937393/toolchains/llvm/prebuilt/windows-x86_64/sysroot/usr/include/arm-linux-androideabi -internal-externc-isystem C:/Users/Lenovo/AppData/Local/Android/Sdk/ndk/25.1.8937393/toolchains/llvm/prebuilt/windows-x86_64/sysroot/include -internal-externc-isystem C:/Users/Lenovo/AppData/Local/Android/Sdk/ndk/25.1.8937393/toolchains/llvm/prebuilt/windows-x86_64/sysroot/usr/include -Wformat -Werror=format-security -fdeprecated-macro -fdebug-compilation-dir=E:/Documents/Desktop/NCNN/ncnn-android-yolov5-fruit/app/.cxx/cmake/debug/armeabi-v7a/CMakeFiles/CMakeTmp -ferror-limit 19 -fopenmp -fopenmp-target-new-runtime -stack-protector 2 -fno-signed-char -fgnuc-version=4.2.1 -fcxx-exceptions -fexceptions -D__GCC_HAVE_DWARF2_CFI_ASM=1 -o CMakeFiles/cmTC_33676.dir/OpenMPTryFlag.cpp.o -x c++ E:/Documents/Desktop/NCNN/ncnn-android-yolov5-fruit/app/.cxx/cmake/debug/armeabi-v7a/CMakeFiles/FindOpenMP/OpenMPTryFlag.cpp
clang -cc1 version 14.0.6 based upon LLVM 14.0.6git default target x86_64-w64-windows-gnu
ignoring nonexistent directory "C:/Users/Lenovo/AppData/Local/Android/Sdk/ndk/25.1.8937393/toolchains/llvm/prebuilt/windows-x86_64/sysroot/include"
#include "..." search starts here:
#include <...> search starts here:
 C:/Users/Lenovo/AppData/Local/Android/Sdk/ndk/25.1.8937393/toolchains/llvm/prebuilt/windows-x86_64/sysroot/usr/include/c++/v1
 C:/Users/Lenovo/AppData/Local/Android/Sdk/ndk/25.1.8937393/toolchains/llvm/prebuilt/windows-x86_64/lib64/clang/14.0.6/include
 C:/Users/Lenovo/AppData/Local/Android/Sdk/ndk/25.1.8937393/toolchains/llvm/prebuilt/windows-x86_64/sysroot/usr/local/include
 C:/Users/Lenovo/AppData/Local/Android/Sdk/ndk/25.1.8937393/toolchains/llvm/prebuilt/windows-x86_64/sysroot/usr/include/arm-linux-androideabi
 C:/Users/Lenovo/AppData/Local/Android/Sdk/ndk/25.1.8937393/toolchains/llvm/prebuilt/windows-x86_64/sysroot/usr/include
End of search list.
[2/2] Linking CXX executable cmTC_33676

E:\Documents\Desktop\NCNN\ncnn-android-yolov5-fruit\app\.cxx\cmake\debug\armeabi-v7a\CMakeFiles\CMakeTmp>set http_proxy=http://127.0.0.1:7890 

E:\Documents\Desktop\NCNN\ncnn-android-yolov5-fruit\app\.cxx\cmake\debug\armeabi-v7a\CMakeFiles\CMakeTmp>set https_proxy=http://127.0.0.1:7890 

E:\Documents\Desktop\NCNN\ncnn-android-yolov5-fruit\app\.cxx\cmake\debug\armeabi-v7a\CMakeFiles\CMakeTmp>cls
Android (8490178, based on r450784d) clang version 14.0.6 (https://android.googlesource.com/toolchain/llvm-project 4c603efb0cca074e9238af8b4106c30add4418f6)
Target: armv7-none-linux-android24
Thread model: posix
InstalledDir: C:/Users/Lenovo/AppData/Local/Android/Sdk/ndk/25.1.8937393/toolchains/llvm/prebuilt/windows-x86_64/bin
Found CUDA installation: C:/Program Files/NVIDIA GPU Computing Toolkit/CUDA/v11.1, version 11.1
 "C:/Users/Lenovo/AppData/Local/Android/Sdk/ndk/25.1.8937393/toolchains/llvm/prebuilt/windows-x86_64/bin/ld" --sysroot=C:/Users/Lenovo/AppData/Local/Android/Sdk/ndk/25.1.8937393/toolchains/llvm/prebuilt/windows-x86_64/sysroot -pie -EL --warn-shared-textrel -z now -z relro -z max-page-size=4096 -X --hash-style=gnu --enable-new-dtags --eh-frame-hdr -m armelf_linux_eabi -dynamic-linker /system/bin/linker -o cmTC_33676 C:/Users/Lenovo/AppData/Local/Android/Sdk/ndk/25.1.8937393/toolchains/llvm/prebuilt/windows-x86_64/sysroot/usr/lib/arm-linux-androideabi/24/crtbegin_dynamic.o -LC:/Users/Lenovo/AppData/Local/Android/Sdk/ndk/25.1.8937393/toolchains/llvm/prebuilt/windows-x86_64/lib64/clang/14.0.6/lib/linux/arm -LC:/Users/Lenovo/AppData/Local/Android/Sdk/ndk/25.1.8937393/toolchains/llvm/prebuilt/windows-x86_64/sysroot/usr/lib/arm-linux-androideabi/24 -LC:/Users/Lenovo/AppData/Local/Android/Sdk/ndk/25.1.8937393/toolchains/llvm/prebuilt/windows-x86_64/sysroot/usr/lib/arm-linux-androideabi -LC:/Users/Lenovo/AppData/Local/Android/Sdk/ndk/25.1.8937393/toolchains/llvm/prebuilt/windows-x86_64/sysroot/usr/lib/../lib -LC:/Users/Lenovo/AppData/Local/Android/Sdk/ndk/25.1.8937393/toolchains/llvm/prebuilt/windows-x86_64/sysroot/usr/lib --build-id=sha1 --no-rosegment --fatal-warnings --gc-sections --no-undefined --gc-sections CMakeFiles/cmTC_33676.dir/OpenMPTryFlag.cpp.o -latomic -lm -Bstatic -lc++ -Bdynamic -lm -lomp C:/Users/Lenovo/AppData/Local/Android/Sdk/ndk/25.1.8937393/toolchains/llvm/prebuilt/windows-x86_64/lib64/clang/14.0.6/lib/linux/libclang_rt.builtins-arm-android.a -l:libunwind.a -ldl -lc C:/Users/Lenovo/AppData/Local/Android/Sdk/ndk/25.1.8937393/toolchains/llvm/prebuilt/windows-x86_64/lib64/clang/14.0.6/lib/linux/libclang_rt.builtins-arm-android.a -l:libunwind.a -ldl C:/Users/Lenovo/AppData/Local/Android/Sdk/ndk/25.1.8937393/toolchains/llvm/prebuilt/windows-x86_64/sysroot/usr/lib/arm-linux-androideabi/24/crtend_android.o


Parsed CXX OpenMP implicit link information from above output:
  link line regex: [^( *|.*[/\])(CMAKE_LINKER-NOTFOUND|CMAKE_LINK_STARTFILE-NOTFOUND|([^/\]+-)?ld|collect2)[^/\]*( |$)]
  ignore line: [Change Dir: E:/Documents/Desktop/NCNN/ncnn-android-yolov5-fruit/app/.cxx/cmake/debug/armeabi-v7a/CMakeFiles/CMakeTmp]
  ignore line: []
  ignore line: [Run Build Command:"C:\Users\Lenovo\AppData\Local\Android\Sdk\cmake\3.10.2.4988404\bin\ninja.exe" "cmTC_33676"]
  ignore line: [[1/2] Building CXX object CMakeFiles/cmTC_33676.dir/OpenMPTryFlag.cpp.o]
  ignore line: [Android (8490178, based on r450784d) clang version 14.0.6 (https://android.googlesource.com/toolchain/llvm-project 4c603efb0cca074e9238af8b4106c30add4418f6)]
  ignore line: [Target: armv7-none-linux-android24]
  ignore line: [Thread model: posix]
  ignore line: [InstalledDir: C:/Users/Lenovo/AppData/Local/Android/Sdk/ndk/25.1.8937393/toolchains/llvm/prebuilt/windows-x86_64/bin]
  ignore line: [Found CUDA installation: C:/Program Files/NVIDIA GPU Computing Toolkit/CUDA/v11.1, version 11.1]
  ignore line: [ (in-process)]
  ignore line: [ "C:/Users/Lenovo/AppData/Local/Android/Sdk/ndk/25.1.8937393/toolchains/llvm/prebuilt/windows-x86_64/bin/clang++.exe" -cc1 -triple thumbv7-none-linux-android24 -emit-obj -mrelax-all --mrelax-relocations -disable-free -clear-ast-before-backend -disable-llvm-verifier -discard-value-names -main-file-name OpenMPTryFlag.cpp -mrelocation-model pic -pic-level 2 -pic-is-pie -mframe-pointer=all -ffp-contract=on -fno-rounding-math -mconstructor-aliases -funwind-tables=1 -target-cpu generic -target-feature +soft-float-abi -target-feature +vfp2 -target-feature +vfp2sp -target-feature +vfp3 -target-feature +vfp3d16 -target-feature +vfp3d16sp -target-feature +vfp3sp -target-feature -fp16 -target-feature -vfp4 -target-feature -vfp4d16 -target-feature -vfp4d16sp -target-feature -vfp4sp -target-feature -fp-armv8 -target-feature -fp-armv8d16 -target-feature -fp-armv8d16sp -target-feature -fp-armv8sp -target-feature -fullfp16 -target-feature +fp64 -target-feature +d32 -target-feature +neon -target-feature -sha2 -target-feature -aes -target-feature -fp16fml -target-abi aapcs-linux -mfloat-abi soft -fallow-half-arguments-and-returns -mllvm -treat-scalable-fixed-error-as-warning -debug-info-kind=constructor -dwarf-version=4 -debugger-tuning=gdb -v -ffunction-sections -fdata-sections -fcoverage-compilation-dir=E:/Documents/Desktop/NCNN/ncnn-android-yolov5-fruit/app/.cxx/cmake/debug/armeabi-v7a/CMakeFiles/CMakeTmp -resource-dir C:/Users/Lenovo/AppData/Local/Android/Sdk/ndk/25.1.8937393/toolchains/llvm/prebuilt/windows-x86_64/lib64/clang/14.0.6 -D ANDROID -D _FORTIFY_SOURCE=2 -isysroot C:/Users/Lenovo/AppData/Local/Android/Sdk/ndk/25.1.8937393/toolchains/llvm/prebuilt/windows-x86_64/sysroot -internal-isystem C:/Users/Lenovo/AppData/Local/Android/Sdk/ndk/25.1.8937393/toolchains/llvm/prebuilt/windows-x86_64/sysroot/usr/include/c++/v1 -internal-isystem C:/Users/Lenovo/AppData/Local/Android/Sdk/ndk/25.1.8937393/toolchains/llvm/prebuilt/windows-x86_64/lib64/clang/14.0.6/include -internal-isystem C:/Users/Lenovo/AppData/Local/Android/Sdk/ndk/25.1.8937393/toolchains/llvm/prebuilt/windows-x86_64/sysroot/usr/local/include -internal-externc-isystem C:/Users/Lenovo/AppData/Local/Android/Sdk/ndk/25.1.8937393/toolchains/llvm/prebuilt/windows-x86_64/sysroot/usr/include/arm-linux-androideabi -internal-externc-isystem C:/Users/Lenovo/AppData/Local/Android/Sdk/ndk/25.1.8937393/toolchains/llvm/prebuilt/windows-x86_64/sysroot/include -internal-externc-isystem C:/Users/Lenovo/AppData/Local/Android/Sdk/ndk/25.1.8937393/toolchains/llvm/prebuilt/windows-x86_64/sysroot/usr/include -Wformat -Werror=format-security -fdeprecated-macro -fdebug-compilation-dir=E:/Documents/Desktop/NCNN/ncnn-android-yolov5-fruit/app/.cxx/cmake/debug/armeabi-v7a/CMakeFiles/CMakeTmp -ferror-limit 19 -fopenmp -fopenmp-target-new-runtime -stack-protector 2 -fno-signed-char -fgnuc-version=4.2.1 -fcxx-exceptions -fexceptions -D__GCC_HAVE_DWARF2_CFI_ASM=1 -o CMakeFiles/cmTC_33676.dir/OpenMPTryFlag.cpp.o -x c++ E:/Documents/Desktop/NCNN/ncnn-android-yolov5-fruit/app/.cxx/cmake/debug/armeabi-v7a/CMakeFiles/FindOpenMP/OpenMPTryFlag.cpp]
  ignore line: [clang -cc1 version 14.0.6 based upon LLVM 14.0.6git default target x86_64-w64-windows-gnu]
  ignore line: [ignoring nonexistent directory "C:/Users/Lenovo/AppData/Local/Android/Sdk/ndk/25.1.8937393/toolchains/llvm/prebuilt/windows-x86_64/sysroot/include"]
  ignore line: [#include "..." search starts here:]
  ignore line: [#include <...> search starts here:]
  ignore line: [ C:/Users/Lenovo/AppData/Local/Android/Sdk/ndk/25.1.8937393/toolchains/llvm/prebuilt/windows-x86_64/sysroot/usr/include/c++/v1]
  ignore line: [ C:/Users/Lenovo/AppData/Local/Android/Sdk/ndk/25.1.8937393/toolchains/llvm/prebuilt/windows-x86_64/lib64/clang/14.0.6/include]
  ignore line: [ C:/Users/Lenovo/AppData/Local/Android/Sdk/ndk/25.1.8937393/toolchains/llvm/prebuilt/windows-x86_64/sysroot/usr/local/include]
  ignore line: [ C:/Users/Lenovo/AppData/Local/Android/Sdk/ndk/25.1.8937393/toolchains/llvm/prebuilt/windows-x86_64/sysroot/usr/include/arm-linux-androideabi]
  ignore line: [ C:/Users/Lenovo/AppData/Local/Android/Sdk/ndk/25.1.8937393/toolchains/llvm/prebuilt/windows-x86_64/sysroot/usr/include]
  ignore line: [End of search list.]
  ignore line: [[2/2] Linking CXX executable cmTC_33676]
  ignore line: []
  ignore line: [E:\Documents\Desktop\NCNN\ncnn-android-yolov5-fruit\app\.cxx\cmake\debug\armeabi-v7a\CMakeFiles\CMakeTmp>set http_proxy=http://127.0.0.1:7890 ]
  ignore line: []
  ignore line: [E:\Documents\Desktop\NCNN\ncnn-android-yolov5-fruit\app\.cxx\cmake\debug\armeabi-v7a\CMakeFiles\CMakeTmp>set https_proxy=http://127.0.0.1:7890 ]
  ignore line: []
  ignore line: [E:\Documents\Desktop\NCNN\ncnn-android-yolov5-fruit\app\.cxx\cmake\debug\armeabi-v7a\CMakeFiles\CMakeTmp>cls]
  ignore line: [Android (8490178, based on r450784d) clang version 14.0.6 (https://android.googlesource.com/toolchain/llvm-project 4c603efb0cca074e9238af8b4106c30add4418f6)]
  ignore line: [Target: armv7-none-linux-android24]
  ignore line: [Thread model: posix]
  ignore line: [InstalledDir: C:/Users/Lenovo/AppData/Local/Android/Sdk/ndk/25.1.8937393/toolchains/llvm/prebuilt/windows-x86_64/bin]
  ignore line: [Found CUDA installation: C:/Program Files/NVIDIA GPU Computing Toolkit/CUDA/v11.1, version 11.1]
  link line: [ "C:/Users/Lenovo/AppData/Local/Android/Sdk/ndk/25.1.8937393/toolchains/llvm/prebuilt/windows-x86_64/bin/ld" --sysroot=C:/Users/Lenovo/AppData/Local/Android/Sdk/ndk/25.1.8937393/toolchains/llvm/prebuilt/windows-x86_64/sysroot -pie -EL --warn-shared-textrel -z now -z relro -z max-page-size=4096 -X --hash-style=gnu --enable-new-dtags --eh-frame-hdr -m armelf_linux_eabi -dynamic-linker /system/bin/linker -o cmTC_33676 C:/Users/Lenovo/AppData/Local/Android/Sdk/ndk/25.1.8937393/toolchains/llvm/prebuilt/windows-x86_64/sysroot/usr/lib/arm-linux-androideabi/24/crtbegin_dynamic.o -LC:/Users/Lenovo/AppData/Local/Android/Sdk/ndk/25.1.8937393/toolchains/llvm/prebuilt/windows-x86_64/lib64/clang/14.0.6/lib/linux/arm -LC:/Users/Lenovo/AppData/Local/Android/Sdk/ndk/25.1.8937393/toolchains/llvm/prebuilt/windows-x86_64/sysroot/usr/lib/arm-linux-androideabi/24 -LC:/Users/Lenovo/AppData/Local/Android/Sdk/ndk/25.1.8937393/toolchains/llvm/prebuilt/windows-x86_64/sysroot/usr/lib/arm-linux-androideabi -LC:/Users/Lenovo/AppData/Local/Android/Sdk/ndk/25.1.8937393/toolchains/llvm/prebuilt/windows-x86_64/sysroot/usr/lib/../lib -LC:/Users/Lenovo/AppData/Local/Android/Sdk/ndk/25.1.8937393/toolchains/llvm/prebuilt/windows-x86_64/sysroot/usr/lib --build-id=sha1 --no-rosegment --fatal-warnings --gc-sections --no-undefined --gc-sections CMakeFiles/cmTC_33676.dir/OpenMPTryFlag.cpp.o -latomic -lm -Bstatic -lc++ -Bdynamic -lm -lomp C:/Users/Lenovo/AppData/Local/Android/Sdk/ndk/25.1.8937393/toolchains/llvm/prebuilt/windows-x86_64/lib64/clang/14.0.6/lib/linux/libclang_rt.builtins-arm-android.a -l:libunwind.a -ldl -lc C:/Users/Lenovo/AppData/Local/Android/Sdk/ndk/25.1.8937393/toolchains/llvm/prebuilt/windows-x86_64/lib64/clang/14.0.6/lib/linux/libclang_rt.builtins-arm-android.a -l:libunwind.a -ldl C:/Users/Lenovo/AppData/Local/Android/Sdk/ndk/25.1.8937393/toolchains/llvm/prebuilt/windows-x86_64/sysroot/usr/lib/arm-linux-androideabi/24/crtend_android.o]
    arg [C:/Users/Lenovo/AppData/Local/Android/Sdk/ndk/25.1.8937393/toolchains/llvm/prebuilt/windows-x86_64/bin/ld] ==> ignore
    arg [--sysroot=C:/Users/Lenovo/AppData/Local/Android/Sdk/ndk/25.1.8937393/toolchains/llvm/prebuilt/windows-x86_64/sysroot] ==> ignore
    arg [-pie] ==> ignore
    arg [-EL] ==> ignore
    arg [--warn-shared-textrel] ==> ignore
    arg [-znow] ==> ignore
    arg [-zrelro] ==> ignore
    arg [-zmax-page-size=4096] ==> ignore
    arg [-X] ==> ignore
    arg [--hash-style=gnu] ==> ignore
    arg [--enable-new-dtags] ==> ignore
    arg [--eh-frame-hdr] ==> ignore
    arg [-m] ==> ignore
    arg [armelf_linux_eabi] ==> ignore
    arg [-dynamic-linker] ==> ignore
    arg [/system/bin/linker] ==> ignore
    arg [-o] ==> ignore
    arg [cmTC_33676] ==> ignore
    arg [C:/Users/Lenovo/AppData/Local/Android/Sdk/ndk/25.1.8937393/toolchains/llvm/prebuilt/windows-x86_64/sysroot/usr/lib/arm-linux-androideabi/24/crtbegin_dynamic.o] ==> ignore
    arg [-LC:/Users/Lenovo/AppData/Local/Android/Sdk/ndk/25.1.8937393/toolchains/llvm/prebuilt/windows-x86_64/lib64/clang/14.0.6/lib/linux/arm] ==> dir [C:/Users/Lenovo/AppData/Local/Android/Sdk/ndk/25.1.8937393/toolchains/llvm/prebuilt/windows-x86_64/lib64/clang/14.0.6/lib/linux/arm]
    arg [-LC:/Users/Lenovo/AppData/Local/Android/Sdk/ndk/25.1.8937393/toolchains/llvm/prebuilt/windows-x86_64/sysroot/usr/lib/arm-linux-androideabi/24] ==> dir [C:/Users/Lenovo/AppData/Local/Android/Sdk/ndk/25.1.8937393/toolchains/llvm/prebuilt/windows-x86_64/sysroot/usr/lib/arm-linux-androideabi/24]
    arg [-LC:/Users/Lenovo/AppData/Local/Android/Sdk/ndk/25.1.8937393/toolchains/llvm/prebuilt/windows-x86_64/sysroot/usr/lib/arm-linux-androideabi] ==> dir [C:/Users/Lenovo/AppData/Local/Android/Sdk/ndk/25.1.8937393/toolchains/llvm/prebuilt/windows-x86_64/sysroot/usr/lib/arm-linux-androideabi]
    arg [-LC:/Users/Lenovo/AppData/Local/Android/Sdk/ndk/25.1.8937393/toolchains/llvm/prebuilt/windows-x86_64/sysroot/usr/lib/../lib] ==> dir [C:/Users/Lenovo/AppData/Local/Android/Sdk/ndk/25.1.8937393/toolchains/llvm/prebuilt/windows-x86_64/sysroot/usr/lib/../lib]
    arg [-LC:/Users/Lenovo/AppData/Local/Android/Sdk/ndk/25.1.8937393/toolchains/llvm/prebuilt/windows-x86_64/sysroot/usr/lib] ==> dir [C:/Users/Lenovo/AppData/Local/Android/Sdk/ndk/25.1.8937393/toolchains/llvm/prebuilt/windows-x86_64/sysroot/usr/lib]
    arg [--build-id=sha1] ==> ignore
    arg [--no-rosegment] ==> ignore
    arg [--fatal-warnings] ==> ignore
    arg [--gc-sections] ==> ignore
    arg [--no-undefined] ==> ignore
    arg [--gc-sections] ==> ignore
    arg [CMakeFiles/cmTC_33676.dir/OpenMPTryFlag.cpp.o] ==> ignore
    arg [-latomic] ==> lib [atomic]
    arg [-lm] ==> lib [m]
    arg [-Bstatic] ==> ignore
    arg [-lc++] ==> lib [c++]
    arg [-Bdynamic] ==> ignore
    arg [-lm] ==> lib [m]
    arg [-lomp] ==> lib [omp]
    arg [C:/Users/Lenovo/AppData/Local/Android/Sdk/ndk/25.1.8937393/toolchains/llvm/prebuilt/windows-x86_64/lib64/clang/14.0.6/lib/linux/libclang_rt.builtins-arm-android.a] ==> lib [C:/Users/Lenovo/AppData/Local/Android/Sdk/ndk/25.1.8937393/toolchains/llvm/prebuilt/windows-x86_64/lib64/clang/14.0.6/lib/linux/libclang_rt.builtins-arm-android.a]
    arg [-l:libunwind.a] ==> lib [-l:libunwind.a]
    arg [-ldl] ==> lib [dl]
    arg [-lc] ==> lib [c]
    arg [C:/Users/Lenovo/AppData/Local/Android/Sdk/ndk/25.1.8937393/toolchains/llvm/prebuilt/windows-x86_64/lib64/clang/14.0.6/lib/linux/libclang_rt.builtins-arm-android.a] ==> lib [C:/Users/Lenovo/AppData/Local/Android/Sdk/ndk/25.1.8937393/toolchains/llvm/prebuilt/windows-x86_64/lib64/clang/14.0.6/lib/linux/libclang_rt.builtins-arm-android.a]
    arg [-l:libunwind.a] ==> lib [-l:libunwind.a]
    arg [-ldl] ==> lib [dl]
    arg [C:/Users/Lenovo/AppData/Local/Android/Sdk/ndk/25.1.8937393/toolchains/llvm/prebuilt/windows-x86_64/sysroot/usr/lib/arm-linux-androideabi/24/crtend_android.o] ==> ignore
  remove lib [C:/Users/Lenovo/AppData/Local/Android/Sdk/ndk/25.1.8937393/toolchains/llvm/prebuilt/windows-x86_64/lib64/clang/14.0.6/lib/linux/libclang_rt.builtins-arm-android.a]
  remove lib [C:/Users/Lenovo/AppData/Local/Android/Sdk/ndk/25.1.8937393/toolchains/llvm/prebuilt/windows-x86_64/lib64/clang/14.0.6/lib/linux/libclang_rt.builtins-arm-android.a]
  collapse library dir [C:/Users/Lenovo/AppData/Local/Android/Sdk/ndk/25.1.8937393/toolchains/llvm/prebuilt/windows-x86_64/lib64/clang/14.0.6/lib/linux/arm] ==> [C:/Users/Lenovo/AppData/Local/Android/Sdk/ndk/25.1.8937393/toolchains/llvm/prebuilt/windows-x86_64/lib64/clang/14.0.6/lib/linux/arm]
  collapse library dir [C:/Users/Lenovo/AppData/Local/Android/Sdk/ndk/25.1.8937393/toolchains/llvm/prebuilt/windows-x86_64/sysroot/usr/lib/arm-linux-androideabi/24] ==> [C:/Users/Lenovo/AppData/Local/Android/Sdk/ndk/25.1.8937393/toolchains/llvm/prebuilt/windows-x86_64/sysroot/usr/lib/arm-linux-androideabi/24]
  collapse library dir [C:/Users/Lenovo/AppData/Local/Android/Sdk/ndk/25.1.8937393/toolchains/llvm/prebuilt/windows-x86_64/sysroot/usr/lib/arm-linux-androideabi] ==> [C:/Users/Lenovo/AppData/Local/Android/Sdk/ndk/25.1.8937393/toolchains/llvm/prebuilt/windows-x86_64/sysroot/usr/lib/arm-linux-androideabi]
  collapse library dir [C:/Users/Lenovo/AppData/Local/Android/Sdk/ndk/25.1.8937393/toolchains/llvm/prebuilt/windows-x86_64/sysroot/usr/lib/../lib] ==> [C:/Users/Lenovo/AppData/Local/Android/Sdk/ndk/25.1.8937393/toolchains/llvm/prebuilt/windows-x86_64/sysroot/usr/lib]
  collapse library dir [C:/Users/Lenovo/AppData/Local/Android/Sdk/ndk/25.1.8937393/toolchains/llvm/prebuilt/windows-x86_64/sysroot/usr/lib] ==> [C:/Users/Lenovo/AppData/Local/Android/Sdk/ndk/25.1.8937393/toolchains/llvm/prebuilt/windows-x86_64/sysroot/usr/lib]
  implicit libs: [atomic;m;c++;m;omp;-l:libunwind.a;dl;c;-l:libunwind.a;dl]
  implicit dirs: [C:/Users/Lenovo/AppData/Local/Android/Sdk/ndk/25.1.8937393/toolchains/llvm/prebuilt/windows-x86_64/lib64/clang/14.0.6/lib/linux/arm;C:/Users/Lenovo/AppData/Local/Android/Sdk/ndk/25.1.8937393/toolchains/llvm/prebuilt/windows-x86_64/sysroot/usr/lib/arm-linux-androideabi/24;C:/Users/Lenovo/AppData/Local/Android/Sdk/ndk/25.1.8937393/toolchains/llvm/prebuilt/windows-x86_64/sysroot/usr/lib/arm-linux-androideabi;C:/Users/Lenovo/AppData/Local/Android/Sdk/ndk/25.1.8937393/toolchains/llvm/prebuilt/windows-x86_64/sysroot/usr/lib]
  implicit fwks: []


Determining if the include file pthread.h exists passed with the following output:
Change Dir: E:/Documents/Desktop/NCNN/ncnn-android-yolov5-fruit/app/.cxx/cmake/debug/armeabi-v7a/CMakeFiles/CMakeTmp

Run Build Command:"C:\Users\Lenovo\AppData\Local\Android\Sdk\cmake\3.10.2.4988404\bin\ninja.exe" "cmTC_af7ab"
[1/2] Building C object CMakeFiles/cmTC_af7ab.dir/CheckIncludeFile.c.o
[2/2] Linking C executable cmTC_af7ab

E:\Documents\Desktop\NCNN\ncnn-android-yolov5-fruit\app\.cxx\cmake\debug\armeabi-v7a\CMakeFiles\CMakeTmp>set http_proxy=http://127.0.0.1:7890 

E:\Documents\Desktop\NCNN\ncnn-android-yolov5-fruit\app\.cxx\cmake\debug\armeabi-v7a\CMakeFiles\CMakeTmp>set https_proxy=http://127.0.0.1:7890 

E:\Documents\Desktop\NCNN\ncnn-android-yolov5-fruit\app\.cxx\cmake\debug\armeabi-v7a\CMakeFiles\CMakeTmp>cls



Determining if the pthread_create exist passed with the following output:
Change Dir: E:/Documents/Desktop/NCNN/ncnn-android-yolov5-fruit/app/.cxx/cmake/debug/armeabi-v7a/CMakeFiles/CMakeTmp

Run Build Command:"C:\Users\Lenovo\AppData\Local\Android\Sdk\cmake\3.10.2.4988404\bin\ninja.exe" "cmTC_86960"
[1/2] Building C object CMakeFiles/cmTC_86960.dir/CheckSymbolExists.c.o
[2/2] Linking C executable cmTC_86960

E:\Documents\Desktop\NCNN\ncnn-android-yolov5-fruit\app\.cxx\cmake\debug\armeabi-v7a\CMakeFiles\CMakeTmp>set http_proxy=http://127.0.0.1:7890 

E:\Documents\Desktop\NCNN\ncnn-android-yolov5-fruit\app\.cxx\cmake\debug\armeabi-v7a\CMakeFiles\CMakeTmp>set https_proxy=http://127.0.0.1:7890 

E:\Documents\Desktop\NCNN\ncnn-android-yolov5-fruit\app\.cxx\cmake\debug\armeabi-v7a\CMakeFiles\CMakeTmp>cls


File E:/Documents/Desktop/NCNN/ncnn-android-yolov5-fruit/app/.cxx/cmake/debug/armeabi-v7a/CMakeFiles/CMakeTmp/CheckSymbolExists.c:
/* */
#include <pthread.h>

int main(int argc, char** argv)
{
  (void)argv;
#ifndef pthread_create
  return ((int*)(&pthread_create))[argc];
#else
  (void)argc;
  return 0;
#endif
}

