The target system is: Android - 1 - aarch64
The host system is: Windows - 10.0.19045 - AMD64
Determining if the C compiler works passed with the following output:
Change Dir: E:/Documents/Desktop/NCNN/ncnn-android-yolov5-fruit/app/.cxx/cmake/debug/arm64-v8a/CMakeFiles/CMakeTmp

Run Build Command:"C:\Users\Lenovo\AppData\Local\Android\Sdk\cmake\3.10.2.4988404\bin\ninja.exe" "cmTC_b174d"
[1/2] Building C object CMakeFiles/cmTC_b174d.dir/testCCompiler.c.o
[2/2] Linking C executable cmTC_b174d

E:\Documents\Desktop\NCNN\ncnn-android-yolov5-fruit\app\.cxx\cmake\debug\arm64-v8a\CMakeFiles\CMakeTmp>set http_proxy=http://127.0.0.1:7890 

E:\Documents\Desktop\NCNN\ncnn-android-yolov5-fruit\app\.cxx\cmake\debug\arm64-v8a\CMakeFiles\CMakeTmp>set https_proxy=http://127.0.0.1:7890 

E:\Documents\Desktop\NCNN\ncnn-android-yolov5-fruit\app\.cxx\cmake\debug\arm64-v8a\CMakeFiles\CMakeTmp>cls



Detecting C compiler ABI info compiled with the following output:
Change Dir: E:/Documents/Desktop/NCNN/ncnn-android-yolov5-fruit/app/.cxx/cmake/debug/arm64-v8a/CMakeFiles/CMakeTmp

Run Build Command:"C:\Users\Lenovo\AppData\Local\Android\Sdk\cmake\3.10.2.4988404\bin\ninja.exe" "cmTC_54c51"
[1/2] Building C object CMakeFiles/cmTC_54c51.dir/CMakeCCompilerABI.c.o
[2/2] Linking C executable cmTC_54c51

E:\Documents\Desktop\NCNN\ncnn-android-yolov5-fruit\app\.cxx\cmake\debug\arm64-v8a\CMakeFiles\CMakeTmp>set http_proxy=http://127.0.0.1:7890 

E:\Documents\Desktop\NCNN\ncnn-android-yolov5-fruit\app\.cxx\cmake\debug\arm64-v8a\CMakeFiles\CMakeTmp>set https_proxy=http://127.0.0.1:7890 

E:\Documents\Desktop\NCNN\ncnn-android-yolov5-fruit\app\.cxx\cmake\debug\arm64-v8a\CMakeFiles\CMakeTmp>cls
Android (8490178, based on r450784d) clang version 14.0.6 (https://android.googlesource.com/toolchain/llvm-project 4c603efb0cca074e9238af8b4106c30add4418f6)
Target: aarch64-none-linux-android24
Thread model: posix
InstalledDir: C:/Users/Lenovo/AppData/Local/Android/Sdk/ndk/25.1.8937393/toolchains/llvm/prebuilt/windows-x86_64/bin
Found CUDA installation: C:/Program Files/NVIDIA GPU Computing Toolkit/CUDA/v11.1, version 11.1
 "C:/Users/Lenovo/AppData/Local/Android/Sdk/ndk/25.1.8937393/toolchains/llvm/prebuilt/windows-x86_64/bin/ld" --sysroot=C:/Users/Lenovo/AppData/Local/Android/Sdk/ndk/25.1.8937393/toolchains/llvm/prebuilt/windows-x86_64/sysroot -pie -EL --fix-cortex-a53-843419 --warn-shared-textrel -z now -z relro -z max-page-size=4096 --hash-style=gnu --enable-new-dtags --eh-frame-hdr -m aarch64linux -dynamic-linker /system/bin/linker64 -o cmTC_54c51 C:/Users/Lenovo/AppData/Local/Android/Sdk/ndk/25.1.8937393/toolchains/llvm/prebuilt/windows-x86_64/sysroot/usr/lib/aarch64-linux-android/24/crtbegin_dynamic.o -LC:/Users/Lenovo/AppData/Local/Android/Sdk/ndk/25.1.8937393/toolchains/llvm/prebuilt/windows-x86_64/lib64/clang/14.0.6/lib/linux/aarch64 -LC:/Users/Lenovo/AppData/Local/Android/Sdk/ndk/25.1.8937393/toolchains/llvm/prebuilt/windows-x86_64/sysroot/usr/lib/aarch64-linux-android/24 -LC:/Users/Lenovo/AppData/Local/Android/Sdk/ndk/25.1.8937393/toolchains/llvm/prebuilt/windows-x86_64/sysroot/usr/lib/aarch64-linux-android -LC:/Users/Lenovo/AppData/Local/Android/Sdk/ndk/25.1.8937393/toolchains/llvm/prebuilt/windows-x86_64/sysroot/usr/lib --build-id=sha1 --no-rosegment --fatal-warnings --gc-sections --no-undefined --gc-sections CMakeFiles/cmTC_54c51.dir/CMakeCCompilerABI.c.o C:/Users/Lenovo/AppData/Local/Android/Sdk/ndk/25.1.8937393/toolchains/llvm/prebuilt/windows-x86_64/lib64/clang/14.0.6/lib/linux/libclang_rt.builtins-aarch64-android.a -l:libunwind.a -ldl -lc C:/Users/Lenovo/AppData/Local/Android/Sdk/ndk/25.1.8937393/toolchains/llvm/prebuilt/windows-x86_64/lib64/clang/14.0.6/lib/linux/libclang_rt.builtins-aarch64-android.a -l:libunwind.a -ldl C:/Users/Lenovo/AppData/Local/Android/Sdk/ndk/25.1.8937393/toolchains/llvm/prebuilt/windows-x86_64/sysroot/usr/lib/aarch64-linux-android/24/crtend_android.o


Parsed C implicit link information from above output:
  link line regex: [^( *|.*[/\])(CMAKE_LINKER-NOTFOUND|CMAKE_LINK_STARTFILE-NOTFOUND|([^/\]+-)?ld|collect2)[^/\]*( |$)]
  ignore line: [Change Dir: E:/Documents/Desktop/NCNN/ncnn-android-yolov5-fruit/app/.cxx/cmake/debug/arm64-v8a/CMakeFiles/CMakeTmp]
  ignore line: []
  ignore line: [Run Build Command:"C:\Users\Lenovo\AppData\Local\Android\Sdk\cmake\3.10.2.4988404\bin\ninja.exe" "cmTC_54c51"]
  ignore line: [[1/2] Building C object CMakeFiles/cmTC_54c51.dir/CMakeCCompilerABI.c.o]
  ignore line: [[2/2] Linking C executable cmTC_54c51]
  ignore line: []
  ignore line: [E:\Documents\Desktop\NCNN\ncnn-android-yolov5-fruit\app\.cxx\cmake\debug\arm64-v8a\CMakeFiles\CMakeTmp>set http_proxy=http://127.0.0.1:7890 ]
  ignore line: []
  ignore line: [E:\Documents\Desktop\NCNN\ncnn-android-yolov5-fruit\app\.cxx\cmake\debug\arm64-v8a\CMakeFiles\CMakeTmp>set https_proxy=http://127.0.0.1:7890 ]
  ignore line: []
  ignore line: [E:\Documents\Desktop\NCNN\ncnn-android-yolov5-fruit\app\.cxx\cmake\debug\arm64-v8a\CMakeFiles\CMakeTmp>cls]
  ignore line: [Android (8490178, based on r450784d) clang version 14.0.6 (https://android.googlesource.com/toolchain/llvm-project 4c603efb0cca074e9238af8b4106c30add4418f6)]
  ignore line: [Target: aarch64-none-linux-android24]
  ignore line: [Thread model: posix]
  ignore line: [InstalledDir: C:/Users/Lenovo/AppData/Local/Android/Sdk/ndk/25.1.8937393/toolchains/llvm/prebuilt/windows-x86_64/bin]
  ignore line: [Found CUDA installation: C:/Program Files/NVIDIA GPU Computing Toolkit/CUDA/v11.1, version 11.1]
  link line: [ "C:/Users/Lenovo/AppData/Local/Android/Sdk/ndk/25.1.8937393/toolchains/llvm/prebuilt/windows-x86_64/bin/ld" --sysroot=C:/Users/Lenovo/AppData/Local/Android/Sdk/ndk/25.1.8937393/toolchains/llvm/prebuilt/windows-x86_64/sysroot -pie -EL --fix-cortex-a53-843419 --warn-shared-textrel -z now -z relro -z max-page-size=4096 --hash-style=gnu --enable-new-dtags --eh-frame-hdr -m aarch64linux -dynamic-linker /system/bin/linker64 -o cmTC_54c51 C:/Users/Lenovo/AppData/Local/Android/Sdk/ndk/25.1.8937393/toolchains/llvm/prebuilt/windows-x86_64/sysroot/usr/lib/aarch64-linux-android/24/crtbegin_dynamic.o -LC:/Users/Lenovo/AppData/Local/Android/Sdk/ndk/25.1.8937393/toolchains/llvm/prebuilt/windows-x86_64/lib64/clang/14.0.6/lib/linux/aarch64 -LC:/Users/Lenovo/AppData/Local/Android/Sdk/ndk/25.1.8937393/toolchains/llvm/prebuilt/windows-x86_64/sysroot/usr/lib/aarch64-linux-android/24 -LC:/Users/Lenovo/AppData/Local/Android/Sdk/ndk/25.1.8937393/toolchains/llvm/prebuilt/windows-x86_64/sysroot/usr/lib/aarch64-linux-android -LC:/Users/Lenovo/AppData/Local/Android/Sdk/ndk/25.1.8937393/toolchains/llvm/prebuilt/windows-x86_64/sysroot/usr/lib --build-id=sha1 --no-rosegment --fatal-warnings --gc-sections --no-undefined --gc-sections CMakeFiles/cmTC_54c51.dir/CMakeCCompilerABI.c.o C:/Users/Lenovo/AppData/Local/Android/Sdk/ndk/25.1.8937393/toolchains/llvm/prebuilt/windows-x86_64/lib64/clang/14.0.6/lib/linux/libclang_rt.builtins-aarch64-android.a -l:libunwind.a -ldl -lc C:/Users/Lenovo/AppData/Local/Android/Sdk/ndk/25.1.8937393/toolchains/llvm/prebuilt/windows-x86_64/lib64/clang/14.0.6/lib/linux/libclang_rt.builtins-aarch64-android.a -l:libunwind.a -ldl C:/Users/Lenovo/AppData/Local/Android/Sdk/ndk/25.1.8937393/toolchains/llvm/prebuilt/windows-x86_64/sysroot/usr/lib/aarch64-linux-android/24/crtend_android.o]
    arg [C:/Users/Lenovo/AppData/Local/Android/Sdk/ndk/25.1.8937393/toolchains/llvm/prebuilt/windows-x86_64/bin/ld] ==> ignore
    arg [--sysroot=C:/Users/Lenovo/AppData/Local/Android/Sdk/ndk/25.1.8937393/toolchains/llvm/prebuilt/windows-x86_64/sysroot] ==> ignore
    arg [-pie] ==> ignore
    arg [-EL] ==> ignore
    arg [--fix-cortex-a53-843419] ==> ignore
    arg [--warn-shared-textrel] ==> ignore
    arg [-znow] ==> ignore
    arg [-zrelro] ==> ignore
    arg [-zmax-page-size=4096] ==> ignore
    arg [--hash-style=gnu] ==> ignore
    arg [--enable-new-dtags] ==> ignore
    arg [--eh-frame-hdr] ==> ignore
    arg [-m] ==> ignore
    arg [aarch64linux] ==> ignore
    arg [-dynamic-linker] ==> ignore
    arg [/system/bin/linker64] ==> ignore
    arg [-o] ==> ignore
    arg [cmTC_54c51] ==> ignore
    arg [C:/Users/Lenovo/AppData/Local/Android/Sdk/ndk/25.1.8937393/toolchains/llvm/prebuilt/windows-x86_64/sysroot/usr/lib/aarch64-linux-android/24/crtbegin_dynamic.o] ==> ignore
    arg [-LC:/Users/Lenovo/AppData/Local/Android/Sdk/ndk/25.1.8937393/toolchains/llvm/prebuilt/windows-x86_64/lib64/clang/14.0.6/lib/linux/aarch64] ==> dir [C:/Users/Lenovo/AppData/Local/Android/Sdk/ndk/25.1.8937393/toolchains/llvm/prebuilt/windows-x86_64/lib64/clang/14.0.6/lib/linux/aarch64]
    arg [-LC:/Users/Lenovo/AppData/Local/Android/Sdk/ndk/25.1.8937393/toolchains/llvm/prebuilt/windows-x86_64/sysroot/usr/lib/aarch64-linux-android/24] ==> dir [C:/Users/Lenovo/AppData/Local/Android/Sdk/ndk/25.1.8937393/toolchains/llvm/prebuilt/windows-x86_64/sysroot/usr/lib/aarch64-linux-android/24]
    arg [-LC:/Users/Lenovo/AppData/Local/Android/Sdk/ndk/25.1.8937393/toolchains/llvm/prebuilt/windows-x86_64/sysroot/usr/lib/aarch64-linux-android] ==> dir [C:/Users/Lenovo/AppData/Local/Android/Sdk/ndk/25.1.8937393/toolchains/llvm/prebuilt/windows-x86_64/sysroot/usr/lib/aarch64-linux-android]
    arg [-LC:/Users/Lenovo/AppData/Local/Android/Sdk/ndk/25.1.8937393/toolchains/llvm/prebuilt/windows-x86_64/sysroot/usr/lib] ==> dir [C:/Users/Lenovo/AppData/Local/Android/Sdk/ndk/25.1.8937393/toolchains/llvm/prebuilt/windows-x86_64/sysroot/usr/lib]
    arg [--build-id=sha1] ==> ignore
    arg [--no-rosegment] ==> ignore
    arg [--fatal-warnings] ==> ignore
    arg [--gc-sections] ==> ignore
    arg [--no-undefined] ==> ignore
    arg [--gc-sections] ==> ignore
    arg [CMakeFiles/cmTC_54c51.dir/CMakeCCompilerABI.c.o] ==> ignore
    arg [C:/Users/Lenovo/AppData/Local/Android/Sdk/ndk/25.1.8937393/toolchains/llvm/prebuilt/windows-x86_64/lib64/clang/14.0.6/lib/linux/libclang_rt.builtins-aarch64-android.a] ==> lib [C:/Users/Lenovo/AppData/Local/Android/Sdk/ndk/25.1.8937393/toolchains/llvm/prebuilt/windows-x86_64/lib64/clang/14.0.6/lib/linux/libclang_rt.builtins-aarch64-android.a]
    arg [-l:libunwind.a] ==> lib [-l:libunwind.a]
    arg [-ldl] ==> lib [dl]
    arg [-lc] ==> lib [c]
    arg [C:/Users/Lenovo/AppData/Local/Android/Sdk/ndk/25.1.8937393/toolchains/llvm/prebuilt/windows-x86_64/lib64/clang/14.0.6/lib/linux/libclang_rt.builtins-aarch64-android.a] ==> lib [C:/Users/Lenovo/AppData/Local/Android/Sdk/ndk/25.1.8937393/toolchains/llvm/prebuilt/windows-x86_64/lib64/clang/14.0.6/lib/linux/libclang_rt.builtins-aarch64-android.a]
    arg [-l:libunwind.a] ==> lib [-l:libunwind.a]
    arg [-ldl] ==> lib [dl]
    arg [C:/Users/Lenovo/AppData/Local/Android/Sdk/ndk/25.1.8937393/toolchains/llvm/prebuilt/windows-x86_64/sysroot/usr/lib/aarch64-linux-android/24/crtend_android.o] ==> ignore
  remove lib [C:/Users/Lenovo/AppData/Local/Android/Sdk/ndk/25.1.8937393/toolchains/llvm/prebuilt/windows-x86_64/lib64/clang/14.0.6/lib/linux/libclang_rt.builtins-aarch64-android.a]
  remove lib [C:/Users/Lenovo/AppData/Local/Android/Sdk/ndk/25.1.8937393/toolchains/llvm/prebuilt/windows-x86_64/lib64/clang/14.0.6/lib/linux/libclang_rt.builtins-aarch64-android.a]
  collapse library dir [C:/Users/Lenovo/AppData/Local/Android/Sdk/ndk/25.1.8937393/toolchains/llvm/prebuilt/windows-x86_64/lib64/clang/14.0.6/lib/linux/aarch64] ==> [C:/Users/Lenovo/AppData/Local/Android/Sdk/ndk/25.1.8937393/toolchains/llvm/prebuilt/windows-x86_64/lib64/clang/14.0.6/lib/linux/aarch64]
  collapse library dir [C:/Users/Lenovo/AppData/Local/Android/Sdk/ndk/25.1.8937393/toolchains/llvm/prebuilt/windows-x86_64/sysroot/usr/lib/aarch64-linux-android/24] ==> [C:/Users/Lenovo/AppData/Local/Android/Sdk/ndk/25.1.8937393/toolchains/llvm/prebuilt/windows-x86_64/sysroot/usr/lib/aarch64-linux-android/24]
  collapse library dir [C:/Users/Lenovo/AppData/Local/Android/Sdk/ndk/25.1.8937393/toolchains/llvm/prebuilt/windows-x86_64/sysroot/usr/lib/aarch64-linux-android] ==> [C:/Users/Lenovo/AppData/Local/Android/Sdk/ndk/25.1.8937393/toolchains/llvm/prebuilt/windows-x86_64/sysroot/usr/lib/aarch64-linux-android]
  collapse library dir [C:/Users/Lenovo/AppData/Local/Android/Sdk/ndk/25.1.8937393/toolchains/llvm/prebuilt/windows-x86_64/sysroot/usr/lib] ==> [C:/Users/Lenovo/AppData/Local/Android/Sdk/ndk/25.1.8937393/toolchains/llvm/prebuilt/windows-x86_64/sysroot/usr/lib]
  implicit libs: [-l:libunwind.a;dl;c;-l:libunwind.a;dl]
  implicit dirs: [C:/Users/Lenovo/AppData/Local/Android/Sdk/ndk/25.1.8937393/toolchains/llvm/prebuilt/windows-x86_64/lib64/clang/14.0.6/lib/linux/aarch64;C:/Users/Lenovo/AppData/Local/Android/Sdk/ndk/25.1.8937393/toolchains/llvm/prebuilt/windows-x86_64/sysroot/usr/lib/aarch64-linux-android/24;C:/Users/Lenovo/AppData/Local/Android/Sdk/ndk/25.1.8937393/toolchains/llvm/prebuilt/windows-x86_64/sysroot/usr/lib/aarch64-linux-android;C:/Users/Lenovo/AppData/Local/Android/Sdk/ndk/25.1.8937393/toolchains/llvm/prebuilt/windows-x86_64/sysroot/usr/lib]
  implicit fwks: []




Detecting C [-std=c11] compiler features compiled with the following output:
Change Dir: E:/Documents/Desktop/NCNN/ncnn-android-yolov5-fruit/app/.cxx/cmake/debug/arm64-v8a/CMakeFiles/CMakeTmp

Run Build Command:"C:\Users\Lenovo\AppData\Local\Android\Sdk\cmake\3.10.2.4988404\bin\ninja.exe" "cmTC_ca7b4"
[1/2] Building C object CMakeFiles/cmTC_ca7b4.dir/feature_tests.c.o
[2/2] Linking C executable cmTC_ca7b4

E:\Documents\Desktop\NCNN\ncnn-android-yolov5-fruit\app\.cxx\cmake\debug\arm64-v8a\CMakeFiles\CMakeTmp>set http_proxy=http://127.0.0.1:7890 

E:\Documents\Desktop\NCNN\ncnn-android-yolov5-fruit\app\.cxx\cmake\debug\arm64-v8a\CMakeFiles\CMakeTmp>set https_proxy=http://127.0.0.1:7890 

E:\Documents\Desktop\NCNN\ncnn-android-yolov5-fruit\app\.cxx\cmake\debug\arm64-v8a\CMakeFiles\CMakeTmp>cls



    Feature record: C_FEATURE:1c_function_prototypes
    Feature record: C_FEATURE:1c_restrict
    Feature record: C_FEATURE:1c_static_assert
    Feature record: C_FEATURE:1c_variadic_macros


Detecting C [-std=c99] compiler features compiled with the following output:
Change Dir: E:/Documents/Desktop/NCNN/ncnn-android-yolov5-fruit/app/.cxx/cmake/debug/arm64-v8a/CMakeFiles/CMakeTmp

Run Build Command:"C:\Users\Lenovo\AppData\Local\Android\Sdk\cmake\3.10.2.4988404\bin\ninja.exe" "cmTC_11712"
[1/2] Building C object CMakeFiles/cmTC_11712.dir/feature_tests.c.o
[2/2] Linking C executable cmTC_11712

E:\Documents\Desktop\NCNN\ncnn-android-yolov5-fruit\app\.cxx\cmake\debug\arm64-v8a\CMakeFiles\CMakeTmp>set http_proxy=http://127.0.0.1:7890 

E:\Documents\Desktop\NCNN\ncnn-android-yolov5-fruit\app\.cxx\cmake\debug\arm64-v8a\CMakeFiles\CMakeTmp>set https_proxy=http://127.0.0.1:7890 

E:\Documents\Desktop\NCNN\ncnn-android-yolov5-fruit\app\.cxx\cmake\debug\arm64-v8a\CMakeFiles\CMakeTmp>cls



    Feature record: C_FEATURE:1c_function_prototypes
    Feature record: C_FEATURE:1c_restrict
    Feature record: C_FEATURE:0c_static_assert
    Feature record: C_FEATURE:1c_variadic_macros


Detecting C [-std=c90] compiler features compiled with the following output:
Change Dir: E:/Documents/Desktop/NCNN/ncnn-android-yolov5-fruit/app/.cxx/cmake/debug/arm64-v8a/CMakeFiles/CMakeTmp

Run Build Command:"C:\Users\Lenovo\AppData\Local\Android\Sdk\cmake\3.10.2.4988404\bin\ninja.exe" "cmTC_4d291"
[1/2] Building C object CMakeFiles/cmTC_4d291.dir/feature_tests.c.o
[2/2] Linking C executable cmTC_4d291

E:\Documents\Desktop\NCNN\ncnn-android-yolov5-fruit\app\.cxx\cmake\debug\arm64-v8a\CMakeFiles\CMakeTmp>set http_proxy=http://127.0.0.1:7890 

E:\Documents\Desktop\NCNN\ncnn-android-yolov5-fruit\app\.cxx\cmake\debug\arm64-v8a\CMakeFiles\CMakeTmp>set https_proxy=http://127.0.0.1:7890 

E:\Documents\Desktop\NCNN\ncnn-android-yolov5-fruit\app\.cxx\cmake\debug\arm64-v8a\CMakeFiles\CMakeTmp>cls



    Feature record: C_FEATURE:1c_function_prototypes
    Feature record: C_FEATURE:0c_restrict
    Feature record: C_FEATURE:0c_static_assert
    Feature record: C_FEATURE:0c_variadic_macros
Determining if the CXX compiler works passed with the following output:
Change Dir: E:/Documents/Desktop/NCNN/ncnn-android-yolov5-fruit/app/.cxx/cmake/debug/arm64-v8a/CMakeFiles/CMakeTmp

Run Build Command:"C:\Users\Lenovo\AppData\Local\Android\Sdk\cmake\3.10.2.4988404\bin\ninja.exe" "cmTC_61a61"
[1/2] Building CXX object CMakeFiles/cmTC_61a61.dir/testCXXCompiler.cxx.o
[2/2] Linking CXX executable cmTC_61a61

E:\Documents\Desktop\NCNN\ncnn-android-yolov5-fruit\app\.cxx\cmake\debug\arm64-v8a\CMakeFiles\CMakeTmp>set http_proxy=http://127.0.0.1:7890 

E:\Documents\Desktop\NCNN\ncnn-android-yolov5-fruit\app\.cxx\cmake\debug\arm64-v8a\CMakeFiles\CMakeTmp>set https_proxy=http://127.0.0.1:7890 

E:\Documents\Desktop\NCNN\ncnn-android-yolov5-fruit\app\.cxx\cmake\debug\arm64-v8a\CMakeFiles\CMakeTmp>cls



Detecting CXX compiler ABI info compiled with the following output:
Change Dir: E:/Documents/Desktop/NCNN/ncnn-android-yolov5-fruit/app/.cxx/cmake/debug/arm64-v8a/CMakeFiles/CMakeTmp

Run Build Command:"C:\Users\Lenovo\AppData\Local\Android\Sdk\cmake\3.10.2.4988404\bin\ninja.exe" "cmTC_5ff30"
[1/2] Building CXX object CMakeFiles/cmTC_5ff30.dir/CMakeCXXCompilerABI.cpp.o
[2/2] Linking CXX executable cmTC_5ff30

E:\Documents\Desktop\NCNN\ncnn-android-yolov5-fruit\app\.cxx\cmake\debug\arm64-v8a\CMakeFiles\CMakeTmp>set http_proxy=http://127.0.0.1:7890 

E:\Documents\Desktop\NCNN\ncnn-android-yolov5-fruit\app\.cxx\cmake\debug\arm64-v8a\CMakeFiles\CMakeTmp>set https_proxy=http://127.0.0.1:7890 

E:\Documents\Desktop\NCNN\ncnn-android-yolov5-fruit\app\.cxx\cmake\debug\arm64-v8a\CMakeFiles\CMakeTmp>cls
Android (8490178, based on r450784d) clang version 14.0.6 (https://android.googlesource.com/toolchain/llvm-project 4c603efb0cca074e9238af8b4106c30add4418f6)
Target: aarch64-none-linux-android24
Thread model: posix
InstalledDir: C:/Users/Lenovo/AppData/Local/Android/Sdk/ndk/25.1.8937393/toolchains/llvm/prebuilt/windows-x86_64/bin
Found CUDA installation: C:/Program Files/NVIDIA GPU Computing Toolkit/CUDA/v11.1, version 11.1
 "C:/Users/Lenovo/AppData/Local/Android/Sdk/ndk/25.1.8937393/toolchains/llvm/prebuilt/windows-x86_64/bin/ld" --sysroot=C:/Users/Lenovo/AppData/Local/Android/Sdk/ndk/25.1.8937393/toolchains/llvm/prebuilt/windows-x86_64/sysroot -pie -EL --fix-cortex-a53-843419 --warn-shared-textrel -z now -z relro -z max-page-size=4096 --hash-style=gnu --enable-new-dtags --eh-frame-hdr -m aarch64linux -dynamic-linker /system/bin/linker64 -o cmTC_5ff30 C:/Users/Lenovo/AppData/Local/Android/Sdk/ndk/25.1.8937393/toolchains/llvm/prebuilt/windows-x86_64/sysroot/usr/lib/aarch64-linux-android/24/crtbegin_dynamic.o -LC:/Users/Lenovo/AppData/Local/Android/Sdk/ndk/25.1.8937393/toolchains/llvm/prebuilt/windows-x86_64/lib64/clang/14.0.6/lib/linux/aarch64 -LC:/Users/Lenovo/AppData/Local/Android/Sdk/ndk/25.1.8937393/toolchains/llvm/prebuilt/windows-x86_64/sysroot/usr/lib/aarch64-linux-android/24 -LC:/Users/Lenovo/AppData/Local/Android/Sdk/ndk/25.1.8937393/toolchains/llvm/prebuilt/windows-x86_64/sysroot/usr/lib/aarch64-linux-android -LC:/Users/Lenovo/AppData/Local/Android/Sdk/ndk/25.1.8937393/toolchains/llvm/prebuilt/windows-x86_64/sysroot/usr/lib --build-id=sha1 --no-rosegment --fatal-warnings --gc-sections --no-undefined --gc-sections CMakeFiles/cmTC_5ff30.dir/CMakeCXXCompilerABI.cpp.o -Bstatic -lc++ -Bdynamic -lm C:/Users/Lenovo/AppData/Local/Android/Sdk/ndk/25.1.8937393/toolchains/llvm/prebuilt/windows-x86_64/lib64/clang/14.0.6/lib/linux/libclang_rt.builtins-aarch64-android.a -l:libunwind.a -ldl -lc C:/Users/Lenovo/AppData/Local/Android/Sdk/ndk/25.1.8937393/toolchains/llvm/prebuilt/windows-x86_64/lib64/clang/14.0.6/lib/linux/libclang_rt.builtins-aarch64-android.a -l:libunwind.a -ldl C:/Users/Lenovo/AppData/Local/Android/Sdk/ndk/25.1.8937393/toolchains/llvm/prebuilt/windows-x86_64/sysroot/usr/lib/aarch64-linux-android/24/crtend_android.o


Parsed CXX implicit link information from above output:
  link line regex: [^( *|.*[/\])(CMAKE_LINKER-NOTFOUND|CMAKE_LINK_STARTFILE-NOTFOUND|([^/\]+-)?ld|collect2)[^/\]*( |$)]
  ignore line: [Change Dir: E:/Documents/Desktop/NCNN/ncnn-android-yolov5-fruit/app/.cxx/cmake/debug/arm64-v8a/CMakeFiles/CMakeTmp]
  ignore line: []
  ignore line: [Run Build Command:"C:\Users\Lenovo\AppData\Local\Android\Sdk\cmake\3.10.2.4988404\bin\ninja.exe" "cmTC_5ff30"]
  ignore line: [[1/2] Building CXX object CMakeFiles/cmTC_5ff30.dir/CMakeCXXCompilerABI.cpp.o]
  ignore line: [[2/2] Linking CXX executable cmTC_5ff30]
  ignore line: []
  ignore line: [E:\Documents\Desktop\NCNN\ncnn-android-yolov5-fruit\app\.cxx\cmake\debug\arm64-v8a\CMakeFiles\CMakeTmp>set http_proxy=http://127.0.0.1:7890 ]
  ignore line: []
  ignore line: [E:\Documents\Desktop\NCNN\ncnn-android-yolov5-fruit\app\.cxx\cmake\debug\arm64-v8a\CMakeFiles\CMakeTmp>set https_proxy=http://127.0.0.1:7890 ]
  ignore line: []
  ignore line: [E:\Documents\Desktop\NCNN\ncnn-android-yolov5-fruit\app\.cxx\cmake\debug\arm64-v8a\CMakeFiles\CMakeTmp>cls]
  ignore line: [Android (8490178, based on r450784d) clang version 14.0.6 (https://android.googlesource.com/toolchain/llvm-project 4c603efb0cca074e9238af8b4106c30add4418f6)]
  ignore line: [Target: aarch64-none-linux-android24]
  ignore line: [Thread model: posix]
  ignore line: [InstalledDir: C:/Users/Lenovo/AppData/Local/Android/Sdk/ndk/25.1.8937393/toolchains/llvm/prebuilt/windows-x86_64/bin]
  ignore line: [Found CUDA installation: C:/Program Files/NVIDIA GPU Computing Toolkit/CUDA/v11.1, version 11.1]
  link line: [ "C:/Users/Lenovo/AppData/Local/Android/Sdk/ndk/25.1.8937393/toolchains/llvm/prebuilt/windows-x86_64/bin/ld" --sysroot=C:/Users/Lenovo/AppData/Local/Android/Sdk/ndk/25.1.8937393/toolchains/llvm/prebuilt/windows-x86_64/sysroot -pie -EL --fix-cortex-a53-843419 --warn-shared-textrel -z now -z relro -z max-page-size=4096 --hash-style=gnu --enable-new-dtags --eh-frame-hdr -m aarch64linux -dynamic-linker /system/bin/linker64 -o cmTC_5ff30 C:/Users/Lenovo/AppData/Local/Android/Sdk/ndk/25.1.8937393/toolchains/llvm/prebuilt/windows-x86_64/sysroot/usr/lib/aarch64-linux-android/24/crtbegin_dynamic.o -LC:/Users/Lenovo/AppData/Local/Android/Sdk/ndk/25.1.8937393/toolchains/llvm/prebuilt/windows-x86_64/lib64/clang/14.0.6/lib/linux/aarch64 -LC:/Users/Lenovo/AppData/Local/Android/Sdk/ndk/25.1.8937393/toolchains/llvm/prebuilt/windows-x86_64/sysroot/usr/lib/aarch64-linux-android/24 -LC:/Users/Lenovo/AppData/Local/Android/Sdk/ndk/25.1.8937393/toolchains/llvm/prebuilt/windows-x86_64/sysroot/usr/lib/aarch64-linux-android -LC:/Users/Lenovo/AppData/Local/Android/Sdk/ndk/25.1.8937393/toolchains/llvm/prebuilt/windows-x86_64/sysroot/usr/lib --build-id=sha1 --no-rosegment --fatal-warnings --gc-sections --no-undefined --gc-sections CMakeFiles/cmTC_5ff30.dir/CMakeCXXCompilerABI.cpp.o -Bstatic -lc++ -Bdynamic -lm C:/Users/Lenovo/AppData/Local/Android/Sdk/ndk/25.1.8937393/toolchains/llvm/prebuilt/windows-x86_64/lib64/clang/14.0.6/lib/linux/libclang_rt.builtins-aarch64-android.a -l:libunwind.a -ldl -lc C:/Users/Lenovo/AppData/Local/Android/Sdk/ndk/25.1.8937393/toolchains/llvm/prebuilt/windows-x86_64/lib64/clang/14.0.6/lib/linux/libclang_rt.builtins-aarch64-android.a -l:libunwind.a -ldl C:/Users/Lenovo/AppData/Local/Android/Sdk/ndk/25.1.8937393/toolchains/llvm/prebuilt/windows-x86_64/sysroot/usr/lib/aarch64-linux-android/24/crtend_android.o]
    arg [C:/Users/Lenovo/AppData/Local/Android/Sdk/ndk/25.1.8937393/toolchains/llvm/prebuilt/windows-x86_64/bin/ld] ==> ignore
    arg [--sysroot=C:/Users/Lenovo/AppData/Local/Android/Sdk/ndk/25.1.8937393/toolchains/llvm/prebuilt/windows-x86_64/sysroot] ==> ignore
    arg [-pie] ==> ignore
    arg [-EL] ==> ignore
    arg [--fix-cortex-a53-843419] ==> ignore
    arg [--warn-shared-textrel] ==> ignore
    arg [-znow] ==> ignore
    arg [-zrelro] ==> ignore
    arg [-zmax-page-size=4096] ==> ignore
    arg [--hash-style=gnu] ==> ignore
    arg [--enable-new-dtags] ==> ignore
    arg [--eh-frame-hdr] ==> ignore
    arg [-m] ==> ignore
    arg [aarch64linux] ==> ignore
    arg [-dynamic-linker] ==> ignore
    arg [/system/bin/linker64] ==> ignore
    arg [-o] ==> ignore
    arg [cmTC_5ff30] ==> ignore
    arg [C:/Users/Lenovo/AppData/Local/Android/Sdk/ndk/25.1.8937393/toolchains/llvm/prebuilt/windows-x86_64/sysroot/usr/lib/aarch64-linux-android/24/crtbegin_dynamic.o] ==> ignore
    arg [-LC:/Users/Lenovo/AppData/Local/Android/Sdk/ndk/25.1.8937393/toolchains/llvm/prebuilt/windows-x86_64/lib64/clang/14.0.6/lib/linux/aarch64] ==> dir [C:/Users/Lenovo/AppData/Local/Android/Sdk/ndk/25.1.8937393/toolchains/llvm/prebuilt/windows-x86_64/lib64/clang/14.0.6/lib/linux/aarch64]
    arg [-LC:/Users/Lenovo/AppData/Local/Android/Sdk/ndk/25.1.8937393/toolchains/llvm/prebuilt/windows-x86_64/sysroot/usr/lib/aarch64-linux-android/24] ==> dir [C:/Users/Lenovo/AppData/Local/Android/Sdk/ndk/25.1.8937393/toolchains/llvm/prebuilt/windows-x86_64/sysroot/usr/lib/aarch64-linux-android/24]
    arg [-LC:/Users/Lenovo/AppData/Local/Android/Sdk/ndk/25.1.8937393/toolchains/llvm/prebuilt/windows-x86_64/sysroot/usr/lib/aarch64-linux-android] ==> dir [C:/Users/Lenovo/AppData/Local/Android/Sdk/ndk/25.1.8937393/toolchains/llvm/prebuilt/windows-x86_64/sysroot/usr/lib/aarch64-linux-android]
    arg [-LC:/Users/Lenovo/AppData/Local/Android/Sdk/ndk/25.1.8937393/toolchains/llvm/prebuilt/windows-x86_64/sysroot/usr/lib] ==> dir [C:/Users/Lenovo/AppData/Local/Android/Sdk/ndk/25.1.8937393/toolchains/llvm/prebuilt/windows-x86_64/sysroot/usr/lib]
    arg [--build-id=sha1] ==> ignore
    arg [--no-rosegment] ==> ignore
    arg [--fatal-warnings] ==> ignore
    arg [--gc-sections] ==> ignore
    arg [--no-undefined] ==> ignore
    arg [--gc-sections] ==> ignore
    arg [CMakeFiles/cmTC_5ff30.dir/CMakeCXXCompilerABI.cpp.o] ==> ignore
    arg [-Bstatic] ==> ignore
    arg [-lc++] ==> lib [c++]
    arg [-Bdynamic] ==> ignore
    arg [-lm] ==> lib [m]
    arg [C:/Users/Lenovo/AppData/Local/Android/Sdk/ndk/25.1.8937393/toolchains/llvm/prebuilt/windows-x86_64/lib64/clang/14.0.6/lib/linux/libclang_rt.builtins-aarch64-android.a] ==> lib [C:/Users/Lenovo/AppData/Local/Android/Sdk/ndk/25.1.8937393/toolchains/llvm/prebuilt/windows-x86_64/lib64/clang/14.0.6/lib/linux/libclang_rt.builtins-aarch64-android.a]
    arg [-l:libunwind.a] ==> lib [-l:libunwind.a]
    arg [-ldl] ==> lib [dl]
    arg [-lc] ==> lib [c]
    arg [C:/Users/Lenovo/AppData/Local/Android/Sdk/ndk/25.1.8937393/toolchains/llvm/prebuilt/windows-x86_64/lib64/clang/14.0.6/lib/linux/libclang_rt.builtins-aarch64-android.a] ==> lib [C:/Users/Lenovo/AppData/Local/Android/Sdk/ndk/25.1.8937393/toolchains/llvm/prebuilt/windows-x86_64/lib64/clang/14.0.6/lib/linux/libclang_rt.builtins-aarch64-android.a]
    arg [-l:libunwind.a] ==> lib [-l:libunwind.a]
    arg [-ldl] ==> lib [dl]
    arg [C:/Users/Lenovo/AppData/Local/Android/Sdk/ndk/25.1.8937393/toolchains/llvm/prebuilt/windows-x86_64/sysroot/usr/lib/aarch64-linux-android/24/crtend_android.o] ==> ignore
  remove lib [C:/Users/Lenovo/AppData/Local/Android/Sdk/ndk/25.1.8937393/toolchains/llvm/prebuilt/windows-x86_64/lib64/clang/14.0.6/lib/linux/libclang_rt.builtins-aarch64-android.a]
  remove lib [C:/Users/Lenovo/AppData/Local/Android/Sdk/ndk/25.1.8937393/toolchains/llvm/prebuilt/windows-x86_64/lib64/clang/14.0.6/lib/linux/libclang_rt.builtins-aarch64-android.a]
  collapse library dir [C:/Users/Lenovo/AppData/Local/Android/Sdk/ndk/25.1.8937393/toolchains/llvm/prebuilt/windows-x86_64/lib64/clang/14.0.6/lib/linux/aarch64] ==> [C:/Users/Lenovo/AppData/Local/Android/Sdk/ndk/25.1.8937393/toolchains/llvm/prebuilt/windows-x86_64/lib64/clang/14.0.6/lib/linux/aarch64]
  collapse library dir [C:/Users/Lenovo/AppData/Local/Android/Sdk/ndk/25.1.8937393/toolchains/llvm/prebuilt/windows-x86_64/sysroot/usr/lib/aarch64-linux-android/24] ==> [C:/Users/Lenovo/AppData/Local/Android/Sdk/ndk/25.1.8937393/toolchains/llvm/prebuilt/windows-x86_64/sysroot/usr/lib/aarch64-linux-android/24]
  collapse library dir [C:/Users/Lenovo/AppData/Local/Android/Sdk/ndk/25.1.8937393/toolchains/llvm/prebuilt/windows-x86_64/sysroot/usr/lib/aarch64-linux-android] ==> [C:/Users/Lenovo/AppData/Local/Android/Sdk/ndk/25.1.8937393/toolchains/llvm/prebuilt/windows-x86_64/sysroot/usr/lib/aarch64-linux-android]
  collapse library dir [C:/Users/Lenovo/AppData/Local/Android/Sdk/ndk/25.1.8937393/toolchains/llvm/prebuilt/windows-x86_64/sysroot/usr/lib] ==> [C:/Users/Lenovo/AppData/Local/Android/Sdk/ndk/25.1.8937393/toolchains/llvm/prebuilt/windows-x86_64/sysroot/usr/lib]
  implicit libs: [c++;m;-l:libunwind.a;dl;c;-l:libunwind.a;dl]
  implicit dirs: [C:/Users/Lenovo/AppData/Local/Android/Sdk/ndk/25.1.8937393/toolchains/llvm/prebuilt/windows-x86_64/lib64/clang/14.0.6/lib/linux/aarch64;C:/Users/Lenovo/AppData/Local/Android/Sdk/ndk/25.1.8937393/toolchains/llvm/prebuilt/windows-x86_64/sysroot/usr/lib/aarch64-linux-android/24;C:/Users/Lenovo/AppData/Local/Android/Sdk/ndk/25.1.8937393/toolchains/llvm/prebuilt/windows-x86_64/sysroot/usr/lib/aarch64-linux-android;C:/Users/Lenovo/AppData/Local/Android/Sdk/ndk/25.1.8937393/toolchains/llvm/prebuilt/windows-x86_64/sysroot/usr/lib]
  implicit fwks: []




Detecting CXX [-std=c++1z] compiler features compiled with the following output:
Change Dir: E:/Documents/Desktop/NCNN/ncnn-android-yolov5-fruit/app/.cxx/cmake/debug/arm64-v8a/CMakeFiles/CMakeTmp

Run Build Command:"C:\Users\Lenovo\AppData\Local\Android\Sdk\cmake\3.10.2.4988404\bin\ninja.exe" "cmTC_8db9d"
[1/2] Building CXX object CMakeFiles/cmTC_8db9d.dir/feature_tests.cxx.o
[2/2] Linking CXX executable cmTC_8db9d

E:\Documents\Desktop\NCNN\ncnn-android-yolov5-fruit\app\.cxx\cmake\debug\arm64-v8a\CMakeFiles\CMakeTmp>set http_proxy=http://127.0.0.1:7890 

E:\Documents\Desktop\NCNN\ncnn-android-yolov5-fruit\app\.cxx\cmake\debug\arm64-v8a\CMakeFiles\CMakeTmp>set https_proxy=http://127.0.0.1:7890 

E:\Documents\Desktop\NCNN\ncnn-android-yolov5-fruit\app\.cxx\cmake\debug\arm64-v8a\CMakeFiles\CMakeTmp>cls



    Feature record: CXX_FEATURE:1cxx_aggregate_default_initializers
    Feature record: CXX_FEATURE:1cxx_alias_templates
    Feature record: CXX_FEATURE:1cxx_alignas
    Feature record: CXX_FEATURE:1cxx_alignof
    Feature record: CXX_FEATURE:1cxx_attributes
    Feature record: CXX_FEATURE:1cxx_attribute_deprecated
    Feature record: CXX_FEATURE:1cxx_auto_type
    Feature record: CXX_FEATURE:1cxx_binary_literals
    Feature record: CXX_FEATURE:1cxx_constexpr
    Feature record: CXX_FEATURE:1cxx_contextual_conversions
    Feature record: CXX_FEATURE:1cxx_decltype
    Feature record: CXX_FEATURE:1cxx_decltype_auto
    Feature record: CXX_FEATURE:1cxx_decltype_incomplete_return_types
    Feature record: CXX_FEATURE:1cxx_default_function_template_args
    Feature record: CXX_FEATURE:1cxx_defaulted_functions
    Feature record: CXX_FEATURE:1cxx_defaulted_move_initializers
    Feature record: CXX_FEATURE:1cxx_delegating_constructors
    Feature record: CXX_FEATURE:1cxx_deleted_functions
    Feature record: CXX_FEATURE:1cxx_digit_separators
    Feature record: CXX_FEATURE:1cxx_enum_forward_declarations
    Feature record: CXX_FEATURE:1cxx_explicit_conversions
    Feature record: CXX_FEATURE:1cxx_extended_friend_declarations
    Feature record: CXX_FEATURE:1cxx_extern_templates
    Feature record: CXX_FEATURE:1cxx_final
    Feature record: CXX_FEATURE:1cxx_func_identifier
    Feature record: CXX_FEATURE:1cxx_generalized_initializers
    Feature record: CXX_FEATURE:1cxx_generic_lambdas
    Feature record: CXX_FEATURE:1cxx_inheriting_constructors
    Feature record: CXX_FEATURE:1cxx_inline_namespaces
    Feature record: CXX_FEATURE:1cxx_lambdas
    Feature record: CXX_FEATURE:1cxx_lambda_init_captures
    Feature record: CXX_FEATURE:1cxx_local_type_template_args
    Feature record: CXX_FEATURE:1cxx_long_long_type
    Feature record: CXX_FEATURE:1cxx_noexcept
    Feature record: CXX_FEATURE:1cxx_nonstatic_member_init
    Feature record: CXX_FEATURE:1cxx_nullptr
    Feature record: CXX_FEATURE:1cxx_override
    Feature record: CXX_FEATURE:1cxx_range_for
    Feature record: CXX_FEATURE:1cxx_raw_string_literals
    Feature record: CXX_FEATURE:1cxx_reference_qualified_functions
    Feature record: CXX_FEATURE:1cxx_relaxed_constexpr
    Feature record: CXX_FEATURE:1cxx_return_type_deduction
    Feature record: CXX_FEATURE:1cxx_right_angle_brackets
    Feature record: CXX_FEATURE:1cxx_rvalue_references
    Feature record: CXX_FEATURE:1cxx_sizeof_member
    Feature record: CXX_FEATURE:1cxx_static_assert
    Feature record: CXX_FEATURE:1cxx_strong_enums
    Feature record: CXX_FEATURE:1cxx_template_template_parameters
    Feature record: CXX_FEATURE:1cxx_thread_local
    Feature record: CXX_FEATURE:1cxx_trailing_return_types
    Feature record: CXX_FEATURE:1cxx_unicode_literals
    Feature record: CXX_FEATURE:1cxx_uniform_initialization
    Feature record: CXX_FEATURE:1cxx_unrestricted_unions
    Feature record: CXX_FEATURE:1cxx_user_literals
    Feature record: CXX_FEATURE:1cxx_variable_templates
    Feature record: CXX_FEATURE:1cxx_variadic_macros
    Feature record: CXX_FEATURE:1cxx_variadic_templates


Detecting CXX [-std=c++14] compiler features compiled with the following output:
Change Dir: E:/Documents/Desktop/NCNN/ncnn-android-yolov5-fruit/app/.cxx/cmake/debug/arm64-v8a/CMakeFiles/CMakeTmp

Run Build Command:"C:\Users\Lenovo\AppData\Local\Android\Sdk\cmake\3.10.2.4988404\bin\ninja.exe" "cmTC_88151"
[1/2] Building CXX object CMakeFiles/cmTC_88151.dir/feature_tests.cxx.o
[2/2] Linking CXX executable cmTC_88151

E:\Documents\Desktop\NCNN\ncnn-android-yolov5-fruit\app\.cxx\cmake\debug\arm64-v8a\CMakeFiles\CMakeTmp>set http_proxy=http://127.0.0.1:7890 

E:\Documents\Desktop\NCNN\ncnn-android-yolov5-fruit\app\.cxx\cmake\debug\arm64-v8a\CMakeFiles\CMakeTmp>set https_proxy=http://127.0.0.1:7890 

E:\Documents\Desktop\NCNN\ncnn-android-yolov5-fruit\app\.cxx\cmake\debug\arm64-v8a\CMakeFiles\CMakeTmp>cls



    Feature record: CXX_FEATURE:1cxx_aggregate_default_initializers
    Feature record: CXX_FEATURE:1cxx_alias_templates
    Feature record: CXX_FEATURE:1cxx_alignas
    Feature record: CXX_FEATURE:1cxx_alignof
    Feature record: CXX_FEATURE:1cxx_attributes
    Feature record: CXX_FEATURE:1cxx_attribute_deprecated
    Feature record: CXX_FEATURE:1cxx_auto_type
    Feature record: CXX_FEATURE:1cxx_binary_literals
    Feature record: CXX_FEATURE:1cxx_constexpr
    Feature record: CXX_FEATURE:1cxx_contextual_conversions
    Feature record: CXX_FEATURE:1cxx_decltype
    Feature record: CXX_FEATURE:1cxx_decltype_auto
    Feature record: CXX_FEATURE:1cxx_decltype_incomplete_return_types
    Feature record: CXX_FEATURE:1cxx_default_function_template_args
    Feature record: CXX_FEATURE:1cxx_defaulted_functions
    Feature record: CXX_FEATURE:1cxx_defaulted_move_initializers
    Feature record: CXX_FEATURE:1cxx_delegating_constructors
    Feature record: CXX_FEATURE:1cxx_deleted_functions
    Feature record: CXX_FEATURE:1cxx_digit_separators
    Feature record: CXX_FEATURE:1cxx_enum_forward_declarations
    Feature record: CXX_FEATURE:1cxx_explicit_conversions
    Feature record: CXX_FEATURE:1cxx_extended_friend_declarations
    Feature record: CXX_FEATURE:1cxx_extern_templates
    Feature record: CXX_FEATURE:1cxx_final
    Feature record: CXX_FEATURE:1cxx_func_identifier
    Feature record: CXX_FEATURE:1cxx_generalized_initializers
    Feature record: CXX_FEATURE:1cxx_generic_lambdas
    Feature record: CXX_FEATURE:1cxx_inheriting_constructors
    Feature record: CXX_FEATURE:1cxx_inline_namespaces
    Feature record: CXX_FEATURE:1cxx_lambdas
    Feature record: CXX_FEATURE:1cxx_lambda_init_captures
    Feature record: CXX_FEATURE:1cxx_local_type_template_args
    Feature record: CXX_FEATURE:1cxx_long_long_type
    Feature record: CXX_FEATURE:1cxx_noexcept
    Feature record: CXX_FEATURE:1cxx_nonstatic_member_init
    Feature record: CXX_FEATURE:1cxx_nullptr
    Feature record: CXX_FEATURE:1cxx_override
    Feature record: CXX_FEATURE:1cxx_range_for
    Feature record: CXX_FEATURE:1cxx_raw_string_literals
    Feature record: CXX_FEATURE:1cxx_reference_qualified_functions
    Feature record: CXX_FEATURE:1cxx_relaxed_constexpr
    Feature record: CXX_FEATURE:1cxx_return_type_deduction
    Feature record: CXX_FEATURE:1cxx_right_angle_brackets
    Feature record: CXX_FEATURE:1cxx_rvalue_references
    Feature record: CXX_FEATURE:1cxx_sizeof_member
    Feature record: CXX_FEATURE:1cxx_static_assert
    Feature record: CXX_FEATURE:1cxx_strong_enums
    Feature record: CXX_FEATURE:1cxx_template_template_parameters
    Feature record: CXX_FEATURE:1cxx_thread_local
    Feature record: CXX_FEATURE:1cxx_trailing_return_types
    Feature record: CXX_FEATURE:1cxx_unicode_literals
    Feature record: CXX_FEATURE:1cxx_uniform_initialization
    Feature record: CXX_FEATURE:1cxx_unrestricted_unions
    Feature record: CXX_FEATURE:1cxx_user_literals
    Feature record: CXX_FEATURE:1cxx_variable_templates
    Feature record: CXX_FEATURE:1cxx_variadic_macros
    Feature record: CXX_FEATURE:1cxx_variadic_templates


Detecting CXX [-std=c++11] compiler features compiled with the following output:
Change Dir: E:/Documents/Desktop/NCNN/ncnn-android-yolov5-fruit/app/.cxx/cmake/debug/arm64-v8a/CMakeFiles/CMakeTmp

Run Build Command:"C:\Users\Lenovo\AppData\Local\Android\Sdk\cmake\3.10.2.4988404\bin\ninja.exe" "cmTC_65aaf"
[1/2] Building CXX object CMakeFiles/cmTC_65aaf.dir/feature_tests.cxx.o
[2/2] Linking CXX executable cmTC_65aaf

E:\Documents\Desktop\NCNN\ncnn-android-yolov5-fruit\app\.cxx\cmake\debug\arm64-v8a\CMakeFiles\CMakeTmp>set http_proxy=http://127.0.0.1:7890 

E:\Documents\Desktop\NCNN\ncnn-android-yolov5-fruit\app\.cxx\cmake\debug\arm64-v8a\CMakeFiles\CMakeTmp>set https_proxy=http://127.0.0.1:7890 

E:\Documents\Desktop\NCNN\ncnn-android-yolov5-fruit\app\.cxx\cmake\debug\arm64-v8a\CMakeFiles\CMakeTmp>cls



    Feature record: CXX_FEATURE:0cxx_aggregate_default_initializers
    Feature record: CXX_FEATURE:1cxx_alias_templates
    Feature record: CXX_FEATURE:1cxx_alignas
    Feature record: CXX_FEATURE:1cxx_alignof
    Feature record: CXX_FEATURE:1cxx_attributes
    Feature record: CXX_FEATURE:0cxx_attribute_deprecated
    Feature record: CXX_FEATURE:1cxx_auto_type
    Feature record: CXX_FEATURE:0cxx_binary_literals
    Feature record: CXX_FEATURE:1cxx_constexpr
    Feature record: CXX_FEATURE:0cxx_contextual_conversions
    Feature record: CXX_FEATURE:1cxx_decltype
    Feature record: CXX_FEATURE:0cxx_decltype_auto
    Feature record: CXX_FEATURE:1cxx_decltype_incomplete_return_types
    Feature record: CXX_FEATURE:1cxx_default_function_template_args
    Feature record: CXX_FEATURE:1cxx_defaulted_functions
    Feature record: CXX_FEATURE:1cxx_defaulted_move_initializers
    Feature record: CXX_FEATURE:1cxx_delegating_constructors
    Feature record: CXX_FEATURE:1cxx_deleted_functions
    Feature record: CXX_FEATURE:0cxx_digit_separators
    Feature record: CXX_FEATURE:1cxx_enum_forward_declarations
    Feature record: CXX_FEATURE:1cxx_explicit_conversions
    Feature record: CXX_FEATURE:1cxx_extended_friend_declarations
    Feature record: CXX_FEATURE:1cxx_extern_templates
    Feature record: CXX_FEATURE:1cxx_final
    Feature record: CXX_FEATURE:1cxx_func_identifier
    Feature record: CXX_FEATURE:1cxx_generalized_initializers
    Feature record: CXX_FEATURE:0cxx_generic_lambdas
    Feature record: CXX_FEATURE:1cxx_inheriting_constructors
    Feature record: CXX_FEATURE:1cxx_inline_namespaces
    Feature record: CXX_FEATURE:1cxx_lambdas
    Feature record: CXX_FEATURE:0cxx_lambda_init_captures
    Feature record: CXX_FEATURE:1cxx_local_type_template_args
    Feature record: CXX_FEATURE:1cxx_long_long_type
    Feature record: CXX_FEATURE:1cxx_noexcept
    Feature record: CXX_FEATURE:1cxx_nonstatic_member_init
    Feature record: CXX_FEATURE:1cxx_nullptr
    Feature record: CXX_FEATURE:1cxx_override
    Feature record: CXX_FEATURE:1cxx_range_for
    Feature record: CXX_FEATURE:1cxx_raw_string_literals
    Feature record: CXX_FEATURE:1cxx_reference_qualified_functions
    Feature record: CXX_FEATURE:0cxx_relaxed_constexpr
    Feature record: CXX_FEATURE:0cxx_return_type_deduction
    Feature record: CXX_FEATURE:1cxx_right_angle_brackets
    Feature record: CXX_FEATURE:1cxx_rvalue_references
    Feature record: CXX_FEATURE:1cxx_sizeof_member
    Feature record: CXX_FEATURE:1cxx_static_assert
    Feature record: CXX_FEATURE:1cxx_strong_enums
    Feature record: CXX_FEATURE:1cxx_template_template_parameters
    Feature record: CXX_FEATURE:1cxx_thread_local
    Feature record: CXX_FEATURE:1cxx_trailing_return_types
    Feature record: CXX_FEATURE:1cxx_unicode_literals
    Feature record: CXX_FEATURE:1cxx_uniform_initialization
    Feature record: CXX_FEATURE:1cxx_unrestricted_unions
    Feature record: CXX_FEATURE:1cxx_user_literals
    Feature record: CXX_FEATURE:0cxx_variable_templates
    Feature record: CXX_FEATURE:1cxx_variadic_macros
    Feature record: CXX_FEATURE:1cxx_variadic_templates


Detecting CXX [-std=c++98] compiler features compiled with the following output:
Change Dir: E:/Documents/Desktop/NCNN/ncnn-android-yolov5-fruit/app/.cxx/cmake/debug/arm64-v8a/CMakeFiles/CMakeTmp

Run Build Command:"C:\Users\Lenovo\AppData\Local\Android\Sdk\cmake\3.10.2.4988404\bin\ninja.exe" "cmTC_2af5c"
[1/2] Building CXX object CMakeFiles/cmTC_2af5c.dir/feature_tests.cxx.o
[2/2] Linking CXX executable cmTC_2af5c

E:\Documents\Desktop\NCNN\ncnn-android-yolov5-fruit\app\.cxx\cmake\debug\arm64-v8a\CMakeFiles\CMakeTmp>set http_proxy=http://127.0.0.1:7890 

E:\Documents\Desktop\NCNN\ncnn-android-yolov5-fruit\app\.cxx\cmake\debug\arm64-v8a\CMakeFiles\CMakeTmp>set https_proxy=http://127.0.0.1:7890 

E:\Documents\Desktop\NCNN\ncnn-android-yolov5-fruit\app\.cxx\cmake\debug\arm64-v8a\CMakeFiles\CMakeTmp>cls



    Feature record: CXX_FEATURE:0cxx_aggregate_default_initializers
    Feature record: CXX_FEATURE:0cxx_alias_templates
    Feature record: CXX_FEATURE:0cxx_alignas
    Feature record: CXX_FEATURE:0cxx_alignof
    Feature record: CXX_FEATURE:0cxx_attributes
    Feature record: CXX_FEATURE:0cxx_attribute_deprecated
    Feature record: CXX_FEATURE:0cxx_auto_type
    Feature record: CXX_FEATURE:0cxx_binary_literals
    Feature record: CXX_FEATURE:0cxx_constexpr
    Feature record: CXX_FEATURE:0cxx_contextual_conversions
    Feature record: CXX_FEATURE:0cxx_decltype
    Feature record: CXX_FEATURE:0cxx_decltype_auto
    Feature record: CXX_FEATURE:0cxx_decltype_incomplete_return_types
    Feature record: CXX_FEATURE:0cxx_default_function_template_args
    Feature record: CXX_FEATURE:0cxx_defaulted_functions
    Feature record: CXX_FEATURE:0cxx_defaulted_move_initializers
    Feature record: CXX_FEATURE:0cxx_delegating_constructors
    Feature record: CXX_FEATURE:0cxx_deleted_functions
    Feature record: CXX_FEATURE:0cxx_digit_separators
    Feature record: CXX_FEATURE:0cxx_enum_forward_declarations
    Feature record: CXX_FEATURE:0cxx_explicit_conversions
    Feature record: CXX_FEATURE:0cxx_extended_friend_declarations
    Feature record: CXX_FEATURE:0cxx_extern_templates
    Feature record: CXX_FEATURE:0cxx_final
    Feature record: CXX_FEATURE:0cxx_func_identifier
    Feature record: CXX_FEATURE:0cxx_generalized_initializers
    Feature record: CXX_FEATURE:0cxx_generic_lambdas
    Feature record: CXX_FEATURE:0cxx_inheriting_constructors
    Feature record: CXX_FEATURE:0cxx_inline_namespaces
    Feature record: CXX_FEATURE:0cxx_lambdas
    Feature record: CXX_FEATURE:0cxx_lambda_init_captures
    Feature record: CXX_FEATURE:0cxx_local_type_template_args
    Feature record: CXX_FEATURE:0cxx_long_long_type
    Feature record: CXX_FEATURE:0cxx_noexcept
    Feature record: CXX_FEATURE:0cxx_nonstatic_member_init
    Feature record: CXX_FEATURE:0cxx_nullptr
    Feature record: CXX_FEATURE:0cxx_override
    Feature record: CXX_FEATURE:0cxx_range_for
    Feature record: CXX_FEATURE:0cxx_raw_string_literals
    Feature record: CXX_FEATURE:0cxx_reference_qualified_functions
    Feature record: CXX_FEATURE:0cxx_relaxed_constexpr
    Feature record: CXX_FEATURE:0cxx_return_type_deduction
    Feature record: CXX_FEATURE:0cxx_right_angle_brackets
    Feature record: CXX_FEATURE:0cxx_rvalue_references
    Feature record: CXX_FEATURE:0cxx_sizeof_member
    Feature record: CXX_FEATURE:0cxx_static_assert
    Feature record: CXX_FEATURE:0cxx_strong_enums
    Feature record: CXX_FEATURE:1cxx_template_template_parameters
    Feature record: CXX_FEATURE:0cxx_thread_local
    Feature record: CXX_FEATURE:0cxx_trailing_return_types
    Feature record: CXX_FEATURE:0cxx_unicode_literals
    Feature record: CXX_FEATURE:0cxx_uniform_initialization
    Feature record: CXX_FEATURE:0cxx_unrestricted_unions
    Feature record: CXX_FEATURE:0cxx_user_literals
    Feature record: CXX_FEATURE:0cxx_variable_templates
    Feature record: CXX_FEATURE:0cxx_variadic_macros
    Feature record: CXX_FEATURE:0cxx_variadic_templates
Detecting C OpenMP compiler ABI info compiled with the following output:
Change Dir: E:/Documents/Desktop/NCNN/ncnn-android-yolov5-fruit/app/.cxx/cmake/debug/arm64-v8a/CMakeFiles/CMakeTmp

Run Build Command:"C:\Users\Lenovo\AppData\Local\Android\Sdk\cmake\3.10.2.4988404\bin\ninja.exe" "cmTC_d1c87"
[1/2] Building C object CMakeFiles/cmTC_d1c87.dir/OpenMPTryFlag.c.o
Android (8490178, based on r450784d) clang version 14.0.6 (https://android.googlesource.com/toolchain/llvm-project 4c603efb0cca074e9238af8b4106c30add4418f6)
Target: aarch64-none-linux-android24
Thread model: posix
InstalledDir: C:/Users/Lenovo/AppData/Local/Android/Sdk/ndk/25.1.8937393/toolchains/llvm/prebuilt/windows-x86_64/bin
Found CUDA installation: C:/Program Files/NVIDIA GPU Computing Toolkit/CUDA/v11.1, version 11.1
 (in-process)
 "C:/Users/Lenovo/AppData/Local/Android/Sdk/ndk/25.1.8937393/toolchains/llvm/prebuilt/windows-x86_64/bin/clang.exe" -cc1 -triple aarch64-none-linux-android24 -emit-obj -mrelax-all --mrelax-relocations -disable-free -clear-ast-before-backend -disable-llvm-verifier -discard-value-names -main-file-name OpenMPTryFlag.c -mrelocation-model pic -pic-level 2 -pic-is-pie -mframe-pointer=non-leaf -ffp-contract=on -fno-rounding-math -mconstructor-aliases -funwind-tables=2 -target-cpu generic -target-feature +neon -target-feature +v8a -target-feature +fix-cortex-a53-835769 -target-abi aapcs -fallow-half-arguments-and-returns -mllvm -treat-scalable-fixed-error-as-warning -debug-info-kind=constructor -dwarf-version=4 -debugger-tuning=gdb -v -ffunction-sections -fdata-sections -fcoverage-compilation-dir=E:/Documents/Desktop/NCNN/ncnn-android-yolov5-fruit/app/.cxx/cmake/debug/arm64-v8a/CMakeFiles/CMakeTmp -resource-dir C:/Users/Lenovo/AppData/Local/Android/Sdk/ndk/25.1.8937393/toolchains/llvm/prebuilt/windows-x86_64/lib64/clang/14.0.6 -D ANDROID -D _FORTIFY_SOURCE=2 -isysroot C:/Users/Lenovo/AppData/Local/Android/Sdk/ndk/25.1.8937393/toolchains/llvm/prebuilt/windows-x86_64/sysroot -internal-isystem C:/Users/Lenovo/AppData/Local/Android/Sdk/ndk/25.1.8937393/toolchains/llvm/prebuilt/windows-x86_64/lib64/clang/14.0.6/include -internal-isystem C:/Users/Lenovo/AppData/Local/Android/Sdk/ndk/25.1.8937393/toolchains/llvm/prebuilt/windows-x86_64/sysroot/usr/local/include -internal-externc-isystem C:/Users/Lenovo/AppData/Local/Android/Sdk/ndk/25.1.8937393/toolchains/llvm/prebuilt/windows-x86_64/sysroot/usr/include/aarch64-linux-android -internal-externc-isystem C:/Users/Lenovo/AppData/Local/Android/Sdk/ndk/25.1.8937393/toolchains/llvm/prebuilt/windows-x86_64/sysroot/include -internal-externc-isystem C:/Users/Lenovo/AppData/Local/Android/Sdk/ndk/25.1.8937393/toolchains/llvm/prebuilt/windows-x86_64/sysroot/usr/include -Wformat -Werror=format-security -fdebug-compilation-dir=E:/Documents/Desktop/NCNN/ncnn-android-yolov5-fruit/app/.cxx/cmake/debug/arm64-v8a/CMakeFiles/CMakeTmp -ferror-limit 19 -fopenmp -fopenmp-target-new-runtime -stack-protector 2 -fno-signed-char -fgnuc-version=4.2.1 -target-feature +outline-atomics -D__GCC_HAVE_DWARF2_CFI_ASM=1 -o CMakeFiles/cmTC_d1c87.dir/OpenMPTryFlag.c.o -x c E:/Documents/Desktop/NCNN/ncnn-android-yolov5-fruit/app/.cxx/cmake/debug/arm64-v8a/CMakeFiles/FindOpenMP/OpenMPTryFlag.c
clang -cc1 version 14.0.6 based upon LLVM 14.0.6git default target x86_64-w64-windows-gnu
ignoring nonexistent directory "C:/Users/Lenovo/AppData/Local/Android/Sdk/ndk/25.1.8937393/toolchains/llvm/prebuilt/windows-x86_64/sysroot/include"
#include "..." search starts here:
#include <...> search starts here:
 C:/Users/Lenovo/AppData/Local/Android/Sdk/ndk/25.1.8937393/toolchains/llvm/prebuilt/windows-x86_64/lib64/clang/14.0.6/include
 C:/Users/Lenovo/AppData/Local/Android/Sdk/ndk/25.1.8937393/toolchains/llvm/prebuilt/windows-x86_64/sysroot/usr/local/include
 C:/Users/Lenovo/AppData/Local/Android/Sdk/ndk/25.1.8937393/toolchains/llvm/prebuilt/windows-x86_64/sysroot/usr/include/aarch64-linux-android
 C:/Users/Lenovo/AppData/Local/Android/Sdk/ndk/25.1.8937393/toolchains/llvm/prebuilt/windows-x86_64/sysroot/usr/include
End of search list.
[2/2] Linking C executable cmTC_d1c87

E:\Documents\Desktop\NCNN\ncnn-android-yolov5-fruit\app\.cxx\cmake\debug\arm64-v8a\CMakeFiles\CMakeTmp>set http_proxy=http://127.0.0.1:7890 

E:\Documents\Desktop\NCNN\ncnn-android-yolov5-fruit\app\.cxx\cmake\debug\arm64-v8a\CMakeFiles\CMakeTmp>set https_proxy=http://127.0.0.1:7890 

E:\Documents\Desktop\NCNN\ncnn-android-yolov5-fruit\app\.cxx\cmake\debug\arm64-v8a\CMakeFiles\CMakeTmp>cls
Android (8490178, based on r450784d) clang version 14.0.6 (https://android.googlesource.com/toolchain/llvm-project 4c603efb0cca074e9238af8b4106c30add4418f6)
Target: aarch64-none-linux-android24
Thread model: posix
InstalledDir: C:/Users/Lenovo/AppData/Local/Android/Sdk/ndk/25.1.8937393/toolchains/llvm/prebuilt/windows-x86_64/bin
Found CUDA installation: C:/Program Files/NVIDIA GPU Computing Toolkit/CUDA/v11.1, version 11.1
 "C:/Users/Lenovo/AppData/Local/Android/Sdk/ndk/25.1.8937393/toolchains/llvm/prebuilt/windows-x86_64/bin/ld" --sysroot=C:/Users/Lenovo/AppData/Local/Android/Sdk/ndk/25.1.8937393/toolchains/llvm/prebuilt/windows-x86_64/sysroot -pie -EL --fix-cortex-a53-843419 --warn-shared-textrel -z now -z relro -z max-page-size=4096 --hash-style=gnu --enable-new-dtags --eh-frame-hdr -m aarch64linux -dynamic-linker /system/bin/linker64 -o cmTC_d1c87 C:/Users/Lenovo/AppData/Local/Android/Sdk/ndk/25.1.8937393/toolchains/llvm/prebuilt/windows-x86_64/sysroot/usr/lib/aarch64-linux-android/24/crtbegin_dynamic.o -LC:/Users/Lenovo/AppData/Local/Android/Sdk/ndk/25.1.8937393/toolchains/llvm/prebuilt/windows-x86_64/lib64/clang/14.0.6/lib/linux/aarch64 -LC:/Users/Lenovo/AppData/Local/Android/Sdk/ndk/25.1.8937393/toolchains/llvm/prebuilt/windows-x86_64/sysroot/usr/lib/aarch64-linux-android/24 -LC:/Users/Lenovo/AppData/Local/Android/Sdk/ndk/25.1.8937393/toolchains/llvm/prebuilt/windows-x86_64/sysroot/usr/lib/aarch64-linux-android -LC:/Users/Lenovo/AppData/Local/Android/Sdk/ndk/25.1.8937393/toolchains/llvm/prebuilt/windows-x86_64/sysroot/usr/lib --build-id=sha1 --no-rosegment --fatal-warnings --gc-sections --no-undefined --gc-sections CMakeFiles/cmTC_d1c87.dir/OpenMPTryFlag.c.o -latomic -lm -lomp C:/Users/Lenovo/AppData/Local/Android/Sdk/ndk/25.1.8937393/toolchains/llvm/prebuilt/windows-x86_64/lib64/clang/14.0.6/lib/linux/libclang_rt.builtins-aarch64-android.a -l:libunwind.a -ldl -lc C:/Users/Lenovo/AppData/Local/Android/Sdk/ndk/25.1.8937393/toolchains/llvm/prebuilt/windows-x86_64/lib64/clang/14.0.6/lib/linux/libclang_rt.builtins-aarch64-android.a -l:libunwind.a -ldl C:/Users/Lenovo/AppData/Local/Android/Sdk/ndk/25.1.8937393/toolchains/llvm/prebuilt/windows-x86_64/sysroot/usr/lib/aarch64-linux-android/24/crtend_android.o


Parsed C OpenMP implicit link information from above output:
  link line regex: [^( *|.*[/\])(CMAKE_LINKER-NOTFOUND|CMAKE_LINK_STARTFILE-NOTFOUND|([^/\]+-)?ld|collect2)[^/\]*( |$)]
  ignore line: [Change Dir: E:/Documents/Desktop/NCNN/ncnn-android-yolov5-fruit/app/.cxx/cmake/debug/arm64-v8a/CMakeFiles/CMakeTmp]
  ignore line: []
  ignore line: [Run Build Command:"C:\Users\Lenovo\AppData\Local\Android\Sdk\cmake\3.10.2.4988404\bin\ninja.exe" "cmTC_d1c87"]
  ignore line: [[1/2] Building C object CMakeFiles/cmTC_d1c87.dir/OpenMPTryFlag.c.o]
  ignore line: [Android (8490178, based on r450784d) clang version 14.0.6 (https://android.googlesource.com/toolchain/llvm-project 4c603efb0cca074e9238af8b4106c30add4418f6)]
  ignore line: [Target: aarch64-none-linux-android24]
  ignore line: [Thread model: posix]
  ignore line: [InstalledDir: C:/Users/Lenovo/AppData/Local/Android/Sdk/ndk/25.1.8937393/toolchains/llvm/prebuilt/windows-x86_64/bin]
  ignore line: [Found CUDA installation: C:/Program Files/NVIDIA GPU Computing Toolkit/CUDA/v11.1, version 11.1]
  ignore line: [ (in-process)]
  ignore line: [ "C:/Users/Lenovo/AppData/Local/Android/Sdk/ndk/25.1.8937393/toolchains/llvm/prebuilt/windows-x86_64/bin/clang.exe" -cc1 -triple aarch64-none-linux-android24 -emit-obj -mrelax-all --mrelax-relocations -disable-free -clear-ast-before-backend -disable-llvm-verifier -discard-value-names -main-file-name OpenMPTryFlag.c -mrelocation-model pic -pic-level 2 -pic-is-pie -mframe-pointer=non-leaf -ffp-contract=on -fno-rounding-math -mconstructor-aliases -funwind-tables=2 -target-cpu generic -target-feature +neon -target-feature +v8a -target-feature +fix-cortex-a53-835769 -target-abi aapcs -fallow-half-arguments-and-returns -mllvm -treat-scalable-fixed-error-as-warning -debug-info-kind=constructor -dwarf-version=4 -debugger-tuning=gdb -v -ffunction-sections -fdata-sections -fcoverage-compilation-dir=E:/Documents/Desktop/NCNN/ncnn-android-yolov5-fruit/app/.cxx/cmake/debug/arm64-v8a/CMakeFiles/CMakeTmp -resource-dir C:/Users/Lenovo/AppData/Local/Android/Sdk/ndk/25.1.8937393/toolchains/llvm/prebuilt/windows-x86_64/lib64/clang/14.0.6 -D ANDROID -D _FORTIFY_SOURCE=2 -isysroot C:/Users/Lenovo/AppData/Local/Android/Sdk/ndk/25.1.8937393/toolchains/llvm/prebuilt/windows-x86_64/sysroot -internal-isystem C:/Users/Lenovo/AppData/Local/Android/Sdk/ndk/25.1.8937393/toolchains/llvm/prebuilt/windows-x86_64/lib64/clang/14.0.6/include -internal-isystem C:/Users/Lenovo/AppData/Local/Android/Sdk/ndk/25.1.8937393/toolchains/llvm/prebuilt/windows-x86_64/sysroot/usr/local/include -internal-externc-isystem C:/Users/Lenovo/AppData/Local/Android/Sdk/ndk/25.1.8937393/toolchains/llvm/prebuilt/windows-x86_64/sysroot/usr/include/aarch64-linux-android -internal-externc-isystem C:/Users/Lenovo/AppData/Local/Android/Sdk/ndk/25.1.8937393/toolchains/llvm/prebuilt/windows-x86_64/sysroot/include -internal-externc-isystem C:/Users/Lenovo/AppData/Local/Android/Sdk/ndk/25.1.8937393/toolchains/llvm/prebuilt/windows-x86_64/sysroot/usr/include -Wformat -Werror=format-security -fdebug-compilation-dir=E:/Documents/Desktop/NCNN/ncnn-android-yolov5-fruit/app/.cxx/cmake/debug/arm64-v8a/CMakeFiles/CMakeTmp -ferror-limit 19 -fopenmp -fopenmp-target-new-runtime -stack-protector 2 -fno-signed-char -fgnuc-version=4.2.1 -target-feature +outline-atomics -D__GCC_HAVE_DWARF2_CFI_ASM=1 -o CMakeFiles/cmTC_d1c87.dir/OpenMPTryFlag.c.o -x c E:/Documents/Desktop/NCNN/ncnn-android-yolov5-fruit/app/.cxx/cmake/debug/arm64-v8a/CMakeFiles/FindOpenMP/OpenMPTryFlag.c]
  ignore line: [clang -cc1 version 14.0.6 based upon LLVM 14.0.6git default target x86_64-w64-windows-gnu]
  ignore line: [ignoring nonexistent directory "C:/Users/Lenovo/AppData/Local/Android/Sdk/ndk/25.1.8937393/toolchains/llvm/prebuilt/windows-x86_64/sysroot/include"]
  ignore line: [#include "..." search starts here:]
  ignore line: [#include <...> search starts here:]
  ignore line: [ C:/Users/Lenovo/AppData/Local/Android/Sdk/ndk/25.1.8937393/toolchains/llvm/prebuilt/windows-x86_64/lib64/clang/14.0.6/include]
  ignore line: [ C:/Users/Lenovo/AppData/Local/Android/Sdk/ndk/25.1.8937393/toolchains/llvm/prebuilt/windows-x86_64/sysroot/usr/local/include]
  ignore line: [ C:/Users/Lenovo/AppData/Local/Android/Sdk/ndk/25.1.8937393/toolchains/llvm/prebuilt/windows-x86_64/sysroot/usr/include/aarch64-linux-android]
  ignore line: [ C:/Users/Lenovo/AppData/Local/Android/Sdk/ndk/25.1.8937393/toolchains/llvm/prebuilt/windows-x86_64/sysroot/usr/include]
  ignore line: [End of search list.]
  ignore line: [[2/2] Linking C executable cmTC_d1c87]
  ignore line: []
  ignore line: [E:\Documents\Desktop\NCNN\ncnn-android-yolov5-fruit\app\.cxx\cmake\debug\arm64-v8a\CMakeFiles\CMakeTmp>set http_proxy=http://127.0.0.1:7890 ]
  ignore line: []
  ignore line: [E:\Documents\Desktop\NCNN\ncnn-android-yolov5-fruit\app\.cxx\cmake\debug\arm64-v8a\CMakeFiles\CMakeTmp>set https_proxy=http://127.0.0.1:7890 ]
  ignore line: []
  ignore line: [E:\Documents\Desktop\NCNN\ncnn-android-yolov5-fruit\app\.cxx\cmake\debug\arm64-v8a\CMakeFiles\CMakeTmp>cls]
  ignore line: [Android (8490178, based on r450784d) clang version 14.0.6 (https://android.googlesource.com/toolchain/llvm-project 4c603efb0cca074e9238af8b4106c30add4418f6)]
  ignore line: [Target: aarch64-none-linux-android24]
  ignore line: [Thread model: posix]
  ignore line: [InstalledDir: C:/Users/Lenovo/AppData/Local/Android/Sdk/ndk/25.1.8937393/toolchains/llvm/prebuilt/windows-x86_64/bin]
  ignore line: [Found CUDA installation: C:/Program Files/NVIDIA GPU Computing Toolkit/CUDA/v11.1, version 11.1]
  link line: [ "C:/Users/Lenovo/AppData/Local/Android/Sdk/ndk/25.1.8937393/toolchains/llvm/prebuilt/windows-x86_64/bin/ld" --sysroot=C:/Users/Lenovo/AppData/Local/Android/Sdk/ndk/25.1.8937393/toolchains/llvm/prebuilt/windows-x86_64/sysroot -pie -EL --fix-cortex-a53-843419 --warn-shared-textrel -z now -z relro -z max-page-size=4096 --hash-style=gnu --enable-new-dtags --eh-frame-hdr -m aarch64linux -dynamic-linker /system/bin/linker64 -o cmTC_d1c87 C:/Users/Lenovo/AppData/Local/Android/Sdk/ndk/25.1.8937393/toolchains/llvm/prebuilt/windows-x86_64/sysroot/usr/lib/aarch64-linux-android/24/crtbegin_dynamic.o -LC:/Users/Lenovo/AppData/Local/Android/Sdk/ndk/25.1.8937393/toolchains/llvm/prebuilt/windows-x86_64/lib64/clang/14.0.6/lib/linux/aarch64 -LC:/Users/Lenovo/AppData/Local/Android/Sdk/ndk/25.1.8937393/toolchains/llvm/prebuilt/windows-x86_64/sysroot/usr/lib/aarch64-linux-android/24 -LC:/Users/Lenovo/AppData/Local/Android/Sdk/ndk/25.1.8937393/toolchains/llvm/prebuilt/windows-x86_64/sysroot/usr/lib/aarch64-linux-android -LC:/Users/Lenovo/AppData/Local/Android/Sdk/ndk/25.1.8937393/toolchains/llvm/prebuilt/windows-x86_64/sysroot/usr/lib --build-id=sha1 --no-rosegment --fatal-warnings --gc-sections --no-undefined --gc-sections CMakeFiles/cmTC_d1c87.dir/OpenMPTryFlag.c.o -latomic -lm -lomp C:/Users/Lenovo/AppData/Local/Android/Sdk/ndk/25.1.8937393/toolchains/llvm/prebuilt/windows-x86_64/lib64/clang/14.0.6/lib/linux/libclang_rt.builtins-aarch64-android.a -l:libunwind.a -ldl -lc C:/Users/Lenovo/AppData/Local/Android/Sdk/ndk/25.1.8937393/toolchains/llvm/prebuilt/windows-x86_64/lib64/clang/14.0.6/lib/linux/libclang_rt.builtins-aarch64-android.a -l:libunwind.a -ldl C:/Users/Lenovo/AppData/Local/Android/Sdk/ndk/25.1.8937393/toolchains/llvm/prebuilt/windows-x86_64/sysroot/usr/lib/aarch64-linux-android/24/crtend_android.o]
    arg [C:/Users/Lenovo/AppData/Local/Android/Sdk/ndk/25.1.8937393/toolchains/llvm/prebuilt/windows-x86_64/bin/ld] ==> ignore
    arg [--sysroot=C:/Users/Lenovo/AppData/Local/Android/Sdk/ndk/25.1.8937393/toolchains/llvm/prebuilt/windows-x86_64/sysroot] ==> ignore
    arg [-pie] ==> ignore
    arg [-EL] ==> ignore
    arg [--fix-cortex-a53-843419] ==> ignore
    arg [--warn-shared-textrel] ==> ignore
    arg [-znow] ==> ignore
    arg [-zrelro] ==> ignore
    arg [-zmax-page-size=4096] ==> ignore
    arg [--hash-style=gnu] ==> ignore
    arg [--enable-new-dtags] ==> ignore
    arg [--eh-frame-hdr] ==> ignore
    arg [-m] ==> ignore
    arg [aarch64linux] ==> ignore
    arg [-dynamic-linker] ==> ignore
    arg [/system/bin/linker64] ==> ignore
    arg [-o] ==> ignore
    arg [cmTC_d1c87] ==> ignore
    arg [C:/Users/Lenovo/AppData/Local/Android/Sdk/ndk/25.1.8937393/toolchains/llvm/prebuilt/windows-x86_64/sysroot/usr/lib/aarch64-linux-android/24/crtbegin_dynamic.o] ==> ignore
    arg [-LC:/Users/Lenovo/AppData/Local/Android/Sdk/ndk/25.1.8937393/toolchains/llvm/prebuilt/windows-x86_64/lib64/clang/14.0.6/lib/linux/aarch64] ==> dir [C:/Users/Lenovo/AppData/Local/Android/Sdk/ndk/25.1.8937393/toolchains/llvm/prebuilt/windows-x86_64/lib64/clang/14.0.6/lib/linux/aarch64]
    arg [-LC:/Users/Lenovo/AppData/Local/Android/Sdk/ndk/25.1.8937393/toolchains/llvm/prebuilt/windows-x86_64/sysroot/usr/lib/aarch64-linux-android/24] ==> dir [C:/Users/Lenovo/AppData/Local/Android/Sdk/ndk/25.1.8937393/toolchains/llvm/prebuilt/windows-x86_64/sysroot/usr/lib/aarch64-linux-android/24]
    arg [-LC:/Users/Lenovo/AppData/Local/Android/Sdk/ndk/25.1.8937393/toolchains/llvm/prebuilt/windows-x86_64/sysroot/usr/lib/aarch64-linux-android] ==> dir [C:/Users/Lenovo/AppData/Local/Android/Sdk/ndk/25.1.8937393/toolchains/llvm/prebuilt/windows-x86_64/sysroot/usr/lib/aarch64-linux-android]
    arg [-LC:/Users/Lenovo/AppData/Local/Android/Sdk/ndk/25.1.8937393/toolchains/llvm/prebuilt/windows-x86_64/sysroot/usr/lib] ==> dir [C:/Users/Lenovo/AppData/Local/Android/Sdk/ndk/25.1.8937393/toolchains/llvm/prebuilt/windows-x86_64/sysroot/usr/lib]
    arg [--build-id=sha1] ==> ignore
    arg [--no-rosegment] ==> ignore
    arg [--fatal-warnings] ==> ignore
    arg [--gc-sections] ==> ignore
    arg [--no-undefined] ==> ignore
    arg [--gc-sections] ==> ignore
    arg [CMakeFiles/cmTC_d1c87.dir/OpenMPTryFlag.c.o] ==> ignore
    arg [-latomic] ==> lib [atomic]
    arg [-lm] ==> lib [m]
    arg [-lomp] ==> lib [omp]
    arg [C:/Users/Lenovo/AppData/Local/Android/Sdk/ndk/25.1.8937393/toolchains/llvm/prebuilt/windows-x86_64/lib64/clang/14.0.6/lib/linux/libclang_rt.builtins-aarch64-android.a] ==> lib [C:/Users/Lenovo/AppData/Local/Android/Sdk/ndk/25.1.8937393/toolchains/llvm/prebuilt/windows-x86_64/lib64/clang/14.0.6/lib/linux/libclang_rt.builtins-aarch64-android.a]
    arg [-l:libunwind.a] ==> lib [-l:libunwind.a]
    arg [-ldl] ==> lib [dl]
    arg [-lc] ==> lib [c]
    arg [C:/Users/Lenovo/AppData/Local/Android/Sdk/ndk/25.1.8937393/toolchains/llvm/prebuilt/windows-x86_64/lib64/clang/14.0.6/lib/linux/libclang_rt.builtins-aarch64-android.a] ==> lib [C:/Users/Lenovo/AppData/Local/Android/Sdk/ndk/25.1.8937393/toolchains/llvm/prebuilt/windows-x86_64/lib64/clang/14.0.6/lib/linux/libclang_rt.builtins-aarch64-android.a]
    arg [-l:libunwind.a] ==> lib [-l:libunwind.a]
    arg [-ldl] ==> lib [dl]
    arg [C:/Users/Lenovo/AppData/Local/Android/Sdk/ndk/25.1.8937393/toolchains/llvm/prebuilt/windows-x86_64/sysroot/usr/lib/aarch64-linux-android/24/crtend_android.o] ==> ignore
  remove lib [C:/Users/Lenovo/AppData/Local/Android/Sdk/ndk/25.1.8937393/toolchains/llvm/prebuilt/windows-x86_64/lib64/clang/14.0.6/lib/linux/libclang_rt.builtins-aarch64-android.a]
  remove lib [C:/Users/Lenovo/AppData/Local/Android/Sdk/ndk/25.1.8937393/toolchains/llvm/prebuilt/windows-x86_64/lib64/clang/14.0.6/lib/linux/libclang_rt.builtins-aarch64-android.a]
  collapse library dir [C:/Users/Lenovo/AppData/Local/Android/Sdk/ndk/25.1.8937393/toolchains/llvm/prebuilt/windows-x86_64/lib64/clang/14.0.6/lib/linux/aarch64] ==> [C:/Users/Lenovo/AppData/Local/Android/Sdk/ndk/25.1.8937393/toolchains/llvm/prebuilt/windows-x86_64/lib64/clang/14.0.6/lib/linux/aarch64]
  collapse library dir [C:/Users/Lenovo/AppData/Local/Android/Sdk/ndk/25.1.8937393/toolchains/llvm/prebuilt/windows-x86_64/sysroot/usr/lib/aarch64-linux-android/24] ==> [C:/Users/Lenovo/AppData/Local/Android/Sdk/ndk/25.1.8937393/toolchains/llvm/prebuilt/windows-x86_64/sysroot/usr/lib/aarch64-linux-android/24]
  collapse library dir [C:/Users/Lenovo/AppData/Local/Android/Sdk/ndk/25.1.8937393/toolchains/llvm/prebuilt/windows-x86_64/sysroot/usr/lib/aarch64-linux-android] ==> [C:/Users/Lenovo/AppData/Local/Android/Sdk/ndk/25.1.8937393/toolchains/llvm/prebuilt/windows-x86_64/sysroot/usr/lib/aarch64-linux-android]
  collapse library dir [C:/Users/Lenovo/AppData/Local/Android/Sdk/ndk/25.1.8937393/toolchains/llvm/prebuilt/windows-x86_64/sysroot/usr/lib] ==> [C:/Users/Lenovo/AppData/Local/Android/Sdk/ndk/25.1.8937393/toolchains/llvm/prebuilt/windows-x86_64/sysroot/usr/lib]
  implicit libs: [atomic;m;omp;-l:libunwind.a;dl;c;-l:libunwind.a;dl]
  implicit dirs: [C:/Users/Lenovo/AppData/Local/Android/Sdk/ndk/25.1.8937393/toolchains/llvm/prebuilt/windows-x86_64/lib64/clang/14.0.6/lib/linux/aarch64;C:/Users/Lenovo/AppData/Local/Android/Sdk/ndk/25.1.8937393/toolchains/llvm/prebuilt/windows-x86_64/sysroot/usr/lib/aarch64-linux-android/24;C:/Users/Lenovo/AppData/Local/Android/Sdk/ndk/25.1.8937393/toolchains/llvm/prebuilt/windows-x86_64/sysroot/usr/lib/aarch64-linux-android;C:/Users/Lenovo/AppData/Local/Android/Sdk/ndk/25.1.8937393/toolchains/llvm/prebuilt/windows-x86_64/sysroot/usr/lib]
  implicit fwks: []


Detecting CXX OpenMP compiler ABI info compiled with the following output:
Change Dir: E:/Documents/Desktop/NCNN/ncnn-android-yolov5-fruit/app/.cxx/cmake/debug/arm64-v8a/CMakeFiles/CMakeTmp

Run Build Command:"C:\Users\Lenovo\AppData\Local\Android\Sdk\cmake\3.10.2.4988404\bin\ninja.exe" "cmTC_d9eed"
[1/2] Building CXX object CMakeFiles/cmTC_d9eed.dir/OpenMPTryFlag.cpp.o
Android (8490178, based on r450784d) clang version 14.0.6 (https://android.googlesource.com/toolchain/llvm-project 4c603efb0cca074e9238af8b4106c30add4418f6)
Target: aarch64-none-linux-android24
Thread model: posix
InstalledDir: C:/Users/Lenovo/AppData/Local/Android/Sdk/ndk/25.1.8937393/toolchains/llvm/prebuilt/windows-x86_64/bin
Found CUDA installation: C:/Program Files/NVIDIA GPU Computing Toolkit/CUDA/v11.1, version 11.1
 (in-process)
 "C:/Users/Lenovo/AppData/Local/Android/Sdk/ndk/25.1.8937393/toolchains/llvm/prebuilt/windows-x86_64/bin/clang++.exe" -cc1 -triple aarch64-none-linux-android24 -emit-obj -mrelax-all --mrelax-relocations -disable-free -clear-ast-before-backend -disable-llvm-verifier -discard-value-names -main-file-name OpenMPTryFlag.cpp -mrelocation-model pic -pic-level 2 -pic-is-pie -mframe-pointer=non-leaf -ffp-contract=on -fno-rounding-math -mconstructor-aliases -funwind-tables=2 -target-cpu generic -target-feature +neon -target-feature +v8a -target-feature +fix-cortex-a53-835769 -target-abi aapcs -fallow-half-arguments-and-returns -mllvm -treat-scalable-fixed-error-as-warning -debug-info-kind=constructor -dwarf-version=4 -debugger-tuning=gdb -v -ffunction-sections -fdata-sections -fcoverage-compilation-dir=E:/Documents/Desktop/NCNN/ncnn-android-yolov5-fruit/app/.cxx/cmake/debug/arm64-v8a/CMakeFiles/CMakeTmp -resource-dir C:/Users/Lenovo/AppData/Local/Android/Sdk/ndk/25.1.8937393/toolchains/llvm/prebuilt/windows-x86_64/lib64/clang/14.0.6 -D ANDROID -D _FORTIFY_SOURCE=2 -isysroot C:/Users/Lenovo/AppData/Local/Android/Sdk/ndk/25.1.8937393/toolchains/llvm/prebuilt/windows-x86_64/sysroot -internal-isystem C:/Users/Lenovo/AppData/Local/Android/Sdk/ndk/25.1.8937393/toolchains/llvm/prebuilt/windows-x86_64/sysroot/usr/include/c++/v1 -internal-isystem C:/Users/Lenovo/AppData/Local/Android/Sdk/ndk/25.1.8937393/toolchains/llvm/prebuilt/windows-x86_64/lib64/clang/14.0.6/include -internal-isystem C:/Users/Lenovo/AppData/Local/Android/Sdk/ndk/25.1.8937393/toolchains/llvm/prebuilt/windows-x86_64/sysroot/usr/local/include -internal-externc-isystem C:/Users/Lenovo/AppData/Local/Android/Sdk/ndk/25.1.8937393/toolchains/llvm/prebuilt/windows-x86_64/sysroot/usr/include/aarch64-linux-android -internal-externc-isystem C:/Users/Lenovo/AppData/Local/Android/Sdk/ndk/25.1.8937393/toolchains/llvm/prebuilt/windows-x86_64/sysroot/include -internal-externc-isystem C:/Users/Lenovo/AppData/Local/Android/Sdk/ndk/25.1.8937393/toolchains/llvm/prebuilt/windows-x86_64/sysroot/usr/include -Wformat -Werror=format-security -fdeprecated-macro -fdebug-compilation-dir=E:/Documents/Desktop/NCNN/ncnn-android-yolov5-fruit/app/.cxx/cmake/debug/arm64-v8a/CMakeFiles/CMakeTmp -ferror-limit 19 -fopenmp -fopenmp-target-new-runtime -stack-protector 2 -fno-signed-char -fgnuc-version=4.2.1 -fcxx-exceptions -fexceptions -target-feature +outline-atomics -D__GCC_HAVE_DWARF2_CFI_ASM=1 -o CMakeFiles/cmTC_d9eed.dir/OpenMPTryFlag.cpp.o -x c++ E:/Documents/Desktop/NCNN/ncnn-android-yolov5-fruit/app/.cxx/cmake/debug/arm64-v8a/CMakeFiles/FindOpenMP/OpenMPTryFlag.cpp
clang -cc1 version 14.0.6 based upon LLVM 14.0.6git default target x86_64-w64-windows-gnu
ignoring nonexistent directory "C:/Users/Lenovo/AppData/Local/Android/Sdk/ndk/25.1.8937393/toolchains/llvm/prebuilt/windows-x86_64/sysroot/include"
#include "..." search starts here:
#include <...> search starts here:
 C:/Users/Lenovo/AppData/Local/Android/Sdk/ndk/25.1.8937393/toolchains/llvm/prebuilt/windows-x86_64/sysroot/usr/include/c++/v1
 C:/Users/Lenovo/AppData/Local/Android/Sdk/ndk/25.1.8937393/toolchains/llvm/prebuilt/windows-x86_64/lib64/clang/14.0.6/include
 C:/Users/Lenovo/AppData/Local/Android/Sdk/ndk/25.1.8937393/toolchains/llvm/prebuilt/windows-x86_64/sysroot/usr/local/include
 C:/Users/Lenovo/AppData/Local/Android/Sdk/ndk/25.1.8937393/toolchains/llvm/prebuilt/windows-x86_64/sysroot/usr/include/aarch64-linux-android
 C:/Users/Lenovo/AppData/Local/Android/Sdk/ndk/25.1.8937393/toolchains/llvm/prebuilt/windows-x86_64/sysroot/usr/include
End of search list.
[2/2] Linking CXX executable cmTC_d9eed

E:\Documents\Desktop\NCNN\ncnn-android-yolov5-fruit\app\.cxx\cmake\debug\arm64-v8a\CMakeFiles\CMakeTmp>set http_proxy=http://127.0.0.1:7890 

E:\Documents\Desktop\NCNN\ncnn-android-yolov5-fruit\app\.cxx\cmake\debug\arm64-v8a\CMakeFiles\CMakeTmp>set https_proxy=http://127.0.0.1:7890 

E:\Documents\Desktop\NCNN\ncnn-android-yolov5-fruit\app\.cxx\cmake\debug\arm64-v8a\CMakeFiles\CMakeTmp>cls
Android (8490178, based on r450784d) clang version 14.0.6 (https://android.googlesource.com/toolchain/llvm-project 4c603efb0cca074e9238af8b4106c30add4418f6)
Target: aarch64-none-linux-android24
Thread model: posix
InstalledDir: C:/Users/Lenovo/AppData/Local/Android/Sdk/ndk/25.1.8937393/toolchains/llvm/prebuilt/windows-x86_64/bin
Found CUDA installation: C:/Program Files/NVIDIA GPU Computing Toolkit/CUDA/v11.1, version 11.1
 "C:/Users/Lenovo/AppData/Local/Android/Sdk/ndk/25.1.8937393/toolchains/llvm/prebuilt/windows-x86_64/bin/ld" --sysroot=C:/Users/Lenovo/AppData/Local/Android/Sdk/ndk/25.1.8937393/toolchains/llvm/prebuilt/windows-x86_64/sysroot -pie -EL --fix-cortex-a53-843419 --warn-shared-textrel -z now -z relro -z max-page-size=4096 --hash-style=gnu --enable-new-dtags --eh-frame-hdr -m aarch64linux -dynamic-linker /system/bin/linker64 -o cmTC_d9eed C:/Users/Lenovo/AppData/Local/Android/Sdk/ndk/25.1.8937393/toolchains/llvm/prebuilt/windows-x86_64/sysroot/usr/lib/aarch64-linux-android/24/crtbegin_dynamic.o -LC:/Users/Lenovo/AppData/Local/Android/Sdk/ndk/25.1.8937393/toolchains/llvm/prebuilt/windows-x86_64/lib64/clang/14.0.6/lib/linux/aarch64 -LC:/Users/Lenovo/AppData/Local/Android/Sdk/ndk/25.1.8937393/toolchains/llvm/prebuilt/windows-x86_64/sysroot/usr/lib/aarch64-linux-android/24 -LC:/Users/Lenovo/AppData/Local/Android/Sdk/ndk/25.1.8937393/toolchains/llvm/prebuilt/windows-x86_64/sysroot/usr/lib/aarch64-linux-android -LC:/Users/Lenovo/AppData/Local/Android/Sdk/ndk/25.1.8937393/toolchains/llvm/prebuilt/windows-x86_64/sysroot/usr/lib --build-id=sha1 --no-rosegment --fatal-warnings --gc-sections --no-undefined --gc-sections CMakeFiles/cmTC_d9eed.dir/OpenMPTryFlag.cpp.o -latomic -lm -Bstatic -lc++ -Bdynamic -lm -lomp C:/Users/Lenovo/AppData/Local/Android/Sdk/ndk/25.1.8937393/toolchains/llvm/prebuilt/windows-x86_64/lib64/clang/14.0.6/lib/linux/libclang_rt.builtins-aarch64-android.a -l:libunwind.a -ldl -lc C:/Users/Lenovo/AppData/Local/Android/Sdk/ndk/25.1.8937393/toolchains/llvm/prebuilt/windows-x86_64/lib64/clang/14.0.6/lib/linux/libclang_rt.builtins-aarch64-android.a -l:libunwind.a -ldl C:/Users/Lenovo/AppData/Local/Android/Sdk/ndk/25.1.8937393/toolchains/llvm/prebuilt/windows-x86_64/sysroot/usr/lib/aarch64-linux-android/24/crtend_android.o


Parsed CXX OpenMP implicit link information from above output:
  link line regex: [^( *|.*[/\])(CMAKE_LINKER-NOTFOUND|CMAKE_LINK_STARTFILE-NOTFOUND|([^/\]+-)?ld|collect2)[^/\]*( |$)]
  ignore line: [Change Dir: E:/Documents/Desktop/NCNN/ncnn-android-yolov5-fruit/app/.cxx/cmake/debug/arm64-v8a/CMakeFiles/CMakeTmp]
  ignore line: []
  ignore line: [Run Build Command:"C:\Users\Lenovo\AppData\Local\Android\Sdk\cmake\3.10.2.4988404\bin\ninja.exe" "cmTC_d9eed"]
  ignore line: [[1/2] Building CXX object CMakeFiles/cmTC_d9eed.dir/OpenMPTryFlag.cpp.o]
  ignore line: [Android (8490178, based on r450784d) clang version 14.0.6 (https://android.googlesource.com/toolchain/llvm-project 4c603efb0cca074e9238af8b4106c30add4418f6)]
  ignore line: [Target: aarch64-none-linux-android24]
  ignore line: [Thread model: posix]
  ignore line: [InstalledDir: C:/Users/Lenovo/AppData/Local/Android/Sdk/ndk/25.1.8937393/toolchains/llvm/prebuilt/windows-x86_64/bin]
  ignore line: [Found CUDA installation: C:/Program Files/NVIDIA GPU Computing Toolkit/CUDA/v11.1, version 11.1]
  ignore line: [ (in-process)]
  ignore line: [ "C:/Users/Lenovo/AppData/Local/Android/Sdk/ndk/25.1.8937393/toolchains/llvm/prebuilt/windows-x86_64/bin/clang++.exe" -cc1 -triple aarch64-none-linux-android24 -emit-obj -mrelax-all --mrelax-relocations -disable-free -clear-ast-before-backend -disable-llvm-verifier -discard-value-names -main-file-name OpenMPTryFlag.cpp -mrelocation-model pic -pic-level 2 -pic-is-pie -mframe-pointer=non-leaf -ffp-contract=on -fno-rounding-math -mconstructor-aliases -funwind-tables=2 -target-cpu generic -target-feature +neon -target-feature +v8a -target-feature +fix-cortex-a53-835769 -target-abi aapcs -fallow-half-arguments-and-returns -mllvm -treat-scalable-fixed-error-as-warning -debug-info-kind=constructor -dwarf-version=4 -debugger-tuning=gdb -v -ffunction-sections -fdata-sections -fcoverage-compilation-dir=E:/Documents/Desktop/NCNN/ncnn-android-yolov5-fruit/app/.cxx/cmake/debug/arm64-v8a/CMakeFiles/CMakeTmp -resource-dir C:/Users/Lenovo/AppData/Local/Android/Sdk/ndk/25.1.8937393/toolchains/llvm/prebuilt/windows-x86_64/lib64/clang/14.0.6 -D ANDROID -D _FORTIFY_SOURCE=2 -isysroot C:/Users/Lenovo/AppData/Local/Android/Sdk/ndk/25.1.8937393/toolchains/llvm/prebuilt/windows-x86_64/sysroot -internal-isystem C:/Users/Lenovo/AppData/Local/Android/Sdk/ndk/25.1.8937393/toolchains/llvm/prebuilt/windows-x86_64/sysroot/usr/include/c++/v1 -internal-isystem C:/Users/Lenovo/AppData/Local/Android/Sdk/ndk/25.1.8937393/toolchains/llvm/prebuilt/windows-x86_64/lib64/clang/14.0.6/include -internal-isystem C:/Users/Lenovo/AppData/Local/Android/Sdk/ndk/25.1.8937393/toolchains/llvm/prebuilt/windows-x86_64/sysroot/usr/local/include -internal-externc-isystem C:/Users/Lenovo/AppData/Local/Android/Sdk/ndk/25.1.8937393/toolchains/llvm/prebuilt/windows-x86_64/sysroot/usr/include/aarch64-linux-android -internal-externc-isystem C:/Users/Lenovo/AppData/Local/Android/Sdk/ndk/25.1.8937393/toolchains/llvm/prebuilt/windows-x86_64/sysroot/include -internal-externc-isystem C:/Users/Lenovo/AppData/Local/Android/Sdk/ndk/25.1.8937393/toolchains/llvm/prebuilt/windows-x86_64/sysroot/usr/include -Wformat -Werror=format-security -fdeprecated-macro -fdebug-compilation-dir=E:/Documents/Desktop/NCNN/ncnn-android-yolov5-fruit/app/.cxx/cmake/debug/arm64-v8a/CMakeFiles/CMakeTmp -ferror-limit 19 -fopenmp -fopenmp-target-new-runtime -stack-protector 2 -fno-signed-char -fgnuc-version=4.2.1 -fcxx-exceptions -fexceptions -target-feature +outline-atomics -D__GCC_HAVE_DWARF2_CFI_ASM=1 -o CMakeFiles/cmTC_d9eed.dir/OpenMPTryFlag.cpp.o -x c++ E:/Documents/Desktop/NCNN/ncnn-android-yolov5-fruit/app/.cxx/cmake/debug/arm64-v8a/CMakeFiles/FindOpenMP/OpenMPTryFlag.cpp]
  ignore line: [clang -cc1 version 14.0.6 based upon LLVM 14.0.6git default target x86_64-w64-windows-gnu]
  ignore line: [ignoring nonexistent directory "C:/Users/Lenovo/AppData/Local/Android/Sdk/ndk/25.1.8937393/toolchains/llvm/prebuilt/windows-x86_64/sysroot/include"]
  ignore line: [#include "..." search starts here:]
  ignore line: [#include <...> search starts here:]
  ignore line: [ C:/Users/Lenovo/AppData/Local/Android/Sdk/ndk/25.1.8937393/toolchains/llvm/prebuilt/windows-x86_64/sysroot/usr/include/c++/v1]
  ignore line: [ C:/Users/Lenovo/AppData/Local/Android/Sdk/ndk/25.1.8937393/toolchains/llvm/prebuilt/windows-x86_64/lib64/clang/14.0.6/include]
  ignore line: [ C:/Users/Lenovo/AppData/Local/Android/Sdk/ndk/25.1.8937393/toolchains/llvm/prebuilt/windows-x86_64/sysroot/usr/local/include]
  ignore line: [ C:/Users/Lenovo/AppData/Local/Android/Sdk/ndk/25.1.8937393/toolchains/llvm/prebuilt/windows-x86_64/sysroot/usr/include/aarch64-linux-android]
  ignore line: [ C:/Users/Lenovo/AppData/Local/Android/Sdk/ndk/25.1.8937393/toolchains/llvm/prebuilt/windows-x86_64/sysroot/usr/include]
  ignore line: [End of search list.]
  ignore line: [[2/2] Linking CXX executable cmTC_d9eed]
  ignore line: []
  ignore line: [E:\Documents\Desktop\NCNN\ncnn-android-yolov5-fruit\app\.cxx\cmake\debug\arm64-v8a\CMakeFiles\CMakeTmp>set http_proxy=http://127.0.0.1:7890 ]
  ignore line: []
  ignore line: [E:\Documents\Desktop\NCNN\ncnn-android-yolov5-fruit\app\.cxx\cmake\debug\arm64-v8a\CMakeFiles\CMakeTmp>set https_proxy=http://127.0.0.1:7890 ]
  ignore line: []
  ignore line: [E:\Documents\Desktop\NCNN\ncnn-android-yolov5-fruit\app\.cxx\cmake\debug\arm64-v8a\CMakeFiles\CMakeTmp>cls]
  ignore line: [Android (8490178, based on r450784d) clang version 14.0.6 (https://android.googlesource.com/toolchain/llvm-project 4c603efb0cca074e9238af8b4106c30add4418f6)]
  ignore line: [Target: aarch64-none-linux-android24]
  ignore line: [Thread model: posix]
  ignore line: [InstalledDir: C:/Users/Lenovo/AppData/Local/Android/Sdk/ndk/25.1.8937393/toolchains/llvm/prebuilt/windows-x86_64/bin]
  ignore line: [Found CUDA installation: C:/Program Files/NVIDIA GPU Computing Toolkit/CUDA/v11.1, version 11.1]
  link line: [ "C:/Users/Lenovo/AppData/Local/Android/Sdk/ndk/25.1.8937393/toolchains/llvm/prebuilt/windows-x86_64/bin/ld" --sysroot=C:/Users/Lenovo/AppData/Local/Android/Sdk/ndk/25.1.8937393/toolchains/llvm/prebuilt/windows-x86_64/sysroot -pie -EL --fix-cortex-a53-843419 --warn-shared-textrel -z now -z relro -z max-page-size=4096 --hash-style=gnu --enable-new-dtags --eh-frame-hdr -m aarch64linux -dynamic-linker /system/bin/linker64 -o cmTC_d9eed C:/Users/Lenovo/AppData/Local/Android/Sdk/ndk/25.1.8937393/toolchains/llvm/prebuilt/windows-x86_64/sysroot/usr/lib/aarch64-linux-android/24/crtbegin_dynamic.o -LC:/Users/Lenovo/AppData/Local/Android/Sdk/ndk/25.1.8937393/toolchains/llvm/prebuilt/windows-x86_64/lib64/clang/14.0.6/lib/linux/aarch64 -LC:/Users/Lenovo/AppData/Local/Android/Sdk/ndk/25.1.8937393/toolchains/llvm/prebuilt/windows-x86_64/sysroot/usr/lib/aarch64-linux-android/24 -LC:/Users/Lenovo/AppData/Local/Android/Sdk/ndk/25.1.8937393/toolchains/llvm/prebuilt/windows-x86_64/sysroot/usr/lib/aarch64-linux-android -LC:/Users/Lenovo/AppData/Local/Android/Sdk/ndk/25.1.8937393/toolchains/llvm/prebuilt/windows-x86_64/sysroot/usr/lib --build-id=sha1 --no-rosegment --fatal-warnings --gc-sections --no-undefined --gc-sections CMakeFiles/cmTC_d9eed.dir/OpenMPTryFlag.cpp.o -latomic -lm -Bstatic -lc++ -Bdynamic -lm -lomp C:/Users/Lenovo/AppData/Local/Android/Sdk/ndk/25.1.8937393/toolchains/llvm/prebuilt/windows-x86_64/lib64/clang/14.0.6/lib/linux/libclang_rt.builtins-aarch64-android.a -l:libunwind.a -ldl -lc C:/Users/Lenovo/AppData/Local/Android/Sdk/ndk/25.1.8937393/toolchains/llvm/prebuilt/windows-x86_64/lib64/clang/14.0.6/lib/linux/libclang_rt.builtins-aarch64-android.a -l:libunwind.a -ldl C:/Users/Lenovo/AppData/Local/Android/Sdk/ndk/25.1.8937393/toolchains/llvm/prebuilt/windows-x86_64/sysroot/usr/lib/aarch64-linux-android/24/crtend_android.o]
    arg [C:/Users/Lenovo/AppData/Local/Android/Sdk/ndk/25.1.8937393/toolchains/llvm/prebuilt/windows-x86_64/bin/ld] ==> ignore
    arg [--sysroot=C:/Users/Lenovo/AppData/Local/Android/Sdk/ndk/25.1.8937393/toolchains/llvm/prebuilt/windows-x86_64/sysroot] ==> ignore
    arg [-pie] ==> ignore
    arg [-EL] ==> ignore
    arg [--fix-cortex-a53-843419] ==> ignore
    arg [--warn-shared-textrel] ==> ignore
    arg [-znow] ==> ignore
    arg [-zrelro] ==> ignore
    arg [-zmax-page-size=4096] ==> ignore
    arg [--hash-style=gnu] ==> ignore
    arg [--enable-new-dtags] ==> ignore
    arg [--eh-frame-hdr] ==> ignore
    arg [-m] ==> ignore
    arg [aarch64linux] ==> ignore
    arg [-dynamic-linker] ==> ignore
    arg [/system/bin/linker64] ==> ignore
    arg [-o] ==> ignore
    arg [cmTC_d9eed] ==> ignore
    arg [C:/Users/Lenovo/AppData/Local/Android/Sdk/ndk/25.1.8937393/toolchains/llvm/prebuilt/windows-x86_64/sysroot/usr/lib/aarch64-linux-android/24/crtbegin_dynamic.o] ==> ignore
    arg [-LC:/Users/Lenovo/AppData/Local/Android/Sdk/ndk/25.1.8937393/toolchains/llvm/prebuilt/windows-x86_64/lib64/clang/14.0.6/lib/linux/aarch64] ==> dir [C:/Users/Lenovo/AppData/Local/Android/Sdk/ndk/25.1.8937393/toolchains/llvm/prebuilt/windows-x86_64/lib64/clang/14.0.6/lib/linux/aarch64]
    arg [-LC:/Users/Lenovo/AppData/Local/Android/Sdk/ndk/25.1.8937393/toolchains/llvm/prebuilt/windows-x86_64/sysroot/usr/lib/aarch64-linux-android/24] ==> dir [C:/Users/Lenovo/AppData/Local/Android/Sdk/ndk/25.1.8937393/toolchains/llvm/prebuilt/windows-x86_64/sysroot/usr/lib/aarch64-linux-android/24]
    arg [-LC:/Users/Lenovo/AppData/Local/Android/Sdk/ndk/25.1.8937393/toolchains/llvm/prebuilt/windows-x86_64/sysroot/usr/lib/aarch64-linux-android] ==> dir [C:/Users/Lenovo/AppData/Local/Android/Sdk/ndk/25.1.8937393/toolchains/llvm/prebuilt/windows-x86_64/sysroot/usr/lib/aarch64-linux-android]
    arg [-LC:/Users/Lenovo/AppData/Local/Android/Sdk/ndk/25.1.8937393/toolchains/llvm/prebuilt/windows-x86_64/sysroot/usr/lib] ==> dir [C:/Users/Lenovo/AppData/Local/Android/Sdk/ndk/25.1.8937393/toolchains/llvm/prebuilt/windows-x86_64/sysroot/usr/lib]
    arg [--build-id=sha1] ==> ignore
    arg [--no-rosegment] ==> ignore
    arg [--fatal-warnings] ==> ignore
    arg [--gc-sections] ==> ignore
    arg [--no-undefined] ==> ignore
    arg [--gc-sections] ==> ignore
    arg [CMakeFiles/cmTC_d9eed.dir/OpenMPTryFlag.cpp.o] ==> ignore
    arg [-latomic] ==> lib [atomic]
    arg [-lm] ==> lib [m]
    arg [-Bstatic] ==> ignore
    arg [-lc++] ==> lib [c++]
    arg [-Bdynamic] ==> ignore
    arg [-lm] ==> lib [m]
    arg [-lomp] ==> lib [omp]
    arg [C:/Users/Lenovo/AppData/Local/Android/Sdk/ndk/25.1.8937393/toolchains/llvm/prebuilt/windows-x86_64/lib64/clang/14.0.6/lib/linux/libclang_rt.builtins-aarch64-android.a] ==> lib [C:/Users/Lenovo/AppData/Local/Android/Sdk/ndk/25.1.8937393/toolchains/llvm/prebuilt/windows-x86_64/lib64/clang/14.0.6/lib/linux/libclang_rt.builtins-aarch64-android.a]
    arg [-l:libunwind.a] ==> lib [-l:libunwind.a]
    arg [-ldl] ==> lib [dl]
    arg [-lc] ==> lib [c]
    arg [C:/Users/Lenovo/AppData/Local/Android/Sdk/ndk/25.1.8937393/toolchains/llvm/prebuilt/windows-x86_64/lib64/clang/14.0.6/lib/linux/libclang_rt.builtins-aarch64-android.a] ==> lib [C:/Users/Lenovo/AppData/Local/Android/Sdk/ndk/25.1.8937393/toolchains/llvm/prebuilt/windows-x86_64/lib64/clang/14.0.6/lib/linux/libclang_rt.builtins-aarch64-android.a]
    arg [-l:libunwind.a] ==> lib [-l:libunwind.a]
    arg [-ldl] ==> lib [dl]
    arg [C:/Users/Lenovo/AppData/Local/Android/Sdk/ndk/25.1.8937393/toolchains/llvm/prebuilt/windows-x86_64/sysroot/usr/lib/aarch64-linux-android/24/crtend_android.o] ==> ignore
  remove lib [C:/Users/Lenovo/AppData/Local/Android/Sdk/ndk/25.1.8937393/toolchains/llvm/prebuilt/windows-x86_64/lib64/clang/14.0.6/lib/linux/libclang_rt.builtins-aarch64-android.a]
  remove lib [C:/Users/Lenovo/AppData/Local/Android/Sdk/ndk/25.1.8937393/toolchains/llvm/prebuilt/windows-x86_64/lib64/clang/14.0.6/lib/linux/libclang_rt.builtins-aarch64-android.a]
  collapse library dir [C:/Users/Lenovo/AppData/Local/Android/Sdk/ndk/25.1.8937393/toolchains/llvm/prebuilt/windows-x86_64/lib64/clang/14.0.6/lib/linux/aarch64] ==> [C:/Users/Lenovo/AppData/Local/Android/Sdk/ndk/25.1.8937393/toolchains/llvm/prebuilt/windows-x86_64/lib64/clang/14.0.6/lib/linux/aarch64]
  collapse library dir [C:/Users/Lenovo/AppData/Local/Android/Sdk/ndk/25.1.8937393/toolchains/llvm/prebuilt/windows-x86_64/sysroot/usr/lib/aarch64-linux-android/24] ==> [C:/Users/Lenovo/AppData/Local/Android/Sdk/ndk/25.1.8937393/toolchains/llvm/prebuilt/windows-x86_64/sysroot/usr/lib/aarch64-linux-android/24]
  collapse library dir [C:/Users/Lenovo/AppData/Local/Android/Sdk/ndk/25.1.8937393/toolchains/llvm/prebuilt/windows-x86_64/sysroot/usr/lib/aarch64-linux-android] ==> [C:/Users/Lenovo/AppData/Local/Android/Sdk/ndk/25.1.8937393/toolchains/llvm/prebuilt/windows-x86_64/sysroot/usr/lib/aarch64-linux-android]
  collapse library dir [C:/Users/Lenovo/AppData/Local/Android/Sdk/ndk/25.1.8937393/toolchains/llvm/prebuilt/windows-x86_64/sysroot/usr/lib] ==> [C:/Users/Lenovo/AppData/Local/Android/Sdk/ndk/25.1.8937393/toolchains/llvm/prebuilt/windows-x86_64/sysroot/usr/lib]
  implicit libs: [atomic;m;c++;m;omp;-l:libunwind.a;dl;c;-l:libunwind.a;dl]
  implicit dirs: [C:/Users/Lenovo/AppData/Local/Android/Sdk/ndk/25.1.8937393/toolchains/llvm/prebuilt/windows-x86_64/lib64/clang/14.0.6/lib/linux/aarch64;C:/Users/Lenovo/AppData/Local/Android/Sdk/ndk/25.1.8937393/toolchains/llvm/prebuilt/windows-x86_64/sysroot/usr/lib/aarch64-linux-android/24;C:/Users/Lenovo/AppData/Local/Android/Sdk/ndk/25.1.8937393/toolchains/llvm/prebuilt/windows-x86_64/sysroot/usr/lib/aarch64-linux-android;C:/Users/Lenovo/AppData/Local/Android/Sdk/ndk/25.1.8937393/toolchains/llvm/prebuilt/windows-x86_64/sysroot/usr/lib]
  implicit fwks: []


Determining if the include file pthread.h exists passed with the following output:
Change Dir: E:/Documents/Desktop/NCNN/ncnn-android-yolov5-fruit/app/.cxx/cmake/debug/arm64-v8a/CMakeFiles/CMakeTmp

Run Build Command:"C:\Users\Lenovo\AppData\Local\Android\Sdk\cmake\3.10.2.4988404\bin\ninja.exe" "cmTC_67343"
[1/2] Building C object CMakeFiles/cmTC_67343.dir/CheckIncludeFile.c.o
[2/2] Linking C executable cmTC_67343

E:\Documents\Desktop\NCNN\ncnn-android-yolov5-fruit\app\.cxx\cmake\debug\arm64-v8a\CMakeFiles\CMakeTmp>set http_proxy=http://127.0.0.1:7890 

E:\Documents\Desktop\NCNN\ncnn-android-yolov5-fruit\app\.cxx\cmake\debug\arm64-v8a\CMakeFiles\CMakeTmp>set https_proxy=http://127.0.0.1:7890 

E:\Documents\Desktop\NCNN\ncnn-android-yolov5-fruit\app\.cxx\cmake\debug\arm64-v8a\CMakeFiles\CMakeTmp>cls



Determining if the pthread_create exist passed with the following output:
Change Dir: E:/Documents/Desktop/NCNN/ncnn-android-yolov5-fruit/app/.cxx/cmake/debug/arm64-v8a/CMakeFiles/CMakeTmp

Run Build Command:"C:\Users\Lenovo\AppData\Local\Android\Sdk\cmake\3.10.2.4988404\bin\ninja.exe" "cmTC_f493f"
[1/2] Building C object CMakeFiles/cmTC_f493f.dir/CheckSymbolExists.c.o
[2/2] Linking C executable cmTC_f493f

E:\Documents\Desktop\NCNN\ncnn-android-yolov5-fruit\app\.cxx\cmake\debug\arm64-v8a\CMakeFiles\CMakeTmp>set http_proxy=http://127.0.0.1:7890 

E:\Documents\Desktop\NCNN\ncnn-android-yolov5-fruit\app\.cxx\cmake\debug\arm64-v8a\CMakeFiles\CMakeTmp>set https_proxy=http://127.0.0.1:7890 

E:\Documents\Desktop\NCNN\ncnn-android-yolov5-fruit\app\.cxx\cmake\debug\arm64-v8a\CMakeFiles\CMakeTmp>cls


File E:/Documents/Desktop/NCNN/ncnn-android-yolov5-fruit/app/.cxx/cmake/debug/arm64-v8a/CMakeFiles/CMakeTmp/CheckSymbolExists.c:
/* */
#include <pthread.h>

int main(int argc, char** argv)
{
  (void)argv;
#ifndef pthread_create
  return ((int*)(&pthread_create))[argc];
#else
  (void)argc;
  return 0;
#endif
}

